bushtrain460615@Bushtrain460615 00-Showcase % haxe /Users/bushtrain460615/Downloads/hxWidgets-master/samples/00-Showcase/build-static.hxml
wxWidgets version detected as 3.2.1
haxelib run hxcpp Build.xml haxe -DABI="-MD" -DHXCPP_M64="1" -DNO_PRECOMPILED_HEADERS="1" -DPLATFORM_MAC="1" -DWXSTATIC="1" -Dhaxe="4.2.5" -Dhaxe3="1" -Dhaxe4="1" -Dhaxe_ver="4.205" -DhxWidgets="1.9.0" -Dhxcpp="4.2.1" -Dhxcpp_api_level="400" -Dhxcpp_smart_strings="1" -Dsource_header="Generated by Haxe 4.2.5" -Dstatic="1" -Dtarget.name="cpp" -Dtarget.static="true" -Dtarget.sys="true" -Dtarget.threaded="true" -Dtarget.unicode="true" -Dtarget.utf16="true" -Dutf16="1" -DwxMAJOR_VERSION="3" -DwxMINOR_VERSION="2" -DwxRELEASE_NUMBER="1" -DwxWidgetsVersion="3.2.1" -I"src/" -I"/usr/local/lib/haxe/lib/hxcpp/4,2,1/" -I"/usr/local/lib/haxe/lib/hxWidgets/git/src/" -I"" -I"/usr/local/lib/haxe/extraLibs/" -I"/usr/local/share/haxe/extraLibs/" -I"/usr/local/bin/extraLibs/" -I"/usr/local/lib/haxe/std/cpp/_std/" -I"/usr/local/share/haxe/std/cpp/_std/" -I"/usr/local/bin/std/cpp/_std/" -I"/usr/local/lib/haxe/std/" -I"/usr/local/share/haxe/std/" -I"/usr/local/bin/std/"
Link: Main
ld: warning: ignoring file /opt/homebrew/lib/libwx_osx_cocoau_html-3.2.dylib, building for macOS-x86_64 but attempting to link with file built for macOS-arm64
ld: warning: ignoring file /opt/homebrew/lib/libwx_osx_cocoau_propgrid-3.2.dylib, building for macOS-x86_64 but attempting to link with file built for macOS-arm64
ld: warning: ignoring file /opt/homebrew/lib/libwx_osx_cocoau_xrc-3.2.dylib, building for macOS-x86_64 but attempting to link with file built for macOS-arm64
ld: warning: ignoring file /opt/homebrew/lib/libwx_osx_cocoau_core-3.2.dylib, building for macOS-x86_64 but attempting to link with file built for macOS-arm64
ld: warning: ignoring file /opt/homebrew/lib/libwx_baseu_net-3.2.dylib, building for macOS-x86_64 but attempting to link with file built for macOS-arm64
ld: warning: ignoring file /opt/homebrew/lib/libwx_baseu_xml-3.2.dylib, building for macOS-x86_64 but attempting to link with file built for macOS-arm64ld: warning: ignoring file /opt/homebrew/lib/libwx_baseu-3.2.dylib, building for macOS-x86_64 but attempting to link with file built for macOS-arm64

ld: warning: ignoring file /opt/homebrew/lib/libwx_osx_cocoau_gl-3.2.dylib, building for macOS-x86_64 but attempting to link with file built for macOS-arm64
ld: warning: ignoring file /opt/homebrew/lib/libwx_osx_cocoau_qa-3.2.dylib, building for macOS-x86_64 but attempting to link with file built for macOS-arm64
Undefined symbols for architecture x86_64:
  "wxOnAssert(char const*, int, char const*, char const*, wchar_t const*)", referenced from:
      hx::widgets::ArrayString_obj::item(int) in edf3cd3c_ArrayString.o
      wxNavigationEnabled<wxWindow>::wxNavigationEnabled() in edf3cd3c_Panel.o
      wxNavigationEnabled<wxWindow>::wxNavigationEnabled() in edf3cd3c_ScrolledWindow.o
      hx::widgets::CloseEvent_obj::veto(hx::Null<bool>) in edf3cd3c_CloseEvent.o
      hx::widgets::__CloseEvent_objveto(hx::Object*, Dynamic const&) in edf3cd3c_CloseEvent.o
      hx::widgets::BoxSizer_obj::__construct(cpp::Struct<wxOrientation, cpp::EnumHandler>) in edf3cd3c_BoxSizer.o
      wxNavigationEnabled<wxListCtrlBase>::wxNavigationEnabled() in edf3cd3c_ListView.o
      ...
  "wxOnAssert(char const*, int, char const*, char const*, char const*)", referenced from:
      wxEventFunctorMethod<wxEventTypeTag<wxNavigationKeyEvent>, wxNavigationEnabled<wxWindow>, wxNavigationKeyEvent, wxNavigationEnabled<wxWindow> >::operator()(wxEvtHandler*, wxEvent&) in edf3cd3c_Panel.o
      wxEventFunctorMethod<wxEventTypeTag<wxFocusEvent>, wxNavigationEnabled<wxWindow>, wxFocusEvent, wxNavigationEnabled<wxWindow> >::operator()(wxEvtHandler*, wxEvent&) in edf3cd3c_Panel.o
      wxEventFunctorMethod<wxEventTypeTag<wxChildFocusEvent>, wxNavigationEnabled<wxWindow>, wxChildFocusEvent, wxNavigationEnabled<wxWindow> >::operator()(wxEvtHandler*, wxEvent&) in edf3cd3c_Panel.o
      wxEventFunctorMethod<wxEventTypeTag<wxNavigationKeyEvent>, wxNavigationEnabled<wxWindow>, wxNavigationKeyEvent, wxNavigationEnabled<wxWindow> >::operator()(wxEvtHandler*, wxEvent&) in edf3cd3c_ScrolledWindow.o
      wxEventFunctorMethod<wxEventTypeTag<wxFocusEvent>, wxNavigationEnabled<wxWindow>, wxFocusEvent, wxNavigationEnabled<wxWindow> >::operator()(wxEvtHandler*, wxEvent&) in edf3cd3c_ScrolledWindow.o
      wxEventFunctorMethod<wxEventTypeTag<wxChildFocusEvent>, wxNavigationEnabled<wxWindow>, wxChildFocusEvent, wxNavigationEnabled<wxWindow> >::operator()(wxEvtHandler*, wxEvent&) in edf3cd3c_ScrolledWindow.o
      wxEventFunctorMethod<wxEventTypeTag<wxNavigationKeyEvent>, wxNavigationEnabled<wxListCtrlBase>, wxNavigationKeyEvent, wxNavigationEnabled<wxListCtrlBase> >::operator()(wxEvtHandler*, wxEvent&) in edf3cd3c_ListView.o
      ...
  "wxEntryStart(int&, char**)", referenced from:
      wx::widgets::Entry_obj::start(Array<String>) in 0fe2c9ec_Entry.o
  "wxEntryCleanup()", referenced from:
      wx::widgets::Entry_obj::cleanup() in 0fe2c9ec_Entry.o
      wx::widgets::__Entry_objcleanup() in 0fe2c9ec_Entry.o
  "wxGet_wxConvLibcPtr()", referenced from:
      wxString::wxString(char const*) in edf3cd3c_Control.o
      wxString::wxString(char const*) in edf3cd3c_ArrayString.o
      wxString::wxString(char const*) in edf3cd3c_ComboBox.o
      wxString::wxString(char const*) in edf3cd3c_TopLevelWindow.o
      wxString::wxString(char const*) in edf3cd3c_MenuItem.o
  "wxInitAllImageHandlers()", referenced from:
      wx::widgets::Entry_obj::start(Array<String>) in 0fe2c9ec_Entry.o
  "wxCheckBox::Create(wxWindow*, int, wxString const&, wxPoint const&, wxSize const&, long, wxValidator const&, wxString const&)", referenced from:
      hx::widgets::CheckBox_obj::__construct(hx::ObjectPtr<hx::widgets::Window_obj>, String, hx::Null<int>, hx::Null<int>) in edf3cd3c_CheckBox.o
  "wxClientDC::wxClientDC(wxWindow*)", referenced from:
      hx::widgets::ClientDC_obj::__construct(hx::ObjectPtr<hx::widgets::Window_obj>) in edf3cd3c_ClientDC.o
      hx::widgets::ClientDC_obj::__Create(Array<Dynamic>) in edf3cd3c_ClientDC.o
      hx::widgets::ClientDC_obj::__new(hx::ObjectPtr<hx::widgets::Window_obj>) in edf3cd3c_ClientDC.o
      hx::widgets::ClientDC_obj::__alloc(hx::ImmixAllocator*, hx::ObjectPtr<hx::widgets::Window_obj>) in edf3cd3c_ClientDC.o
  "wxComboBox::Create(wxWindow*, int, wxString const&, wxPoint const&, wxSize const&, int, wxString const*, long, wxValidator const&, wxString const&)", referenced from:
      hx::widgets::ComboBox_obj::__construct(hx::ObjectPtr<hx::widgets::Window_obj>, String, hx::Null<int>, hx::Null<int>) in edf3cd3c_ComboBox.o
  "wxListBase::Init(wxKeyType)", referenced from:
      hx::widgets::Window_obj::get_children() in edf3cd3c_Window.o
      hx::widgets::BoxSizer_obj::__construct(cpp::Struct<wxOrientation, cpp::EnumHandler>) in edf3cd3c_BoxSizer.o
      wxMenuBase::wxMenuBase(wxString const&, long) in edf3cd3c_Menu.o
  "wxListBase::Clear()", referenced from:
      hx::widgets::Window_obj::get_children() in edf3cd3c_Window.o
  "wxListBase::DoCopy(wxListBase const&)", referenced from:
      hx::widgets::Window_obj::get_children() in edf3cd3c_Window.o
  "wxListBase::~wxListBase()", referenced from:
      hx::widgets::Window_obj::get_children() in edf3cd3c_Window.o
      wxWindowList::~wxWindowList() in edf3cd3c_Window.o
      wxWindowList::~wxWindowList() in edf3cd3c_Window.o
      wxSizerItemList::~wxSizerItemList() in edf3cd3c_BoxSizer.o
      wxSizerItemList::~wxSizerItemList() in edf3cd3c_BoxSizer.o
      wxMenuBase::wxMenuBase(wxString const&, long) in edf3cd3c_Menu.o
      wxMenuItemList::~wxMenuItemList() in edf3cd3c_Menu.o
      ...
  "wxMenuBase::Init(long)", referenced from:
      wxMenuBase::wxMenuBase(wxString const&, long) in edf3cd3c_Menu.o
  "wxMenuBase::~wxMenuBase()", referenced from:
      hx::widgets::Menu_obj::__construct(String, hx::Null<int>) in edf3cd3c_Menu.o
  "wxMenuItem::wxMenuItem(wxMenu*, int, wxString const&, wxString const&, wxItemKind, wxMenu*)", referenced from:
      hx::widgets::MenuItem_obj::__construct(hx::ObjectPtr<hx::widgets::Menu_obj>, String, cpp::Struct<wxItemKind, cpp::EnumHandler>, hx::Null<int>) in edf3cd3c_MenuItem.o
  "wxNodeBase::wxNodeBase(wxListBase*, wxNodeBase*, wxNodeBase*, void*, wxListKey const&)", referenced from:
      wxWindowList::CreateNode(wxNodeBase*, wxNodeBase*, void*, wxListKey const&) in edf3cd3c_Window.o
      wxSizerItemList::CreateNode(wxNodeBase*, wxNodeBase*, void*, wxListKey const&) in edf3cd3c_BoxSizer.o
      wxMenuItemList::CreateNode(wxNodeBase*, wxNodeBase*, void*, wxListKey const&) in edf3cd3c_Menu.o
  "wxNotebook::Create(wxWindow*, int, wxPoint const&, wxSize const&, long, wxString const&)", referenced from:
      hx::widgets::Notebook_obj::__construct(hx::ObjectPtr<hx::widgets::Window_obj>, hx::Null<int>, hx::Null<int>) in edf3cd3c_Notebook.o
  "wxStockGDI::GetBrush(wxStockGDI::Item)", referenced from:
      wx::widgets::StockBrushes_obj::__boot() in 0fe2c9ec_StockBrushes.o
  "wxTextAttr::Init()", referenced from:
      wxTextAttr::wxTextAttr() in edf3cd3c_TextCtrl.o
  "wxTextCtrl::Init()", referenced from:
      hx::widgets::TextCtrl_obj::__construct(hx::ObjectPtr<hx::widgets::Window_obj>, String, hx::Null<int>, hx::Null<int>) in edf3cd3c_TextCtrl.o
  "wxTextCtrl::Create(wxWindow*, int, wxString const&, wxPoint const&, wxSize const&, long, wxValidator const&, wxString const&)", referenced from:
      hx::widgets::TextCtrl_obj::__construct(hx::ObjectPtr<hx::widgets::Window_obj>, String, hx::Null<int>, hx::Null<int>) in edf3cd3c_TextCtrl.o
  "wxWindowDC::wxWindowDC(wxWindow*)", referenced from:
      hx::widgets::WindowDC_obj::__construct(hx::ObjectPtr<hx::widgets::Window_obj>) in edf3cd3c_WindowDC.o
      hx::widgets::WindowDC_obj::__Create(Array<Dynamic>) in edf3cd3c_WindowDC.o
      hx::widgets::WindowDC_obj::__new(hx::ObjectPtr<hx::widgets::Window_obj>) in edf3cd3c_WindowDC.o
      hx::widgets::WindowDC_obj::__alloc(hx::ImmixAllocator*, hx::ObjectPtr<hx::widgets::Window_obj>) in edf3cd3c_WindowDC.o
  "wxFrameBase::wxFrameBase()", referenced from:
      hx::widgets::Frame_obj::__construct(hx::ObjectPtr<hx::widgets::Window_obj>, String, hx::Null<int>, hx::Null<int>) in edf3cd3c_Frame.o
  "wxGridSizer::wxGridSizer(int, int, int)", referenced from:
      hx::widgets::GridSizer_obj::__construct(int, hx::Null<int>, hx::Null<int>) in edf3cd3c_GridSizer.o
      hx::widgets::GridSizer_obj::__Create(Array<Dynamic>) in edf3cd3c_GridSizer.o
      hx::widgets::GridSizer_obj::__new(int, hx::Null<int>, hx::Null<int>) in edf3cd3c_GridSizer.o
      hx::widgets::GridSizer_obj::__alloc(hx::ImmixAllocator*, int, hx::Null<int>, hx::Null<int>) in edf3cd3c_GridSizer.o
  "wxPanelBase::InitDialog()", referenced from:
      vtable for wxScrolled<wxPanel> in edf3cd3c_ScrolledWindow.o
      vtable for wxOwnerDrawnPanel in e5d20a70_wxownerdrawnpanel.o
  "wxPanelBase::Create(wxWindow*, int, wxPoint const&, wxSize const&, long, wxString const&)", referenced from:
      hx::widgets::Panel_obj::__construct(hx::ObjectPtr<hx::widgets::Window_obj>, hx::Null<int>, hx::Null<int>) in edf3cd3c_Panel.o
      hx::widgets::ScrolledWindow_obj::__construct(hx::ObjectPtr<hx::widgets::Window_obj>, hx::Null<int>, hx::Null<int>) in edf3cd3c_ScrolledWindow.o
      wxOwnerDrawnPanel::wxOwnerDrawnPanel(wxWindow*) in e5d20a70_wxownerdrawnpanel.o
  "wxScrollBar::ms_classInfo", referenced from:
      wxScrollHelperBase::ShouldScrollToChildOnFocus(wxWindow*) in edf3cd3c_ScrolledWindow.o
  "wxSizerItem::wxSizerItem(wxSizer*, int, int, int, wxObject*)", referenced from:
      hx::widgets::Sizer_obj::addSizer(hx::ObjectPtr<hx::widgets::Sizer_obj>, hx::Null<int>, hx::Null<int>, hx::Null<int>) in edf3cd3c_Sizer.o
      hx::widgets::__Sizer_objaddSizer(hx::Object*, Dynamic const&, Dynamic const&, Dynamic const&, Dynamic const&) in edf3cd3c_Sizer.o
      hx::widgets::Sizer_obj::insertSizer(int, hx::ObjectPtr<hx::widgets::Sizer_obj>, hx::Null<int>, hx::Null<int>, hx::Null<int>) in edf3cd3c_Sizer.o
      hx::widgets::__Sizer_objinsertSizer(hx::Object*, Dynamic const&, Dynamic const&, Dynamic const&, Dynamic const&, Dynamic const&) in edf3cd3c_Sizer.o
  "wxSizerItem::wxSizerItem(wxWindow*, int, int, int, wxObject*)", referenced from:
      hx::widgets::Sizer_obj::add(hx::ObjectPtr<hx::widgets::Window_obj>, hx::Null<int>, hx::Null<int>, hx::Null<int>) in edf3cd3c_Sizer.o
      hx::widgets::__Sizer_objadd(hx::Object*, Dynamic const&, Dynamic const&, Dynamic const&, Dynamic const&) in edf3cd3c_Sizer.o
      hx::widgets::Sizer_obj::insert(int, hx::ObjectPtr<hx::widgets::Window_obj>, hx::Null<int>, hx::Null<int>, hx::Null<int>) in edf3cd3c_Sizer.o
      hx::widgets::__Sizer_objinsert(hx::Object*, Dynamic const&, Dynamic const&, Dynamic const&, Dynamic const&, Dynamic const&) in edf3cd3c_Sizer.o
  "wxSizerItem::wxSizerItem(int, int, int, int, int, wxObject*)", referenced from:
      hx::widgets::Sizer_obj::addStretchSpacer() in edf3cd3c_Sizer.o
      hx::widgets::__Sizer_objaddStretchSpacer(hx::Object*) in edf3cd3c_Sizer.o
  "wxStaticBox::Create(wxWindow*, int, wxString const&, wxPoint const&, wxSize const&, long, wxString const&)", referenced from:
      hx::widgets::StaticBox_obj::__construct(hx::ObjectPtr<hx::widgets::Window_obj>, String, hx::Null<int>) in edf3cd3c_StaticBox.o
  "wxTextEntry::wxTextEntry()", referenced from:
      hx::widgets::ComboBox_obj::__construct(hx::ObjectPtr<hx::widgets::Window_obj>, String, hx::Null<int>, hx::Null<int>) in edf3cd3c_ComboBox.o
      wxTextCtrlBase::wxTextCtrlBase() in edf3cd3c_TextCtrl.o
  "wxTextEntry::~wxTextEntry()", referenced from:
      hx::widgets::TextCtrl_obj::__construct(hx::ObjectPtr<hx::widgets::Window_obj>, String, hx::Null<int>, hx::Null<int>) in edf3cd3c_TextCtrl.o
  "wxValidator::wxValidator()", referenced from:
      hx::widgets::Validator_obj::__construct(hx::Null<bool>) in edf3cd3c_Validator.o
      hx::widgets::Validator_obj::__Create(Array<Dynamic>) in edf3cd3c_Validator.o
      hx::widgets::Validator_obj::__new(hx::Null<bool>) in edf3cd3c_Validator.o
      hx::widgets::Validator_obj::__alloc(hx::ImmixAllocator*, hx::Null<bool>) in edf3cd3c_Validator.o
  "wxChoiceBase::~wxChoiceBase()", referenced from:
      hx::widgets::Choice_obj::__construct(hx::ObjectPtr<hx::widgets::Window_obj>, hx::Null<int>, hx::Null<int>) in edf3cd3c_Choice.o
  "wxColourData::wxColourData(wxColourData const&)", referenced from:
      hx::widgets::ColourDialog_obj::get_colourData() in edf3cd3c_ColourDialog.o
  "wxColourData::wxColourData()", referenced from:
      hx::widgets::ColourData_obj::createPointer() in edf3cd3c_ColourData.o
  "wxColourData::~wxColourData()", referenced from:
      hx::widgets::ColourDialog_obj::get_colourData() in edf3cd3c_ColourDialog.o
  "wxDialogBase::CreateSeparatedButtonSizer(long)", referenced from:
      hx::widgets::Dialog_obj::createSeparatedButtonSizer(int) in edf3cd3c_Dialog.o
      hx::widgets::__Dialog_objcreateSeparatedButtonSizer(hx::Object*, Dynamic const&) in edf3cd3c_Dialog.o
  "wxDialogBase::CreateStdDialogButtonSizer(long)", referenced from:
      hx::widgets::Dialog_obj::createStdDialogButtonSizer(int) in edf3cd3c_Dialog.o
      hx::widgets::__Dialog_objcreateStdDialogButtonSizer(hx::Object*, Dynamic const&) in edf3cd3c_Dialog.o
  "wxDialogBase::wxDialogBase()", referenced from:
      hx::widgets::Dialog_obj::__construct(hx::ObjectPtr<hx::widgets::Window_obj>, String, hx::Null<int>, hx::Null<int>) in edf3cd3c_Dialog.o
      wxPasswordEntryDialog::wxPasswordEntryDialog(wxWindow*, wxString const&, wxString const&, wxString const&, long, wxPoint const&) in edf3cd3c_PasswordEntryDialog.o
      wxSingleChoiceDialog::wxSingleChoiceDialog(wxWindow*, wxString const&, wxString const&, wxArrayString const&, void**, long, wxPoint const&) in edf3cd3c_SingleChoiceDialog.o
      wxTextEntryDialog::wxTextEntryDialog(wxWindow*, wxString const&, wxString const&, wxString const&, long, wxPoint const&) in edf3cd3c_TextEntryDialog.o
      wxFileDialogBase::wxFileDialogBase() in edf3cd3c_FileDialog.o
      wxMultiChoiceDialog::wxMultiChoiceDialog(wxWindow*, wxString const&, wxString const&, wxArrayString const&, long, wxPoint const&) in edf3cd3c_MultiChoiceDialog.o
  "wxEvtHandler::QueueEvent(wxEvent*)", referenced from:
      vtable for wxNavigationEnabled<wxWindow> in edf3cd3c_Panel.o
      vtable for wxScrolled<wxPanel> in edf3cd3c_ScrolledWindow.o
      vtable for wxNavigationEnabled<wxWindow> in edf3cd3c_ScrolledWindow.o
      vtable for wxNavigationEnabled<wxListCtrlBase> in edf3cd3c_ListView.o
      vtable for wxNavigationEnabled<wxListCtrlBase> in edf3cd3c_ListCtrl.o
      vtable for wxOwnerDrawnPanel in e5d20a70_wxownerdrawnpanel.o
      vtable for wxNavigationEnabled<wxWindow> in e5d20a70_wxownerdrawnpanel.o
      ...
  "wxEvtHandler::ProcessEvent(wxEvent&)", referenced from:
      vtable for wxNavigationEnabled<wxWindow> in edf3cd3c_Panel.o
      vtable for wxScrolled<wxPanel> in edf3cd3c_ScrolledWindow.o
      vtable for wxNavigationEnabled<wxWindow> in edf3cd3c_ScrolledWindow.o
      vtable for wxNavigationEnabled<wxListCtrlBase> in edf3cd3c_ListView.o
      vtable for wxNavigationEnabled<wxListCtrlBase> in edf3cd3c_ListCtrl.o
      vtable for wxOwnerDrawnPanel in e5d20a70_wxownerdrawnpanel.o
      vtable for wxNavigationEnabled<wxWindow> in e5d20a70_wxownerdrawnpanel.o
      ...
  "wxEvtHandler::DoSetClientData(void*)", referenced from:
      vtable for wxNavigationEnabled<wxWindow> in edf3cd3c_Panel.o
      vtable for wxScrolled<wxPanel> in edf3cd3c_ScrolledWindow.o
      vtable for wxNavigationEnabled<wxWindow> in edf3cd3c_ScrolledWindow.o
      vtable for wxNavigationEnabled<wxListCtrlBase> in edf3cd3c_ListView.o
      vtable for wxNavigationEnabled<wxListCtrlBase> in edf3cd3c_ListCtrl.o
      vtable for wxOwnerDrawnPanel in e5d20a70_wxownerdrawnpanel.o
      vtable for wxNavigationEnabled<wxWindow> in e5d20a70_wxownerdrawnpanel.o
      ...
  "wxEvtHandler::SearchEventTable(wxEventTable&, wxEvent&)", referenced from:
      vtable for wxNavigationEnabled<wxWindow> in edf3cd3c_Panel.o
      vtable for wxScrolled<wxPanel> in edf3cd3c_ScrolledWindow.o
      vtable for wxNavigationEnabled<wxWindow> in edf3cd3c_ScrolledWindow.o
      vtable for wxNavigationEnabled<wxListCtrlBase> in edf3cd3c_ListView.o
      vtable for wxNavigationEnabled<wxListCtrlBase> in edf3cd3c_ListCtrl.o
      vtable for wxOwnerDrawnPanel in e5d20a70_wxownerdrawnpanel.o
      vtable for wxNavigationEnabled<wxWindow> in e5d20a70_wxownerdrawnpanel.o
      ...
  "wxEvtHandler::DoSetClientObject(wxClientData*)", referenced from:
      vtable for wxNavigationEnabled<wxWindow> in edf3cd3c_Panel.o
      vtable for wxScrolled<wxPanel> in edf3cd3c_ScrolledWindow.o
      vtable for wxNavigationEnabled<wxWindow> in edf3cd3c_ScrolledWindow.o
      vtable for wxNavigationEnabled<wxListCtrlBase> in edf3cd3c_ListView.o
      vtable for wxNavigationEnabled<wxListCtrlBase> in edf3cd3c_ListCtrl.o
      vtable for wxOwnerDrawnPanel in e5d20a70_wxownerdrawnpanel.o
      vtable for wxNavigationEnabled<wxWindow> in e5d20a70_wxownerdrawnpanel.o
      ...
  "wxEvtHandler::WXReservedEvtHandler1(void*)", referenced from:
      vtable for wxNavigationEnabled<wxWindow> in edf3cd3c_Panel.o
      vtable for wxScrolled<wxPanel> in edf3cd3c_ScrolledWindow.o
      vtable for wxNavigationEnabled<wxWindow> in edf3cd3c_ScrolledWindow.o
      vtable for wxNavigationEnabled<wxListCtrlBase> in edf3cd3c_ListView.o
      vtable for wxNavigationEnabled<wxListCtrlBase> in edf3cd3c_ListCtrl.o
      vtable for wxOwnerDrawnPanel in e5d20a70_wxownerdrawnpanel.o
      vtable for wxNavigationEnabled<wxWindow> in e5d20a70_wxownerdrawnpanel.o
      ...
  "wxEvtHandler::WXReservedEvtHandler2(void*)", referenced from:
      vtable for wxNavigationEnabled<wxWindow> in edf3cd3c_Panel.o
      vtable for wxScrolled<wxPanel> in edf3cd3c_ScrolledWindow.o
      vtable for wxNavigationEnabled<wxWindow> in edf3cd3c_ScrolledWindow.o
      vtable for wxNavigationEnabled<wxListCtrlBase> in edf3cd3c_ListView.o
      vtable for wxNavigationEnabled<wxListCtrlBase> in edf3cd3c_ListCtrl.o
      vtable for wxOwnerDrawnPanel in e5d20a70_wxownerdrawnpanel.o
      vtable for wxNavigationEnabled<wxWindow> in e5d20a70_wxownerdrawnpanel.o
      ...
  "wxEvtHandler::DoBind(int, int, int, wxEventFunctor*, wxObject*)", referenced from:
      wxNavigationEnabled<wxWindow>::wxNavigationEnabled() in edf3cd3c_Panel.o
      wxNavigationEnabled<wxWindow>::wxNavigationEnabled() in edf3cd3c_ScrolledWindow.o
      wxNavigationEnabled<wxListCtrlBase>::wxNavigationEnabled() in edf3cd3c_ListView.o
      wxNavigationEnabled<wxListCtrlBase>::wxNavigationEnabled() in edf3cd3c_ListCtrl.o
      void wxEvtHandler::Bind<int, hx::widgets::EvtHandler_obj, wxEvent, hx::widgets::EvtHandler_obj>(int const&, void (hx::widgets::EvtHandler_obj::*)(wxEvent&), hx::widgets::EvtHandler_obj*, int, int, wxObject*) in edf3cd3c_EvtHandler.o
      wxOwnerDrawnPanel::wxOwnerDrawnPanel(wxWindow*) in e5d20a70_wxownerdrawnpanel.o
      wxNavigationEnabled<wxWindow>::wxNavigationEnabled() in e5d20a70_wxownerdrawnpanel.o
      ...
  "wxEvtHandler::DoUnbind(int, int, int, wxEventFunctor const&, wxObject*)", referenced from:
      bool wxEvtHandler::Unbind<int, hx::widgets::EvtHandler_obj, wxEvent, hx::widgets::EvtHandler_obj>(int const&, void (hx::widgets::EvtHandler_obj::*)(wxEvent&), hx::widgets::EvtHandler_obj*, int, int, wxObject*) in edf3cd3c_EvtHandler.o
  "wxEvtHandler::wxEvtHandler()", referenced from:
      wxMenuBase::wxMenuBase(wxString const&, long) in edf3cd3c_Menu.o
  "wxEvtHandler::~wxEvtHandler()", referenced from:
      wxMenuBase::wxMenuBase(wxString const&, long) in edf3cd3c_Menu.o
  "wxFileDialog::Init()", referenced from:
      wxFileDialog::wxFileDialog(wxWindow*, wxString const&, wxString const&, wxString const&, wxString const&, long, wxPoint const&, wxSize const&, wxString const&) in edf3cd3c_FileDialog.o
  "wxFileDialog::Create(wxWindow*, wxString const&, wxString const&, wxString const&, wxString const&, long, wxPoint const&, wxSize const&, wxString const&)", referenced from:
      wxFileDialog::wxFileDialog(wxWindow*, wxString const&, wxString const&, wxString const&, wxString const&, long, wxPoint const&, wxSize const&, wxString const&) in edf3cd3c_FileDialog.o
  "wxFontDialog::Create(wxWindow*)", referenced from:
      hx::widgets::FontDialog_obj::__construct(hx::ObjectPtr<hx::widgets::Window_obj>) in edf3cd3c_FontDialog.o
  "wxFontDialog::wxFontDialog()", referenced from:
      hx::widgets::FontDialog_obj::__construct(hx::ObjectPtr<hx::widgets::Window_obj>) in edf3cd3c_FontDialog.o
  "wxStaticText::Create(wxWindow*, int, wxString const&, wxPoint const&, wxSize const&, long, wxString const&)", referenced from:
      hx::widgets::StaticText_obj::__construct(hx::ObjectPtr<hx::widgets::Window_obj>, String, hx::Null<int>, hx::Null<int>) in edf3cd3c_StaticText.o
  "wxWindowBase::GetCapture()", referenced from:
      wxWindowBase::HasCapture() const in edf3cd3c_Panel.o
      wxWindowBase::HasCapture() const in edf3cd3c_ScrolledWindow.o
      wxWindowBase::HasCapture() const in edf3cd3c_ListView.o
      wxWindowBase::HasCapture() const in edf3cd3c_ListCtrl.o
      wxWindowBase::HasCapture() const in e5d20a70_wxownerdrawnpanel.o
  "wxWindowBase::InitDialog()", referenced from:
      vtable for wxNavigationEnabled<wxWindow> in edf3cd3c_Panel.o
      vtable for wxNavigationEnabled<wxWindow> in edf3cd3c_ScrolledWindow.o
      vtable for wxNavigationEnabled<wxListCtrlBase> in edf3cd3c_ListView.o
      vtable for wxNavigationEnabled<wxListCtrlBase> in edf3cd3c_ListCtrl.o
      vtable for wxNavigationEnabled<wxWindow> in e5d20a70_wxownerdrawnpanel.o
  "wxWindowBase::SetMaxSize(wxSize const&)", referenced from:
      vtable for wxNavigationEnabled<wxWindow> in edf3cd3c_Panel.o
      vtable for wxScrolled<wxPanel> in edf3cd3c_ScrolledWindow.o
      vtable for wxNavigationEnabled<wxWindow> in edf3cd3c_ScrolledWindow.o
      vtable for wxNavigationEnabled<wxListCtrlBase> in edf3cd3c_ListView.o
      vtable for wxNavigationEnabled<wxListCtrlBase> in edf3cd3c_ListCtrl.o
      vtable for wxOwnerDrawnPanel in e5d20a70_wxownerdrawnpanel.o
      vtable for wxNavigationEnabled<wxWindow> in e5d20a70_wxownerdrawnpanel.o
      ...
  "wxWindowBase::SetMinSize(wxSize const&)", referenced from:
      vtable for wxNavigationEnabled<wxWindow> in edf3cd3c_Panel.o
      vtable for wxScrolled<wxPanel> in edf3cd3c_ScrolledWindow.o
      vtable for wxNavigationEnabled<wxWindow> in edf3cd3c_ScrolledWindow.o
      vtable for wxNavigationEnabled<wxListCtrlBase> in edf3cd3c_ListView.o
      vtable for wxNavigationEnabled<wxListCtrlBase> in edf3cd3c_ListCtrl.o
      vtable for wxOwnerDrawnPanel in e5d20a70_wxownerdrawnpanel.o
      vtable for wxNavigationEnabled<wxWindow> in e5d20a70_wxownerdrawnpanel.o
      ...
  "wxWindowBase::CaptureMouse()", referenced from:
      hx::widgets::Window_obj::captureMouse() in edf3cd3c_Window.o
      hx::widgets::__Window_objcaptureMouse(hx::Object*) in edf3cd3c_Window.o
  "wxWindowBase::DoNavigateIn(int)", referenced from:
      vtable for wxNavigationEnabled<wxWindow> in edf3cd3c_Panel.o
      vtable for wxScrolled<wxPanel> in edf3cd3c_ScrolledWindow.o
      vtable for wxNavigationEnabled<wxWindow> in edf3cd3c_ScrolledWindow.o
      vtable for wxNavigationEnabled<wxListCtrlBase> in edf3cd3c_ListView.o
      vtable for wxNavigationEnabled<wxListCtrlBase> in edf3cd3c_ListCtrl.o
      vtable for wxOwnerDrawnPanel in e5d20a70_wxownerdrawnpanel.o
      vtable for wxNavigationEnabled<wxWindow> in e5d20a70_wxownerdrawnpanel.o
      ...
  "wxWindowBase::LayoutPhase1(int*)", referenced from:
      vtable for wxNavigationEnabled<wxWindow> in edf3cd3c_Panel.o
      vtable for wxScrolled<wxPanel> in edf3cd3c_ScrolledWindow.o
      vtable for wxNavigationEnabled<wxWindow> in edf3cd3c_ScrolledWindow.o
      vtable for wxNavigationEnabled<wxListCtrlBase> in edf3cd3c_ListView.o
      vtable for wxNavigationEnabled<wxListCtrlBase> in edf3cd3c_ListCtrl.o
      vtable for wxOwnerDrawnPanel in e5d20a70_wxownerdrawnpanel.o
      vtable for wxNavigationEnabled<wxWindow> in e5d20a70_wxownerdrawnpanel.o
      ...
  "wxWindowBase::LayoutPhase2(int*)", referenced from:
      vtable for wxNavigationEnabled<wxWindow> in edf3cd3c_Panel.o
      vtable for wxScrolled<wxPanel> in edf3cd3c_ScrolledWindow.o
      vtable for wxNavigationEnabled<wxWindow> in edf3cd3c_ScrolledWindow.o
      vtable for wxNavigationEnabled<wxListCtrlBase> in edf3cd3c_ListView.o
      vtable for wxNavigationEnabled<wxListCtrlBase> in edf3cd3c_ListCtrl.o
      vtable for wxOwnerDrawnPanel in e5d20a70_wxownerdrawnpanel.o
      vtable for wxNavigationEnabled<wxWindow> in e5d20a70_wxownerdrawnpanel.o
      ...
  "wxWindowBase::ReleaseMouse()", referenced from:
      hx::widgets::Window_obj::releaseMouse() in edf3cd3c_Window.o
      hx::widgets::__Window_objreleaseMouse(hx::Object*) in edf3cd3c_Window.o
  "wxWindowBase::SetValidator(wxValidator const&)", referenced from:
      vtable for wxNavigationEnabled<wxWindow> in edf3cd3c_Panel.o
      vtable for wxScrolled<wxPanel> in edf3cd3c_ScrolledWindow.o
      vtable for wxNavigationEnabled<wxWindow> in edf3cd3c_ScrolledWindow.o
      vtable for wxNavigationEnabled<wxListCtrlBase> in edf3cd3c_ListView.o
      vtable for wxNavigationEnabled<wxListCtrlBase> in edf3cd3c_ListCtrl.o
      vtable for wxOwnerDrawnPanel in e5d20a70_wxownerdrawnpanel.o
      vtable for wxNavigationEnabled<wxWindow> in e5d20a70_wxownerdrawnpanel.o
      ...
  "wxWindowBase::DoSetSizeHints(int, int, int, int, int, int)", referenced from:
      vtable for wxNavigationEnabled<wxWindow> in edf3cd3c_Panel.o
      vtable for wxScrolled<wxPanel> in edf3cd3c_ScrolledWindow.o
      vtable for wxNavigationEnabled<wxWindow> in edf3cd3c_ScrolledWindow.o
      vtable for wxNavigationEnabled<wxListCtrlBase> in edf3cd3c_ListView.o
      vtable for wxNavigationEnabled<wxListCtrlBase> in edf3cd3c_ListCtrl.o
      vtable for wxOwnerDrawnPanel in e5d20a70_wxownerdrawnpanel.o
      vtable for wxNavigationEnabled<wxWindow> in e5d20a70_wxownerdrawnpanel.o
      ...
  "wxWindowBase::MoveConstraint(int, int)", referenced from:
      vtable for wxNavigationEnabled<wxWindow> in edf3cd3c_Panel.o
      vtable for wxScrolled<wxPanel> in edf3cd3c_ScrolledWindow.o
      vtable for wxNavigationEnabled<wxWindow> in edf3cd3c_ScrolledWindow.o
      vtable for wxNavigationEnabled<wxListCtrlBase> in edf3cd3c_ListView.o
      vtable for wxNavigationEnabled<wxListCtrlBase> in edf3cd3c_ListCtrl.o
      vtable for wxOwnerDrawnPanel in e5d20a70_wxownerdrawnpanel.o
      vtable for wxNavigationEnabled<wxWindow> in e5d20a70_wxownerdrawnpanel.o
      ...
  "wxWindowBase::OnInternalIdle()", referenced from:
      vtable for wxNavigationEnabled<wxWindow> in edf3cd3c_Panel.o
      vtable for wxScrolled<wxPanel> in edf3cd3c_ScrolledWindow.o
      vtable for wxNavigationEnabled<wxWindow> in edf3cd3c_ScrolledWindow.o
      vtable for wxNavigationEnabled<wxListCtrlBase> in edf3cd3c_ListView.o
      vtable for wxNavigationEnabled<wxListCtrlBase> in edf3cd3c_ListCtrl.o
      vtable for wxOwnerDrawnPanel in e5d20a70_wxownerdrawnpanel.o
      vtable for wxNavigationEnabled<wxWindow> in e5d20a70_wxownerdrawnpanel.o
      ...
  "wxWindowBase::SendIdleEvents(wxIdleEvent&)", referenced from:
      vtable for wxNavigationEnabled<wxWindow> in edf3cd3c_Panel.o
      vtable for wxScrolled<wxPanel> in edf3cd3c_ScrolledWindow.o
      vtable for wxNavigationEnabled<wxWindow> in edf3cd3c_ScrolledWindow.o
      vtable for wxNavigationEnabled<wxListCtrlBase> in edf3cd3c_ListView.o
      vtable for wxNavigationEnabled<wxListCtrlBase> in edf3cd3c_ListCtrl.o
      vtable for wxOwnerDrawnPanel in e5d20a70_wxownerdrawnpanel.o
      vtable for wxNavigationEnabled<wxWindow> in e5d20a70_wxownerdrawnpanel.o
      ...
  "wxWindowBase::SetNextHandler(wxEvtHandler*)", referenced from:
      vtable for wxNavigationEnabled<wxWindow> in edf3cd3c_Panel.o
      vtable for wxScrolled<wxPanel> in edf3cd3c_ScrolledWindow.o
      vtable for wxNavigationEnabled<wxWindow> in edf3cd3c_ScrolledWindow.o
      vtable for wxNavigationEnabled<wxListCtrlBase> in edf3cd3c_ListView.o
      vtable for wxNavigationEnabled<wxListCtrlBase> in edf3cd3c_ListCtrl.o
      vtable for wxOwnerDrawnPanel in e5d20a70_wxownerdrawnpanel.o
      vtable for wxNavigationEnabled<wxWindow> in e5d20a70_wxownerdrawnpanel.o
      ...
  "wxWindowBase::SetSizerAndFit(wxSizer*, bool)", referenced from:
      hx::widgets::Window_obj::setSizerAndFit(hx::ObjectPtr<hx::widgets::Sizer_obj>, hx::Null<bool>) in edf3cd3c_Window.o
      hx::widgets::__Window_objsetSizerAndFit(hx::Object*, Dynamic const&, Dynamic const&) in edf3cd3c_Window.o
  "wxWindowBase::UpdateWindowUI(long)", referenced from:
      vtable for wxNavigationEnabled<wxWindow> in edf3cd3c_Panel.o
      vtable for wxScrolled<wxPanel> in edf3cd3c_ScrolledWindow.o
      vtable for wxNavigationEnabled<wxWindow> in edf3cd3c_ScrolledWindow.o
      vtable for wxNavigationEnabled<wxListCtrlBase> in edf3cd3c_ListView.o
      vtable for wxNavigationEnabled<wxListCtrlBase> in edf3cd3c_ListCtrl.o
      vtable for wxOwnerDrawnPanel in e5d20a70_wxownerdrawnpanel.o
      vtable for wxNavigationEnabled<wxWindow> in e5d20a70_wxownerdrawnpanel.o
      ...
  "wxWindowBase::DestroyChildren()", referenced from:
      hx::widgets::Window_obj::destroyChildren() in edf3cd3c_Window.o
      hx::widgets::__Window_objdestroyChildren(hx::Object*) in edf3cd3c_Window.o
  "wxWindowBase::DragAcceptFiles(bool)", referenced from:
      vtable for wxNavigationEnabled<wxWindow> in edf3cd3c_Panel.o
      vtable for wxScrolled<wxPanel> in edf3cd3c_ScrolledWindow.o
      vtable for wxNavigationEnabled<wxWindow> in edf3cd3c_ScrolledWindow.o
      vtable for wxNavigationEnabled<wxListCtrlBase> in edf3cd3c_ListView.o
      vtable for wxNavigationEnabled<wxListCtrlBase> in edf3cd3c_ListCtrl.o
      vtable for wxOwnerDrawnPanel in e5d20a70_wxownerdrawnpanel.o
      vtable for wxNavigationEnabled<wxWindow> in e5d20a70_wxownerdrawnpanel.o
      ...
  "wxWindowBase::DoMoveInTabOrder(wxWindow*, wxWindowBase::WindowOrder)", referenced from:
      vtable for wxNavigationEnabled<wxWindow> in edf3cd3c_Panel.o
      vtable for wxScrolled<wxPanel> in edf3cd3c_ScrolledWindow.o
      vtable for wxNavigationEnabled<wxWindow> in edf3cd3c_ScrolledWindow.o
      vtable for wxNavigationEnabled<wxListCtrlBase> in edf3cd3c_ListView.o
      vtable for wxNavigationEnabled<wxListCtrlBase> in edf3cd3c_ListCtrl.o
      vtable for wxOwnerDrawnPanel in e5d20a70_wxownerdrawnpanel.o
      vtable for wxNavigationEnabled<wxWindow> in e5d20a70_wxownerdrawnpanel.o
      ...
  "wxWindowBase::DoSetToolTipText(wxString const&)", referenced from:
      vtable for wxNavigationEnabled<wxWindow> in edf3cd3c_Panel.o
      vtable for wxScrolled<wxPanel> in edf3cd3c_ScrolledWindow.o
      vtable for wxNavigationEnabled<wxWindow> in edf3cd3c_ScrolledWindow.o
      vtable for wxNavigationEnabled<wxListCtrlBase> in edf3cd3c_ListView.o
      vtable for wxNavigationEnabled<wxListCtrlBase> in edf3cd3c_ListCtrl.o
      vtable for wxOwnerDrawnPanel in e5d20a70_wxownerdrawnpanel.o
      vtable for wxNavigationEnabled<wxWindow> in e5d20a70_wxownerdrawnpanel.o
      ...
  "wxWindowBase::DoSetVirtualSize(int, int)", referenced from:
      vtable for wxNavigationEnabled<wxWindow> in edf3cd3c_Panel.o
      vtable for wxNavigationEnabled<wxWindow> in edf3cd3c_ScrolledWindow.o
      vtable for wxNavigationEnabled<wxListCtrlBase> in edf3cd3c_ListView.o
      vtable for wxNavigationEnabled<wxListCtrlBase> in edf3cd3c_ListCtrl.o
      vtable for wxOwnerDrawnPanel in e5d20a70_wxownerdrawnpanel.o
      vtable for wxNavigationEnabled<wxWindow> in e5d20a70_wxownerdrawnpanel.o
  "wxWindowBase::DoUpdateWindowUI(wxUpdateUIEvent&)", referenced from:
      vtable for wxNavigationEnabled<wxWindow> in edf3cd3c_Panel.o
      vtable for wxScrolled<wxPanel> in edf3cd3c_ScrolledWindow.o
      vtable for wxNavigationEnabled<wxWindow> in edf3cd3c_ScrolledWindow.o
      vtable for wxOwnerDrawnPanel in e5d20a70_wxownerdrawnpanel.o
      vtable for wxNavigationEnabled<wxWindow> in e5d20a70_wxownerdrawnpanel.o
  "wxWindowBase::SetWindowVariant(wxWindowVariant)", referenced from:
      hx::widgets::Window_obj::set_windowVariant(cpp::Struct<wxWindowVariant, cpp::EnumHandler>) in edf3cd3c_Window.o
  "wxWindowBase::InheritAttributes()", referenced from:
      vtable for wxNavigationEnabled<wxWindow> in edf3cd3c_Panel.o
      vtable for wxScrolled<wxPanel> in edf3cd3c_ScrolledWindow.o
      vtable for wxNavigationEnabled<wxWindow> in edf3cd3c_ScrolledWindow.o
      vtable for wxNavigationEnabled<wxListCtrlBase> in edf3cd3c_ListView.o
      vtable for wxNavigationEnabled<wxListCtrlBase> in edf3cd3c_ListCtrl.o
      vtable for wxOwnerDrawnPanel in e5d20a70_wxownerdrawnpanel.o
      vtable for wxNavigationEnabled<wxWindow> in e5d20a70_wxownerdrawnpanel.o
      ...
  "wxWindowBase::SetSizeConstraint(int, int, int, int)", referenced from:
      vtable for wxNavigationEnabled<wxWindow> in edf3cd3c_Panel.o
      vtable for wxScrolled<wxPanel> in edf3cd3c_ScrolledWindow.o
      vtable for wxNavigationEnabled<wxWindow> in edf3cd3c_ScrolledWindow.o
      vtable for wxNavigationEnabled<wxListCtrlBase> in edf3cd3c_ListView.o
      vtable for wxNavigationEnabled<wxListCtrlBase> in edf3cd3c_ListCtrl.o
      vtable for wxOwnerDrawnPanel in e5d20a70_wxownerdrawnpanel.o
      vtable for wxNavigationEnabled<wxWindow> in e5d20a70_wxownerdrawnpanel.o
      ...
  "wxWindowBase::ToggleWindowStyle(int)", referenced from:
      wxNavigationEnabled<wxWindow>::AddChild(wxWindowBase*) in edf3cd3c_Panel.o
      wxNavigationEnabled<wxWindow>::AddChild(wxWindowBase*) in edf3cd3c_ScrolledWindow.o
      wxNavigationEnabled<wxListCtrlBase>::AddChild(wxWindowBase*) in edf3cd3c_ListView.o
      wxNavigationEnabled<wxListCtrlBase>::AddChild(wxWindowBase*) in edf3cd3c_ListCtrl.o
      wxNavigationEnabled<wxWindow>::AddChild(wxWindowBase*) in e5d20a70_wxownerdrawnpanel.o
  "wxWindowBase::WXReservedWindow1(void*)", referenced from:
      vtable for wxNavigationEnabled<wxWindow> in edf3cd3c_Panel.o
      vtable for wxScrolled<wxPanel> in edf3cd3c_ScrolledWindow.o
      vtable for wxNavigationEnabled<wxWindow> in edf3cd3c_ScrolledWindow.o
      vtable for wxNavigationEnabled<wxListCtrlBase> in edf3cd3c_ListView.o
      vtable for wxNavigationEnabled<wxListCtrlBase> in edf3cd3c_ListCtrl.o
      vtable for wxOwnerDrawnPanel in e5d20a70_wxownerdrawnpanel.o
      vtable for wxNavigationEnabled<wxWindow> in e5d20a70_wxownerdrawnpanel.o
      ...
  "wxWindowBase::WXReservedWindow2(void*)", referenced from:
      vtable for wxNavigationEnabled<wxWindow> in edf3cd3c_Panel.o
      vtable for wxScrolled<wxPanel> in edf3cd3c_ScrolledWindow.o
      vtable for wxNavigationEnabled<wxWindow> in edf3cd3c_ScrolledWindow.o
      vtable for wxNavigationEnabled<wxListCtrlBase> in edf3cd3c_ListView.o
      vtable for wxNavigationEnabled<wxListCtrlBase> in edf3cd3c_ListCtrl.o
      vtable for wxOwnerDrawnPanel in e5d20a70_wxownerdrawnpanel.o
      vtable for wxNavigationEnabled<wxWindow> in e5d20a70_wxownerdrawnpanel.o
      ...
  "wxWindowBase::WXReservedWindow3(void*)", referenced from:
      vtable for wxNavigationEnabled<wxWindow> in edf3cd3c_Panel.o
      vtable for wxScrolled<wxPanel> in edf3cd3c_ScrolledWindow.o
      vtable for wxNavigationEnabled<wxWindow> in edf3cd3c_ScrolledWindow.o
      vtable for wxNavigationEnabled<wxListCtrlBase> in edf3cd3c_ListView.o
      vtable for wxNavigationEnabled<wxListCtrlBase> in edf3cd3c_ListCtrl.o
      vtable for wxOwnerDrawnPanel in e5d20a70_wxownerdrawnpanel.o
      vtable for wxNavigationEnabled<wxWindow> in e5d20a70_wxownerdrawnpanel.o
      ...
  "wxWindowBase::InvalidateBestSize()", referenced from:
      wxControlBase::SetLabel(wxString const&) in edf3cd3c_ListView.o
      wxControlBase::SetLabel(wxString const&) in edf3cd3c_ListCtrl.o
  "wxWindowBase::SetConstraintSizes(bool)", referenced from:
      vtable for wxNavigationEnabled<wxWindow> in edf3cd3c_Panel.o
      vtable for wxScrolled<wxPanel> in edf3cd3c_ScrolledWindow.o
      vtable for wxNavigationEnabled<wxWindow> in edf3cd3c_ScrolledWindow.o
      vtable for wxNavigationEnabled<wxListCtrlBase> in edf3cd3c_ListView.o
      vtable for wxNavigationEnabled<wxListCtrlBase> in edf3cd3c_ListCtrl.o
      vtable for wxOwnerDrawnPanel in e5d20a70_wxownerdrawnpanel.o
      vtable for wxNavigationEnabled<wxWindow> in e5d20a70_wxownerdrawnpanel.o
      ...
  "wxWindowBase::SetPreviousHandler(wxEvtHandler*)", referenced from:
      vtable for wxNavigationEnabled<wxWindow> in edf3cd3c_Panel.o
      vtable for wxScrolled<wxPanel> in edf3cd3c_ScrolledWindow.o
      vtable for wxNavigationEnabled<wxWindow> in edf3cd3c_ScrolledWindow.o
      vtable for wxNavigationEnabled<wxListCtrlBase> in edf3cd3c_ListView.o
      vtable for wxNavigationEnabled<wxListCtrlBase> in edf3cd3c_ListCtrl.o
      vtable for wxOwnerDrawnPanel in e5d20a70_wxownerdrawnpanel.o
      vtable for wxNavigationEnabled<wxWindow> in e5d20a70_wxownerdrawnpanel.o
      ...
  "wxWindowBase::InformFirstDirection(int, int, int)", referenced from:
      vtable for wxNavigationEnabled<wxWindow> in edf3cd3c_Panel.o
      vtable for wxScrolled<wxPanel> in edf3cd3c_ScrolledWindow.o
      vtable for wxNavigationEnabled<wxWindow> in edf3cd3c_ScrolledWindow.o
      vtable for wxNavigationEnabled<wxListCtrlBase> in edf3cd3c_ListView.o
      vtable for wxNavigationEnabled<wxListCtrlBase> in edf3cd3c_ListCtrl.o
      vtable for wxOwnerDrawnPanel in e5d20a70_wxownerdrawnpanel.o
      vtable for wxNavigationEnabled<wxWindow> in e5d20a70_wxownerdrawnpanel.o
      ...
  "wxWindowBase::TransferDataToWindow()", referenced from:
      vtable for wxNavigationEnabled<wxWindow> in edf3cd3c_Panel.o
      vtable for wxScrolled<wxPanel> in edf3cd3c_ScrolledWindow.o
      vtable for wxNavigationEnabled<wxWindow> in edf3cd3c_ScrolledWindow.o
      vtable for wxNavigationEnabled<wxListCtrlBase> in edf3cd3c_ListView.o
      vtable for wxNavigationEnabled<wxListCtrlBase> in edf3cd3c_ListCtrl.o
      vtable for wxOwnerDrawnPanel in e5d20a70_wxownerdrawnpanel.o
      vtable for wxNavigationEnabled<wxWindow> in e5d20a70_wxownerdrawnpanel.o
      ...
  "wxWindowBase::TransferDataFromWindow()", referenced from:
      vtable for wxNavigationEnabled<wxWindow> in edf3cd3c_Panel.o
      vtable for wxScrolled<wxPanel> in edf3cd3c_ScrolledWindow.o
      vtable for wxNavigationEnabled<wxWindow> in edf3cd3c_ScrolledWindow.o
      vtable for wxNavigationEnabled<wxListCtrlBase> in edf3cd3c_ListView.o
      vtable for wxNavigationEnabled<wxListCtrlBase> in edf3cd3c_ListCtrl.o
      vtable for wxOwnerDrawnPanel in e5d20a70_wxownerdrawnpanel.o
      vtable for wxNavigationEnabled<wxWindow> in e5d20a70_wxownerdrawnpanel.o
      ...
  "wxWindowBase::GetClassDefaultAttributes(wxWindowVariant)", referenced from:
      wxWindowBase::GetDefaultAttributes() const in edf3cd3c_Panel.o
      wxWindowBase::GetDefaultAttributes() const in edf3cd3c_ScrolledWindow.o
      wxWindowBase::GetDefaultAttributes() const in edf3cd3c_ListView.o
      wxWindowBase::GetDefaultAttributes() const in edf3cd3c_ListCtrl.o
      wxWindowBase::GetDefaultAttributes() const in e5d20a70_wxownerdrawnpanel.o
  "wxWindowBase::WXSetInitialFittingClientSize(int, wxSizer*)", referenced from:
      vtable for wxNavigationEnabled<wxWindow> in edf3cd3c_Panel.o
      vtable for wxScrolled<wxPanel> in edf3cd3c_ScrolledWindow.o
      vtable for wxNavigationEnabled<wxWindow> in edf3cd3c_ScrolledWindow.o
      vtable for wxNavigationEnabled<wxListCtrlBase> in edf3cd3c_ListView.o
      vtable for wxNavigationEnabled<wxListCtrlBase> in edf3cd3c_ListCtrl.o
      vtable for wxOwnerDrawnPanel in e5d20a70_wxownerdrawnpanel.o
      vtable for wxNavigationEnabled<wxWindow> in e5d20a70_wxownerdrawnpanel.o
      ...
  "wxWindowBase::Fit()", referenced from:
      vtable for wxNavigationEnabled<wxWindow> in edf3cd3c_Panel.o
      vtable for wxScrolled<wxPanel> in edf3cd3c_ScrolledWindow.o
      vtable for wxNavigationEnabled<wxWindow> in edf3cd3c_ScrolledWindow.o
      vtable for wxNavigationEnabled<wxListCtrlBase> in edf3cd3c_ListView.o
      vtable for wxNavigationEnabled<wxListCtrlBase> in edf3cd3c_ListCtrl.o
      vtable for wxOwnerDrawnPanel in e5d20a70_wxownerdrawnpanel.o
      vtable for wxNavigationEnabled<wxWindow> in e5d20a70_wxownerdrawnpanel.o
      ...
  "wxWindowBase::Thaw()", referenced from:
      hx::widgets::Window_obj::thaw() in edf3cd3c_Window.o
      hx::widgets::__Window_objthaw(hx::Object*) in edf3cd3c_Window.o
  "wxWindowBase::Close(bool)", referenced from:
      hx::widgets::Window_obj::close(hx::Null<bool>) in edf3cd3c_Window.o
      hx::widgets::__Window_objclose(hx::Object*, Dynamic const&) in edf3cd3c_Window.o
  "wxWindowBase::Enable(bool)", referenced from:
      vtable for wxNavigationEnabled<wxWindow> in edf3cd3c_Panel.o
      vtable for wxScrolled<wxPanel> in edf3cd3c_ScrolledWindow.o
      vtable for wxNavigationEnabled<wxWindow> in edf3cd3c_ScrolledWindow.o
      vtable for wxNavigationEnabled<wxListCtrlBase> in edf3cd3c_ListView.o
      vtable for wxNavigationEnabled<wxListCtrlBase> in edf3cd3c_ListCtrl.o
      vtable for wxOwnerDrawnPanel in e5d20a70_wxownerdrawnpanel.o
      vtable for wxNavigationEnabled<wxWindow> in e5d20a70_wxownerdrawnpanel.o
      ...
  "wxWindowBase::Freeze()", referenced from:
      hx::widgets::Window_obj::freeze() in edf3cd3c_Window.o
      hx::widgets::__Window_objfreeze(hx::Object*) in edf3cd3c_Window.o
  "wxWindowBase::Layout()", referenced from:
      vtable for wxNavigationEnabled<wxWindow> in edf3cd3c_Panel.o
      vtable for wxNavigationEnabled<wxWindow> in edf3cd3c_ScrolledWindow.o
      vtable for wxNavigationEnabled<wxListCtrlBase> in edf3cd3c_ListView.o
      vtable for wxNavigationEnabled<wxListCtrlBase> in edf3cd3c_ListCtrl.o
      vtable for wxOwnerDrawnPanel in e5d20a70_wxownerdrawnpanel.o
      vtable for wxNavigationEnabled<wxWindow> in e5d20a70_wxownerdrawnpanel.o
  "wxWindowBase::Destroy()", referenced from:
      vtable for wxNavigationEnabled<wxWindow> in edf3cd3c_Panel.o
      vtable for wxScrolled<wxPanel> in edf3cd3c_ScrolledWindow.o
      vtable for wxNavigationEnabled<wxWindow> in edf3cd3c_ScrolledWindow.o
      vtable for wxNavigationEnabled<wxListCtrlBase> in edf3cd3c_ListView.o
      vtable for wxNavigationEnabled<wxListCtrlBase> in edf3cd3c_ListCtrl.o
      vtable for wxOwnerDrawnPanel in e5d20a70_wxownerdrawnpanel.o
      vtable for wxNavigationEnabled<wxWindow> in e5d20a70_wxownerdrawnpanel.o
      ...
  "wxWindowBase::DoPhase(int)", referenced from:
      vtable for wxNavigationEnabled<wxWindow> in edf3cd3c_Panel.o
      vtable for wxScrolled<wxPanel> in edf3cd3c_ScrolledWindow.o
      vtable for wxNavigationEnabled<wxWindow> in edf3cd3c_ScrolledWindow.o
      vtable for wxNavigationEnabled<wxListCtrlBase> in edf3cd3c_ListView.o
      vtable for wxNavigationEnabled<wxListCtrlBase> in edf3cd3c_ListCtrl.o
      vtable for wxOwnerDrawnPanel in e5d20a70_wxownerdrawnpanel.o
      vtable for wxNavigationEnabled<wxWindow> in e5d20a70_wxownerdrawnpanel.o
      ...
  "wxWindowBase::AddChild(wxWindowBase*)", referenced from:
      wxNavigationEnabled<wxWindow>::AddChild(wxWindowBase*) in edf3cd3c_Panel.o
      wxNavigationEnabled<wxWindow>::AddChild(wxWindowBase*) in edf3cd3c_ScrolledWindow.o
      wxNavigationEnabled<wxListCtrlBase>::AddChild(wxWindowBase*) in edf3cd3c_ListView.o
      wxNavigationEnabled<wxListCtrlBase>::AddChild(wxWindowBase*) in edf3cd3c_ListCtrl.o
      wxNavigationEnabled<wxWindow>::AddChild(wxWindowBase*) in e5d20a70_wxownerdrawnpanel.o
  "wxWindowBase::DoCentre(int)", referenced from:
      vtable for wxNavigationEnabled<wxWindow> in edf3cd3c_Panel.o
      vtable for wxScrolled<wxPanel> in edf3cd3c_ScrolledWindow.o
      vtable for wxNavigationEnabled<wxWindow> in edf3cd3c_ScrolledWindow.o
      vtable for wxNavigationEnabled<wxListCtrlBase> in edf3cd3c_ListView.o
      vtable for wxNavigationEnabled<wxListCtrlBase> in edf3cd3c_ListCtrl.o
      vtable for wxOwnerDrawnPanel in e5d20a70_wxownerdrawnpanel.o
      vtable for wxNavigationEnabled<wxWindow> in e5d20a70_wxownerdrawnpanel.o
      ...
  "wxWindowBase::SetSizer(wxSizer*, bool)", referenced from:
      hx::widgets::Window_obj::set_sizer(hx::ObjectPtr<hx::widgets::Sizer_obj>) in edf3cd3c_Window.o
      hx::widgets::__Window_objset_sizer(hx::Object*, Dynamic const&) in edf3cd3c_Window.o
      hx::widgets::Window_obj::__SetField(String const&, cpp::Variant const&, hx::PropertyAccessMode) in edf3cd3c_Window.o
  "wxWindowBase::TryAfter(wxEvent&)", referenced from:
      vtable for wxNavigationEnabled<wxWindow> in edf3cd3c_Panel.o
      vtable for wxScrolled<wxPanel> in edf3cd3c_ScrolledWindow.o
      vtable for wxNavigationEnabled<wxWindow> in edf3cd3c_ScrolledWindow.o
      vtable for wxNavigationEnabled<wxListCtrlBase> in edf3cd3c_ListView.o
      vtable for wxNavigationEnabled<wxListCtrlBase> in edf3cd3c_ListCtrl.o
      vtable for wxOwnerDrawnPanel in e5d20a70_wxownerdrawnpanel.o
      vtable for wxNavigationEnabled<wxWindow> in e5d20a70_wxownerdrawnpanel.o
      ...
  "wxWindowBase::Validate()", referenced from:
      vtable for wxNavigationEnabled<wxWindow> in edf3cd3c_Panel.o
      vtable for wxScrolled<wxPanel> in edf3cd3c_ScrolledWindow.o
      vtable for wxNavigationEnabled<wxWindow> in edf3cd3c_ScrolledWindow.o
      vtable for wxNavigationEnabled<wxListCtrlBase> in edf3cd3c_ListView.o
      vtable for wxNavigationEnabled<wxListCtrlBase> in edf3cd3c_ListCtrl.o
      vtable for wxOwnerDrawnPanel in e5d20a70_wxownerdrawnpanel.o
      vtable for wxNavigationEnabled<wxWindow> in e5d20a70_wxownerdrawnpanel.o
      ...
  "wxWindowBase::FitInside()", referenced from:
      vtable for wxNavigationEnabled<wxWindow> in edf3cd3c_Panel.o
      vtable for wxScrolled<wxPanel> in edf3cd3c_ScrolledWindow.o
      vtable for wxNavigationEnabled<wxWindow> in edf3cd3c_ScrolledWindow.o
      vtable for wxNavigationEnabled<wxListCtrlBase> in edf3cd3c_ListView.o
      vtable for wxNavigationEnabled<wxListCtrlBase> in edf3cd3c_ListCtrl.o
      vtable for wxOwnerDrawnPanel in e5d20a70_wxownerdrawnpanel.o
      vtable for wxNavigationEnabled<wxWindow> in e5d20a70_wxownerdrawnpanel.o
      ...
  "wxWindowBase::PopupMenu(wxMenu*, int, int)", referenced from:
      hx::widgets::Window_obj::popupMenu(hx::ObjectPtr<hx::widgets::Menu_obj>) in edf3cd3c_Window.o
      hx::widgets::__Window_objpopupMenu(hx::Object*, Dynamic const&) in edf3cd3c_Window.o
  "wxWindowBase::TryBefore(wxEvent&)", referenced from:
      vtable for wxNavigationEnabled<wxWindow> in edf3cd3c_Panel.o
      vtable for wxScrolled<wxPanel> in edf3cd3c_ScrolledWindow.o
      vtable for wxNavigationEnabled<wxWindow> in edf3cd3c_ScrolledWindow.o
      vtable for wxNavigationEnabled<wxListCtrlBase> in edf3cd3c_ListView.o
      vtable for wxNavigationEnabled<wxListCtrlBase> in edf3cd3c_ListCtrl.o
      vtable for wxOwnerDrawnPanel in e5d20a70_wxownerdrawnpanel.o
      vtable for wxNavigationEnabled<wxWindow> in e5d20a70_wxownerdrawnpanel.o
      ...
  "wxArrayString::Add(wxString const&, unsigned long)", referenced from:
      hx::widgets::ArrayString_obj::add(String) in edf3cd3c_ArrayString.o
  "wxArrayString::Init(bool)", referenced from:
      hx::widgets::ArrayString_obj::__construct() in edf3cd3c_ArrayString.o
      hx::widgets::ArrayString_obj::__Create(Array<Dynamic>) in edf3cd3c_ArrayString.o
      hx::widgets::ArrayString_obj::__alloc(hx::ImmixAllocator*) in edf3cd3c_ArrayString.o
      hx::widgets::ArrayString_obj::__new() in edf3cd3c_ArrayString.o
      hx::widgets::Choice_obj::__construct(hx::ObjectPtr<hx::widgets::Window_obj>, hx::Null<int>, hx::Null<int>) in edf3cd3c_Choice.o
      wxFileDialog::wxFileDialog(wxWindow*, wxString const&, wxString const&, wxString const&, wxString const&, long, wxPoint const&, wxSize const&, wxString const&) in edf3cd3c_FileDialog.o
  "wxArrayString::~wxArrayString()", referenced from:
      hx::widgets::ArrayString_obj::destroy() in edf3cd3c_ArrayString.o
      hx::widgets::__ArrayString_objdestroy(hx::Object*) in edf3cd3c_ArrayString.o
      wxFileDialog::wxFileDialog(wxWindow*, wxString const&, wxString const&, wxString const&, wxString const&, long, wxPoint const&, wxSize const&, wxString const&) in edf3cd3c_FileDialog.o
  "wxControlBase::GetLabelText(wxString const&)", referenced from:
      wxControlBase::GetLabelText() const in edf3cd3c_ListView.o
      wxControlBase::GetLabelText() const in edf3cd3c_ListCtrl.o
  "wxControlBase::EscapeMnemonics(wxString const&)", referenced from:
      wxControlBase::SetLabelText(wxString const&) in edf3cd3c_ListView.o
      wxControlBase::SetLabelText(wxString const&) in edf3cd3c_ListCtrl.o
  "wxControlBase::DoSetLabelMarkup(wxString const&)", referenced from:
      vtable for wxNavigationEnabled<wxListCtrlBase> in edf3cd3c_ListView.o
      vtable for wxNavigationEnabled<wxListCtrlBase> in edf3cd3c_ListCtrl.o
  "wxControlBase::DoUpdateWindowUI(wxUpdateUIEvent&)", referenced from:
      vtable for wxNavigationEnabled<wxListCtrlBase> in edf3cd3c_ListView.o
      vtable for wxNavigationEnabled<wxListCtrlBase> in edf3cd3c_ListCtrl.o
  "wxControlBase::SetFont(wxFont const&)", referenced from:
      vtable for wxNavigationEnabled<wxListCtrlBase> in edf3cd3c_ListView.o
      vtable for wxNavigationEnabled<wxListCtrlBase> in edf3cd3c_ListCtrl.o
  "wxControlBase::~wxControlBase()", referenced from:
      wxAnyButton::wxAnyButton() in edf3cd3c_Button.o
      hx::widgets::StaticBitmap_obj::__construct(hx::ObjectPtr<hx::widgets::Window_obj>, hx::ObjectPtr<hx::widgets::Bitmap_obj>, hx::Null<int>) in edf3cd3c_StaticBitmap.o
      hx::widgets::ComboBox_obj::__construct(hx::ObjectPtr<hx::widgets::Window_obj>, String, hx::Null<int>, hx::Null<int>) in edf3cd3c_ComboBox.o
      hx::widgets::TextCtrl_obj::__construct(hx::ObjectPtr<hx::widgets::Window_obj>, String, hx::Null<int>, hx::Null<int>) in edf3cd3c_TextCtrl.o
      wxTextCtrlBase::wxTextCtrlBase() in edf3cd3c_TextCtrl.o
      wxListCtrlBase::~wxListCtrlBase() in edf3cd3c_ListView.o
      wxBookCtrlBase::wxBookCtrlBase() in edf3cd3c_Notebook.o
      ...
  "wxInputStream::GetC()", referenced from:
      hx::widgets::InputStream_obj::getC() in edf3cd3c_InputStream.o
      hx::widgets::__InputStream_objgetC(hx::Object*) in edf3cd3c_InputStream.o
  "wxRadioButton::Create(wxWindow*, int, wxString const&, wxPoint const&, wxSize const&, long, wxValidator const&, wxString const&)", referenced from:
      hx::widgets::RadioButton_obj::__construct(hx::ObjectPtr<hx::widgets::Window_obj>, String, hx::Null<int>, hx::Null<int>) in edf3cd3c_RadioButton.o
  "wxTaskBarIcon::wxTaskBarIcon(wxTaskBarIconType)", referenced from:
      hx::widgets::TaskBarIcon_obj::__construct() in edf3cd3c_TaskBarIcon.o
      hx::widgets::TaskBarIcon_obj::__Create(Array<Dynamic>) in edf3cd3c_TaskBarIcon.o
      hx::widgets::TaskBarIcon_obj::__new() in edf3cd3c_TaskBarIcon.o
      hx::widgets::TaskBarIcon_obj::__alloc(hx::ImmixAllocator*) in edf3cd3c_TaskBarIcon.o
  "wxBitmapBundle::wxBitmapBundle(wxBitmap const&)", referenced from:
      hx::widgets::StaticBitmap_obj::__construct(hx::ObjectPtr<hx::widgets::Window_obj>, hx::ObjectPtr<hx::widgets::Bitmap_obj>, hx::Null<int>) in edf3cd3c_StaticBitmap.o
      hx::widgets::StaticBitmap_obj::set_bitmap(hx::ObjectPtr<hx::widgets::Bitmap_obj>) in edf3cd3c_StaticBitmap.o
      hx::widgets::__StaticBitmap_objset_bitmap(hx::Object*, Dynamic const&) in edf3cd3c_StaticBitmap.o
      hx::widgets::StaticBitmap_obj::__SetField(String const&, cpp::Variant const&, hx::PropertyAccessMode) in edf3cd3c_StaticBitmap.o
      hx::widgets::MenuItem_obj::set_bitmap(hx::ObjectPtr<hx::widgets::Bitmap_obj>) in edf3cd3c_MenuItem.o
      hx::widgets::__MenuItem_objset_bitmap(hx::Object*, Dynamic const&) in edf3cd3c_MenuItem.o
      hx::widgets::MenuItem_obj::__SetField(String const&, cpp::Variant const&, hx::PropertyAccessMode) in edf3cd3c_MenuItem.o
      ...
  "wxBitmapBundle::wxBitmapBundle()", referenced from:
      wxAnyButton::wxAnyButton() in edf3cd3c_Button.o
      hx::widgets::StaticBitmap_obj::__construct(hx::ObjectPtr<hx::widgets::Window_obj>, hx::ObjectPtr<hx::widgets::Bitmap_obj>, hx::Null<int>) in edf3cd3c_StaticBitmap.o
      hx::widgets::BitmapBundle_obj::__construct(hx::ObjectPtr<hx::widgets::Bitmap_obj>) in edf3cd3c_BitmapBundle.o
      hx::widgets::BitmapBundle_obj::__Create(Array<Dynamic>) in edf3cd3c_BitmapBundle.o
      hx::widgets::BitmapBundle_obj::__new(hx::ObjectPtr<hx::widgets::Bitmap_obj>) in edf3cd3c_BitmapBundle.o
      hx::widgets::BitmapBundle_obj::__alloc(hx::ImmixAllocator*, hx::ObjectPtr<hx::widgets::Bitmap_obj>) in edf3cd3c_BitmapBundle.o
  "wxBitmapBundle::~wxBitmapBundle()", referenced from:
      wxAnyButton::wxAnyButton() in edf3cd3c_Button.o
      hx::widgets::StaticBitmap_obj::__construct(hx::ObjectPtr<hx::widgets::Window_obj>, hx::ObjectPtr<hx::widgets::Bitmap_obj>, hx::Null<int>) in edf3cd3c_StaticBitmap.o
      hx::widgets::StaticBitmap_obj::set_bitmap(hx::ObjectPtr<hx::widgets::Bitmap_obj>) in edf3cd3c_StaticBitmap.o
      hx::widgets::__StaticBitmap_objset_bitmap(hx::Object*, Dynamic const&) in edf3cd3c_StaticBitmap.o
      hx::widgets::StaticBitmap_obj::__SetField(String const&, cpp::Variant const&, hx::PropertyAccessMode) in edf3cd3c_StaticBitmap.o
      hx::widgets::MenuItem_obj::set_bitmap(hx::ObjectPtr<hx::widgets::Bitmap_obj>) in edf3cd3c_MenuItem.o
      hx::widgets::__MenuItem_objset_bitmap(hx::Object*, Dynamic const&) in edf3cd3c_MenuItem.o
      ...
  "wxBookCtrlBase::Init()", referenced from:
      wxBookCtrlBase::wxBookCtrlBase() in edf3cd3c_Notebook.o
  "wxColourDialog::Create(wxWindow*, wxColourData const*)", referenced from:
      hx::widgets::ColourDialog_obj::__construct(hx::ObjectPtr<hx::widgets::Window_obj>, hx::Null<int>, hx::Null<bool>) in edf3cd3c_ColourDialog.o
  "wxColourDialog::wxColourDialog()", referenced from:
      hx::widgets::ColourDialog_obj::__construct(hx::ObjectPtr<hx::widgets::Window_obj>, hx::Null<int>, hx::Null<bool>) in edf3cd3c_ColourDialog.o
  "wxEventFunctor::~wxEventFunctor()", referenced from:
      wxEventFunctorMethod<wxEventTypeTag<wxNavigationKeyEvent>, wxNavigationEnabled<wxWindow>, wxNavigationKeyEvent, wxNavigationEnabled<wxWindow> >::~wxEventFunctorMethod() in edf3cd3c_Panel.o
      wxEventFunctorMethod<wxEventTypeTag<wxNavigationKeyEvent>, wxNavigationEnabled<wxWindow>, wxNavigationKeyEvent, wxNavigationEnabled<wxWindow> >::~wxEventFunctorMethod() in edf3cd3c_Panel.o
      wxEventFunctorMethod<wxEventTypeTag<wxFocusEvent>, wxNavigationEnabled<wxWindow>, wxFocusEvent, wxNavigationEnabled<wxWindow> >::~wxEventFunctorMethod() in edf3cd3c_Panel.o
      wxEventFunctorMethod<wxEventTypeTag<wxFocusEvent>, wxNavigationEnabled<wxWindow>, wxFocusEvent, wxNavigationEnabled<wxWindow> >::~wxEventFunctorMethod() in edf3cd3c_Panel.o
      wxEventFunctorMethod<wxEventTypeTag<wxChildFocusEvent>, wxNavigationEnabled<wxWindow>, wxChildFocusEvent, wxNavigationEnabled<wxWindow> >::~wxEventFunctorMethod() in edf3cd3c_Panel.o
      wxEventFunctorMethod<wxEventTypeTag<wxChildFocusEvent>, wxNavigationEnabled<wxWindow>, wxChildFocusEvent, wxNavigationEnabled<wxWindow> >::~wxEventFunctorMethod() in edf3cd3c_Panel.o
      wxEventFunctorMethod<wxEventTypeTag<wxNavigationKeyEvent>, wxNavigationEnabled<wxWindow>, wxNavigationKeyEvent, wxNavigationEnabled<wxWindow> >::~wxEventFunctorMethod() in edf3cd3c_ScrolledWindow.o
      ...
  "wxListCtrlBase::AppendColumn(wxString const&, wxListColumnFormat, int)", referenced from:
      hx::widgets::ListCtrl_obj::appendColumn(String) in edf3cd3c_ListCtrl.o
  "wxListCtrlBase::SetImageList(wxImageList*, int)", referenced from:
      vtable for wxNavigationEnabled<wxListCtrlBase> in edf3cd3c_ListView.o
      vtable for wxNavigationEnabled<wxListCtrlBase> in edf3cd3c_ListCtrl.o
  "wxListCtrlBase::AssignImageList(wxImageList*, int)", referenced from:
      vtable for wxNavigationEnabled<wxListCtrlBase> in edf3cd3c_ListView.o
      vtable for wxNavigationEnabled<wxListCtrlBase> in edf3cd3c_ListCtrl.o
  "wxListCtrlBase::EnableAlternateRowColours(bool)", referenced from:
      hx::widgets::ListCtrl_obj::set_enableAlternateRowColours(bool) in edf3cd3c_ListCtrl.o
      hx::widgets::__ListCtrl_objset_enableAlternateRowColours(hx::Object*, Dynamic const&) in edf3cd3c_ListCtrl.o
      hx::widgets::ListCtrl_obj::__SetField(String const&, cpp::Variant const&, hx::PropertyAccessMode) in edf3cd3c_ListCtrl.o
  "wxMenuItemBase::New(wxMenu*, int, wxString const&, wxString const&, wxItemKind, wxMenu*)", referenced from:
      hx::widgets::Menu_obj::appendCheckItem(int, String) in edf3cd3c_Menu.o
      hx::widgets::Menu_obj::appendRadioItem(int, String) in edf3cd3c_Menu.o
      wxMenuBase::AppendSeparator() in edf3cd3c_Menu.o
      hx::widgets::Menu_obj::appendSubMenu(hx::ObjectPtr<hx::widgets::Menu_obj>, String) in edf3cd3c_Menu.o
  "wxPlatformInfo::GetBitnessName(wxBitness)", referenced from:
      hx::widgets::PlatformInfo_obj::get_archName() in edf3cd3c_PlatformInfo.o
  "wxPlatformInfo::GetOperatingSystemIdName(wxOperatingSystemId)", referenced from:
      hx::widgets::PlatformInfo_obj::get_operatingSystemIdName() in edf3cd3c_PlatformInfo.o
  "wxPlatformInfo::GetOperatingSystemFamilyName(wxOperatingSystemId)", referenced from:
      hx::widgets::PlatformInfo_obj::get_operatingSystemFamilyName() in edf3cd3c_PlatformInfo.o
  "wxPlatformInfo::wxPlatformInfo()", referenced from:
      hx::widgets::PlatformInfo_obj::__construct() in edf3cd3c_PlatformInfo.o
      hx::widgets::PlatformInfo_obj::__Create(Array<Dynamic>) in edf3cd3c_PlatformInfo.o
      hx::widgets::PlatformInfo_obj::__new() in edf3cd3c_PlatformInfo.o
      hx::widgets::PlatformInfo_obj::__alloc(hx::ImmixAllocator*) in edf3cd3c_PlatformInfo.o
  "wxScrollHelper::AdjustScrollbars()", referenced from:
      vtable for wxScrolled<wxPanel> in edf3cd3c_ScrolledWindow.o
  "wxScrollHelper::DoShowScrollbars(wxScrollbarVisibility, wxScrollbarVisibility)", referenced from:
      vtable for wxScrolled<wxPanel> in edf3cd3c_ScrolledWindow.o
  "wxScrollHelper::DoScroll(int, int)", referenced from:
      vtable for wxScrolled<wxPanel> in edf3cd3c_ScrolledWindow.o
  "wxScrollHelper::wxScrollHelper(wxWindow*)", referenced from:
      hx::widgets::ScrolledWindow_obj::__construct(hx::ObjectPtr<hx::widgets::Window_obj>, hx::Null<int>, hx::Null<int>) in edf3cd3c_ScrolledWindow.o
      hx::widgets::ListView_obj::__construct(hx::ObjectPtr<hx::widgets::Window_obj>, hx::Null<int>, hx::Null<int>) in edf3cd3c_ListView.o
      hx::widgets::ListCtrl_obj::__construct(hx::ObjectPtr<hx::widgets::Window_obj>, hx::Null<int>, hx::Null<int>) in edf3cd3c_ListCtrl.o
  "wxStaticBitmap::Create(wxWindow*, int, wxBitmapBundle const&, wxPoint const&, wxSize const&, long, wxString const&)", referenced from:
      hx::widgets::StaticBitmap_obj::__construct(hx::ObjectPtr<hx::widgets::Window_obj>, hx::ObjectPtr<hx::widgets::Bitmap_obj>, hx::Null<int>) in edf3cd3c_StaticBitmap.o
  "wxTranslations::wxTranslations()", referenced from:
      wxLocale::wxLocale(int, int) in edf3cd3c_App.o
  "wxTranslations::~wxTranslations()", referenced from:
      wxLocale::wxLocale(int, int) in edf3cd3c_App.o
  "wxAnyButtonBase::SetBitmapPosition(wxDirection)", referenced from:
      hx::widgets::AnyButton_obj::set_bitmap(hx::ObjectPtr<hx::widgets::Bitmap_obj>) in edf3cd3c_AnyButton.o
      hx::widgets::AnyButton_obj::set_bitmapPosition(cpp::Struct<wxDirection, cpp::EnumHandler>) in edf3cd3c_AnyButton.o
  "wxItemContainer::Delete(unsigned int)", referenced from:
      hx::widgets::Choice_obj::_hx_delete(int) in edf3cd3c_Choice.o
      hx::widgets::__Choice_obj_hx_delete(hx::Object*, Dynamic const&) in edf3cd3c_Choice.o
  "wxItemContainer::~wxItemContainer()", referenced from:
      hx::widgets::ComboBox_obj::__construct(hx::ObjectPtr<hx::widgets::Window_obj>, String, hx::Null<int>, hx::Null<int>) in edf3cd3c_ComboBox.o
  "wxMessageDialog::wxMessageDialog(wxWindow*, wxString const&, wxString const&, long, wxPoint const&)", referenced from:
      hx::widgets::MessageDialog_obj::__construct(hx::ObjectPtr<hx::widgets::Window_obj>, String, String, hx::Null<int>) in edf3cd3c_MessageDialog.o
  "wxStaticBoxBase::wxStaticBoxBase()", referenced from:
      hx::widgets::StaticBox_obj::__construct(hx::ObjectPtr<hx::widgets::Window_obj>, String, hx::Null<int>) in edf3cd3c_StaticBox.o
  "wxAppConsoleBase::ms_appInstance", referenced from:
      hx::widgets::App_obj::__construct(hx::Null<bool>) in edf3cd3c_App.o
      hx::widgets::App_obj::setInstance(hx::ObjectPtr<hx::widgets::App_obj>) in edf3cd3c_App.o
      hx::widgets::__App_objsetInstance(Dynamic const&) in edf3cd3c_App.o
  "wxAppConsoleBase::ScheduleForDestruction(wxObject*)", referenced from:
      hx::widgets::AppConsole_obj::scheduleForDestruction(hx::ObjectPtr<hx::widgets::Object_obj>) in edf3cd3c_AppConsole.o
      hx::widgets::__AppConsole_objscheduleForDestruction(hx::Object*, Dynamic const&) in edf3cd3c_AppConsole.o
  "wxAppConsoleBase::Yield(bool)", referenced from:
      hx::widgets::AppConsole_obj::yield(hx::Null<bool>) in edf3cd3c_AppConsole.o
      hx::widgets::__AppConsole_objyield(hx::Object*, Dynamic const&) in edf3cd3c_AppConsole.o
  "wxAppConsoleBase::GetTraits()", referenced from:
      hx::widgets::App_obj::get_traits() in edf3cd3c_App.o
      hx::widgets::__App_objget_traits(hx::Object*) in edf3cd3c_App.o
      hx::widgets::App_obj::__Field(String const&, hx::PropertyAccessMode) in edf3cd3c_App.o
  "wxFileDialogBase::Init()", referenced from:
      wxFileDialogBase::wxFileDialogBase() in edf3cd3c_FileDialog.o
  "wxStaticBoxSizer::wxStaticBoxSizer(int, wxWindow*, wxString const&)", referenced from:
      hx::widgets::StaticBoxSizer_obj::__construct(cpp::Struct<wxOrientation, cpp::EnumHandler>, hx::ObjectPtr<hx::widgets::Window_obj>, String) in edf3cd3c_StaticBoxSizer.o
  "wxStaticTextBase::Wrap(int)", referenced from:
      hx::widgets::StaticText_obj::wrap(int) in edf3cd3c_StaticText.o
      hx::widgets::__StaticText_objwrap(hx::Object*, Dynamic const&) in edf3cd3c_StaticText.o
  "wxGenericListCtrl::DeleteItem(long)", referenced from:
      hx::widgets::ListCtrl_obj::deleteItem(int) in edf3cd3c_ListCtrl.o
      hx::widgets::__ListCtrl_objdeleteItem(hx::Object*, Dynamic const&) in edf3cd3c_ListCtrl.o
  "wxGenericListCtrl::InsertItem(wxListItem&)", referenced from:
      hx::widgets::ListCtrl_obj::insertItem(hx::ObjectPtr<hx::widgets::ListItem_obj>, hx::Null<bool>) in edf3cd3c_ListCtrl.o
      hx::widgets::__ListCtrl_objinsertItem(hx::Object*, Dynamic const&, Dynamic const&) in edf3cd3c_ListCtrl.o
      hx::widgets::ListCtrl_obj::addItem(hx::ObjectPtr<hx::widgets::ListItem_obj>, hx::Null<bool>) in edf3cd3c_ListCtrl.o
      hx::widgets::__ListCtrl_objaddItem(hx::Object*, Dynamic const&, Dynamic const&) in edf3cd3c_ListCtrl.o
  "wxGenericListCtrl::SetItemState(long, long, long)", referenced from:
      hx::widgets::ListCtrl_obj::setItemState(int, int, int) in edf3cd3c_ListCtrl.o
      hx::widgets::__ListCtrl_objsetItemState(hx::Object*, Dynamic const&, Dynamic const&, Dynamic const&) in edf3cd3c_ListCtrl.o
      hx::widgets::ListCtrl_obj::set_selectedIndex(int) in edf3cd3c_ListCtrl.o
      hx::widgets::__ListCtrl_objset_selectedIndex(hx::Object*, Dynamic const&) in edf3cd3c_ListCtrl.o
      hx::widgets::ListCtrl_obj::__SetField(String const&, cpp::Variant const&, hx::PropertyAccessMode) in edf3cd3c_ListCtrl.o
  "wxGenericListCtrl::EnsureVisible(long)", referenced from:
      hx::widgets::ListCtrl_obj::ensureVisible(int) in edf3cd3c_ListCtrl.o
      hx::widgets::__ListCtrl_objensureVisible(hx::Object*, Dynamic const&) in edf3cd3c_ListCtrl.o
  "wxGenericListCtrl::DeleteAllItems()", referenced from:
      hx::widgets::ListCtrl_obj::deleteAllItems() in edf3cd3c_ListCtrl.o
      hx::widgets::__ListCtrl_objdeleteAllItems(hx::Object*) in edf3cd3c_ListCtrl.o
  "wxGenericListCtrl::Init()", referenced from:
      hx::widgets::ListView_obj::__construct(hx::ObjectPtr<hx::widgets::Window_obj>, hx::Null<int>, hx::Null<int>) in edf3cd3c_ListView.o
      hx::widgets::ListCtrl_obj::__construct(hx::ObjectPtr<hx::widgets::Window_obj>, hx::Null<int>, hx::Null<int>) in edf3cd3c_ListCtrl.o
  "wxGenericListCtrl::Create(wxWindow*, int, wxPoint const&, wxSize const&, long, wxValidator const&, wxString const&)", referenced from:
      hx::widgets::ListView_obj::__construct(hx::ObjectPtr<hx::widgets::Window_obj>, hx::Null<int>, hx::Null<int>) in edf3cd3c_ListView.o
      hx::widgets::ListCtrl_obj::__construct(hx::ObjectPtr<hx::widgets::Window_obj>, hx::Null<int>, hx::Null<int>) in edf3cd3c_ListCtrl.o
  "wxGenericListCtrl::SetItem(wxListItem&)", referenced from:
      hx::widgets::ListCtrl_obj::setItem(hx::ObjectPtr<hx::widgets::ListItem_obj>, hx::Null<bool>) in edf3cd3c_ListCtrl.o
      hx::widgets::__ListCtrl_objsetItem(hx::Object*, Dynamic const&, Dynamic const&) in edf3cd3c_ListCtrl.o
  "wxGraphicsContext::Create(wxWindow*)", referenced from:
      hx::widgets::GraphicsContext_obj::__construct(hx::ObjectPtr<hx::widgets::Window_obj>, hx::ObjectPtr<hx::widgets::WindowDC_obj>) in edf3cd3c_GraphicsContext.o
      hx::widgets::GraphicsContext_obj::__Create(Array<Dynamic>) in edf3cd3c_GraphicsContext.o
      hx::widgets::GraphicsContext_obj::__new(hx::ObjectPtr<hx::widgets::Window_obj>, hx::ObjectPtr<hx::widgets::WindowDC_obj>) in edf3cd3c_GraphicsContext.o
      hx::widgets::GraphicsContext_obj::__alloc(hx::ImmixAllocator*, hx::ObjectPtr<hx::widgets::Window_obj>, hx::ObjectPtr<hx::widgets::WindowDC_obj>) in edf3cd3c_GraphicsContext.o
  "wxGraphicsContext::Create(wxWindowDC const&)", referenced from:
      wxOwnerDrawnPanel::onPaintInternal(wxPaintEvent&) in e5d20a70_wxownerdrawnpanel.o
  "wxGraphicsContext::SetPen(wxPen const&)", referenced from:
      hx::widgets::GraphicsContext_obj::set_pen(hx::ObjectPtr<hx::widgets::Pen_obj>) in edf3cd3c_GraphicsContext.o
      hx::widgets::__GraphicsContext_objset_pen(hx::Object*, Dynamic const&) in edf3cd3c_GraphicsContext.o
      hx::widgets::GraphicsContext_obj::__SetField(String const&, cpp::Variant const&, hx::PropertyAccessMode) in edf3cd3c_GraphicsContext.o
  "wxGraphicsContext::SetFont(wxFont const&, wxColour const&)", referenced from:
      hx::widgets::GraphicsContext_obj::setFont(hx::ObjectPtr<hx::widgets::Font_obj>, hx::Null<int>) in edf3cd3c_GraphicsContext.o
  "wxGraphicsContext::SetBrush(wxBrush const&)", referenced from:
      hx::widgets::GraphicsContext_obj::set_brush(hx::ObjectPtr<hx::widgets::Brush_obj>) in edf3cd3c_GraphicsContext.o
      hx::widgets::__GraphicsContext_objset_brush(hx::Object*, Dynamic const&) in edf3cd3c_GraphicsContext.o
      hx::widgets::GraphicsContext_obj::__SetField(String const&, cpp::Variant const&, hx::PropertyAccessMode) in edf3cd3c_GraphicsContext.o
  "wxTextEntryDialog::Create(wxWindow*, wxString const&, wxString const&, wxString const&, long, wxPoint const&)", referenced from:
      wxTextEntryDialog::wxTextEntryDialog(wxWindow*, wxString const&, wxString const&, wxString const&, long, wxPoint const&) in edf3cd3c_TextEntryDialog.o
  "wxControlContainer::SetLastFocus(wxWindow*)", referenced from:
      wxNavigationEnabled<wxWindow>::OnChildFocus(wxChildFocusEvent&) in edf3cd3c_Panel.o
      wxNavigationEnabled<wxWindow>::OnChildFocus(wxChildFocusEvent&) in edf3cd3c_ScrolledWindow.o
      wxNavigationEnabled<wxListCtrlBase>::OnChildFocus(wxChildFocusEvent&) in edf3cd3c_ListView.o
      wxNavigationEnabled<wxListCtrlBase>::OnChildFocus(wxChildFocusEvent&) in edf3cd3c_ListCtrl.o
      wxNavigationEnabled<wxWindow>::OnChildFocus(wxChildFocusEvent&) in e5d20a70_wxownerdrawnpanel.o
  "wxControlContainer::HandleOnFocus(wxFocusEvent&)", referenced from:
      wxNavigationEnabled<wxWindow>::OnFocus(wxFocusEvent&) in edf3cd3c_Panel.o
      wxNavigationEnabled<wxWindow>::OnFocus(wxFocusEvent&) in edf3cd3c_ScrolledWindow.o
      wxNavigationEnabled<wxListCtrlBase>::OnFocus(wxFocusEvent&) in edf3cd3c_ListView.o
      wxNavigationEnabled<wxListCtrlBase>::OnFocus(wxFocusEvent&) in edf3cd3c_ListCtrl.o
      wxNavigationEnabled<wxWindow>::OnFocus(wxFocusEvent&) in e5d20a70_wxownerdrawnpanel.o
  "wxControlContainer::HandleOnNavigationKey(wxNavigationKeyEvent&)", referenced from:
      wxNavigationEnabled<wxWindow>::OnNavigationKey(wxNavigationKeyEvent&) in edf3cd3c_Panel.o
      wxNavigationEnabled<wxWindow>::OnNavigationKey(wxNavigationKeyEvent&) in edf3cd3c_ScrolledWindow.o
      wxNavigationEnabled<wxListCtrlBase>::OnNavigationKey(wxNavigationKeyEvent&) in edf3cd3c_ListView.o
      wxNavigationEnabled<wxListCtrlBase>::OnNavigationKey(wxNavigationKeyEvent&) in edf3cd3c_ListCtrl.o
      wxNavigationEnabled<wxWindow>::OnNavigationKey(wxNavigationKeyEvent&) in e5d20a70_wxownerdrawnpanel.o
  "wxControlContainer::HandleOnWindowDestroy(wxWindowBase*)", referenced from:
      wxNavigationEnabled<wxWindow>::RemoveChild(wxWindowBase*) in edf3cd3c_Panel.o
      wxNavigationEnabled<wxWindow>::RemoveChild(wxWindowBase*) in edf3cd3c_ScrolledWindow.o
      wxNavigationEnabled<wxListCtrlBase>::RemoveChild(wxWindowBase*) in edf3cd3c_ListView.o
      wxNavigationEnabled<wxListCtrlBase>::RemoveChild(wxWindowBase*) in edf3cd3c_ListCtrl.o
      wxNavigationEnabled<wxWindow>::RemoveChild(wxWindowBase*) in e5d20a70_wxownerdrawnpanel.o
  "wxControlContainer::wxControlContainer()", referenced from:
      wxNavigationEnabled<wxWindow>::wxNavigationEnabled() in edf3cd3c_Panel.o
      wxNavigationEnabled<wxWindow>::wxNavigationEnabled() in edf3cd3c_ScrolledWindow.o
      wxNavigationEnabled<wxListCtrlBase>::wxNavigationEnabled() in edf3cd3c_ListView.o
      wxNavigationEnabled<wxListCtrlBase>::wxNavigationEnabled() in edf3cd3c_ListCtrl.o
      wxNavigationEnabled<wxWindow>::wxNavigationEnabled() in e5d20a70_wxownerdrawnpanel.o
  "wxGenericImageList::Add(wxBitmap const&)", referenced from:
      hx::widgets::ImageList_obj::add(hx::ObjectPtr<hx::widgets::Bitmap_obj>) in edf3cd3c_ImageList.o
      hx::widgets::__ImageList_objadd(hx::Object*, Dynamic const&) in edf3cd3c_ImageList.o
  "wxGenericImageList::Create(int, int, bool, int)", referenced from:
      hx::widgets::ImageList_obj::__construct(hx::Null<int>, hx::Null<int>) in edf3cd3c_ImageList.o
      hx::widgets::ImageList_obj::__Create(Array<Dynamic>) in edf3cd3c_ImageList.o
      hx::widgets::ImageList_obj::__new(hx::Null<int>, hx::Null<int>) in edf3cd3c_ImageList.o
      hx::widgets::ImageList_obj::__alloc(hx::ImmixAllocator*, hx::Null<int>, hx::Null<int>) in edf3cd3c_ImageList.o
  "wxGenericImageList::wxGenericImageList()", referenced from:
      hx::widgets::ImageList_obj::__construct(hx::Null<int>, hx::Null<int>) in edf3cd3c_ImageList.o
      hx::widgets::ImageList_obj::__Create(Array<Dynamic>) in edf3cd3c_ImageList.o
      hx::widgets::ImageList_obj::__new(hx::Null<int>, hx::Null<int>) in edf3cd3c_ImageList.o
      hx::widgets::ImageList_obj::__alloc(hx::ImmixAllocator*, hx::Null<int>, hx::Null<int>) in edf3cd3c_ImageList.o
  "wxScrollHelperBase::DoPrepareDC(wxDC&)", referenced from:
      vtable for wxScrolled<wxPanel> in edf3cd3c_ScrolledWindow.o
  "wxScrollHelperBase::ScrollLayout()", referenced from:
      wxScrolled<wxPanel>::Layout() in edf3cd3c_ScrolledWindow.o
  "wxScrollHelperBase::SetScrollRate(int, int)", referenced from:
      hx::widgets::ScrolledWindow_obj::setScrollRate(int, int) in edf3cd3c_ScrolledWindow.o
      hx::widgets::__ScrolledWindow_objsetScrollRate(hx::Object*, Dynamic const&, Dynamic const&) in edf3cd3c_ScrolledWindow.o
  "wxScrollHelperBase::SetScrollbars(int, int, int, int, int, int, bool)", referenced from:
      vtable for wxScrolled<wxPanel> in edf3cd3c_ScrolledWindow.o
  "wxScrollHelperBase::EnableScrolling(bool, bool)", referenced from:
      vtable for wxScrolled<wxPanel> in edf3cd3c_ScrolledWindow.o
  "wxScrollHelperBase::ScrollDoSetVirtualSize(int, int)", referenced from:
      wxScrolled<wxPanel>::DoSetVirtualSize(int, int) in edf3cd3c_ScrolledWindow.o
  "wxScrollHelperBase::~wxScrollHelperBase()", referenced from:
      wxScrolled<wxPanel>::~wxScrolled() in edf3cd3c_ScrolledWindow.o
      wxScrolled<wxPanel>::~wxScrolled() in edf3cd3c_ScrolledWindow.o
      non-virtual thunk to wxScrolled<wxPanel>::~wxScrolled() in edf3cd3c_ScrolledWindow.o
      non-virtual thunk to wxScrolled<wxPanel>::~wxScrolled() in edf3cd3c_ScrolledWindow.o
      hx::widgets::ListView_obj::__construct(hx::ObjectPtr<hx::widgets::Window_obj>, hx::Null<int>, hx::Null<int>) in edf3cd3c_ListView.o
      hx::widgets::ListCtrl_obj::__construct(hx::ObjectPtr<hx::widgets::Window_obj>, hx::Null<int>, hx::Null<int>) in edf3cd3c_ListCtrl.o
  "wxScrolledT_Helper::FilterBestSize(wxWindow const*, wxScrollHelper const*, wxSize const&)", referenced from:
      wxScrolled<wxPanel>::DoGetBestSize() const in edf3cd3c_ScrolledWindow.o
  "wxMemoryInputStream::wxMemoryInputStream(void const*, unsigned long)", referenced from:
      hx::widgets::MemoryInputStream_obj::__construct(hx::ObjectPtr<haxe::io::Bytes_obj>) in edf3cd3c_MemoryInputStream.o
  "wxMultiChoiceDialog::Create(wxWindow*, wxString const&, wxString const&, wxArrayString const&, long, wxPoint const&)", referenced from:
      wxMultiChoiceDialog::wxMultiChoiceDialog(wxWindow*, wxString const&, wxString const&, wxArrayString const&, long, wxPoint const&) in edf3cd3c_MultiChoiceDialog.o
  "wxTopLevelWindowMac::~wxTopLevelWindowMac()", referenced from:
      hx::widgets::Dialog_obj::__construct(hx::ObjectPtr<hx::widgets::Window_obj>, String, hx::Null<int>, hx::Null<int>) in edf3cd3c_Dialog.o
      wxPasswordEntryDialog::wxPasswordEntryDialog(wxWindow*, wxString const&, wxString const&, wxString const&, long, wxPoint const&) in edf3cd3c_PasswordEntryDialog.o
      wxSingleChoiceDialog::wxSingleChoiceDialog(wxWindow*, wxString const&, wxString const&, wxArrayString const&, void**, long, wxPoint const&) in edf3cd3c_SingleChoiceDialog.o
      wxTextEntryDialog::wxTextEntryDialog(wxWindow*, wxString const&, wxString const&, wxString const&, long, wxPoint const&) in edf3cd3c_TextEntryDialog.o
      wxFileDialogBase::wxFileDialogBase() in edf3cd3c_FileDialog.o
      wxMultiChoiceDialog::wxMultiChoiceDialog(wxWindow*, wxString const&, wxString const&, wxArrayString const&, long, wxPoint const&) in edf3cd3c_MultiChoiceDialog.o
  "wxSingleChoiceDialog::Create(wxWindow*, wxString const&, wxString const&, wxArrayString const&, void**, long, wxPoint const&)", referenced from:
      wxSingleChoiceDialog::wxSingleChoiceDialog(wxWindow*, wxString const&, wxString const&, wxArrayString const&, void**, long, wxPoint const&) in edf3cd3c_SingleChoiceDialog.o
  "wxTopLevelWindowBase::SetIcon(wxIcon const&)", referenced from:
      hx::widgets::TopLevelWindow_obj::setIcon(hx::ObjectPtr<hx::widgets::Icon_obj>) in edf3cd3c_TopLevelWindow.o
      hx::widgets::__TopLevelWindow_objsetIcon(hx::Object*, Dynamic const&) in edf3cd3c_TopLevelWindow.o
      hx::widgets::TopLevelWindow_obj::setBitmap(hx::ObjectPtr<hx::widgets::Bitmap_obj>) in edf3cd3c_TopLevelWindow.o
      hx::widgets::__TopLevelWindow_objsetBitmap(hx::Object*, Dynamic const&) in edf3cd3c_TopLevelWindow.o
  "wxClientDataContainer::wxClientDataContainer()", referenced from:
      hx::widgets::BoxSizer_obj::__construct(cpp::Struct<wxOrientation, cpp::EnumHandler>) in edf3cd3c_BoxSizer.o
  "wxClientDataContainer::~wxClientDataContainer()", referenced from:
      hx::widgets::BoxSizer_obj::__construct(cpp::Struct<wxOrientation, cpp::EnumHandler>) in edf3cd3c_BoxSizer.o
  "wxPasswordEntryDialog::Create(wxWindow*, wxString const&, wxString const&, wxString const&, long, wxPoint const&)", referenced from:
      wxPasswordEntryDialog::wxPasswordEntryDialog(wxWindow*, wxString const&, wxString const&, wxString const&, long, wxPoint const&) in edf3cd3c_PasswordEntryDialog.o
  "wxControlContainerBase::DoSetFocus()", referenced from:
      wxNavigationEnabled<wxWindow>::SetFocus() in edf3cd3c_Panel.o
      wxNavigationEnabled<wxWindow>::SetFocus() in edf3cd3c_ScrolledWindow.o
      wxNavigationEnabled<wxListCtrlBase>::SetFocus() in edf3cd3c_ListView.o
      wxNavigationEnabled<wxListCtrlBase>::SetFocus() in edf3cd3c_ListCtrl.o
      wxNavigationEnabled<wxWindow>::SetFocus() in e5d20a70_wxownerdrawnpanel.o
  "wxControlContainerBase::UpdateCanFocusChildren()", referenced from:
      wxNavigationEnabled<wxWindow>::AddChild(wxWindowBase*) in edf3cd3c_Panel.o
      wxNavigationEnabled<wxWindow>::RemoveChild(wxWindowBase*) in edf3cd3c_Panel.o
      wxNavigationEnabled<wxWindow>::AddChild(wxWindowBase*) in edf3cd3c_ScrolledWindow.o
      wxNavigationEnabled<wxWindow>::RemoveChild(wxWindowBase*) in edf3cd3c_ScrolledWindow.o
      wxNavigationEnabled<wxListCtrlBase>::AddChild(wxWindowBase*) in edf3cd3c_ListView.o
      wxNavigationEnabled<wxListCtrlBase>::RemoveChild(wxWindowBase*) in edf3cd3c_ListView.o
      wxNavigationEnabled<wxListCtrlBase>::AddChild(wxWindowBase*) in edf3cd3c_ListCtrl.o
      ...
  "wxGenericHyperlinkCtrl::Init()", referenced from:
      wxGenericHyperlinkCtrl::wxGenericHyperlinkCtrl() in edf3cd3c_HyperlinkCtrl.o
  "wxGenericHyperlinkCtrl::Create(wxWindow*, int, wxString const&, wxString const&, wxPoint const&, wxSize const&, long, wxString const&)", referenced from:
      hx::widgets::HyperlinkCtrl_obj::__construct(hx::ObjectPtr<hx::widgets::Window_obj>, String, String, hx::Null<int>, hx::Null<int>) in edf3cd3c_HyperlinkCtrl.o
  "wxStdDialogButtonSizer::Realize()", referenced from:
      hx::widgets::StdDialogButtonSizer_obj::realize() in edf3cd3c_StdDialogButtonSizer.o
      hx::widgets::__StdDialogButtonSizer_objrealize(hx::Object*) in edf3cd3c_StdDialogButtonSizer.o
  "wxStdDialogButtonSizer::AddButton(wxButton*)", referenced from:
      hx::widgets::StdDialogButtonSizer_obj::addButton(hx::ObjectPtr<hx::widgets::Button_obj>) in edf3cd3c_StdDialogButtonSizer.o
      hx::widgets::__StdDialogButtonSizer_objaddButton(hx::Object*, Dynamic const&) in edf3cd3c_StdDialogButtonSizer.o
  "wxSystemSettingsNative::GetColour(wxSystemColour)", referenced from:
      hx::widgets::SystemSettings_obj::getColour(cpp::Struct<wxSystemColour, cpp::EnumHandler>) in edf3cd3c_SystemSettings.o
  "wxSystemSettingsNative::GetMetric(wxSystemMetric, wxWindow const*)", referenced from:
      hx::widgets::SystemSettings_obj::getMetric(cpp::Struct<wxSystemMetric, cpp::EnumHandler>, hx::ObjectPtr<hx::widgets::Window_obj>) in edf3cd3c_SystemSettings.o
      hx::widgets::__SystemSettings_objgetMetric(Dynamic const&, Dynamic const&) in edf3cd3c_SystemSettings.o
  "wxItemContainerImmutable::SetStringSelection(wxString const&)", referenced from:
      hx::widgets::Choice_obj::set_selectedString(String) in edf3cd3c_Choice.o
  "wxApp::wxApp()", referenced from:
      hx::widgets::App_obj::__construct(hx::Null<bool>) in edf3cd3c_App.o
  "wxPen::wxPen()", referenced from:
      hx::widgets::Pen_obj::__construct(hx::Null<int>, hx::Null<int>) in edf3cd3c_Pen.o
      hx::widgets::Pen_obj::__Create(Array<Dynamic>) in edf3cd3c_Pen.o
      hx::widgets::Pen_obj::__new(hx::Null<int>, hx::Null<int>) in edf3cd3c_Pen.o
      hx::widgets::Pen_obj::__alloc(hx::ImmixAllocator*, hx::Null<int>, hx::Null<int>) in edf3cd3c_Pen.o
  "wxFont::wxFont(int, int, int, int, bool, wxString const&, wxFontEncoding)", referenced from:
      hx::widgets::Font_obj::createPointer() in edf3cd3c_Font.o
  "wxFont::~wxFont()", referenced from:
      hx::widgets::Window_obj::get_font() in edf3cd3c_Window.o
      wxListCtrlBase::~wxListCtrlBase() in edf3cd3c_ListView.o
      wxListCtrlBase::~wxListCtrlBase() in edf3cd3c_ListCtrl.o
  "wxGCDC::wxGCDC(wxGraphicsContext*)", referenced from:
      wxOwnerDrawnPanel::onPaintInternal(wxPaintEvent&) in e5d20a70_wxownerdrawnpanel.o
  "wxGCDC::~wxGCDC()", referenced from:
      wxOwnerDrawnPanel::onPaintInternal(wxPaintEvent&) in e5d20a70_wxownerdrawnpanel.o
  "wxIcon::CopyFromBitmap(wxBitmap const&)", referenced from:
      hx::widgets::Icon_obj::copyFromBitmap(hx::ObjectPtr<hx::widgets::Bitmap_obj>) in edf3cd3c_Icon.o
      hx::widgets::__Icon_objcopyFromBitmap(hx::Object*, Dynamic const&) in edf3cd3c_Icon.o
  "wxIcon::wxIcon()", referenced from:
      hx::widgets::Icon_obj::__construct() in edf3cd3c_Icon.o
      hx::widgets::Icon_obj::__Create(Array<Dynamic>) in edf3cd3c_Icon.o
      hx::widgets::Icon_obj::__new() in edf3cd3c_Icon.o
      hx::widgets::Icon_obj::__alloc(hx::ImmixAllocator*) in edf3cd3c_Icon.o
  "wxMenu::Init()", referenced from:
      hx::widgets::Menu_obj::__construct(String, hx::Null<int>) in edf3cd3c_Menu.o
  "wxBrush::wxBrush()", referenced from:
      hx::widgets::Brush_obj::__construct(hx::Null<int>) in edf3cd3c_Brush.o
      hx::widgets::Brush_obj::__Create(Array<Dynamic>) in edf3cd3c_Brush.o
      hx::widgets::Brush_obj::__new(hx::Null<int>) in edf3cd3c_Brush.o
      hx::widgets::Brush_obj::__alloc(hx::ImmixAllocator*, hx::Null<int>) in edf3cd3c_Brush.o
  "wxFrame::Create(wxWindow*, int, wxString const&, wxPoint const&, wxSize const&, long, wxString const&)", referenced from:
      hx::widgets::Frame_obj::__construct(hx::ObjectPtr<hx::widgets::Window_obj>, String, hx::Null<int>, hx::Null<int>) in edf3cd3c_Frame.o
  "wxGauge::Create(wxWindow*, int, int, wxPoint const&, wxSize const&, long, wxValidator const&, wxString const&)", referenced from:
      hx::widgets::Gauge_obj::__construct(hx::ObjectPtr<hx::widgets::Window_obj>, hx::Null<int>, hx::Null<int>, hx::Null<int>) in edf3cd3c_Gauge.o
  "wxImage::Paste(wxImage const&, int, int, wxImageAlphaBlendMode)", referenced from:
      hx::widgets::Image_obj::scale(int, int) in edf3cd3c_Image.o
      hx::widgets::Bitmap_obj::convertToImage() in edf3cd3c_Bitmap.o
  "wxImage::Create(int, int, bool)", referenced from:
      hx::widgets::Image_obj::__construct(hx::ObjectPtr<haxe::io::Bytes_obj>, Dynamic, Dynamic, hx::Null<bool>) in edf3cd3c_Image.o
      hx::widgets::Image_obj::scale(int, int) in edf3cd3c_Image.o
      hx::widgets::Bitmap_obj::convertToImage() in edf3cd3c_Bitmap.o
  "wxImage::Destroy()", referenced from:
      hx::widgets::Image_obj::scale(int, int) in edf3cd3c_Image.o
      hx::widgets::Bitmap_obj::convertToImage() in edf3cd3c_Bitmap.o
  "wxImage::SetAlpha(unsigned char*, bool)", referenced from:
      hx::widgets::Image_obj::__construct(hx::ObjectPtr<haxe::io::Bytes_obj>, Dynamic, Dynamic, hx::Null<bool>) in edf3cd3c_Image.o
      hx::widgets::Image_obj::addAlphaChannel() in edf3cd3c_Image.o
      hx::widgets::__Image_objaddAlphaChannel(hx::Object*) in edf3cd3c_Image.o
  "wxSizer::~wxSizer()", referenced from:
      hx::widgets::BoxSizer_obj::__construct(cpp::Struct<wxOrientation, cpp::EnumHandler>) in edf3cd3c_BoxSizer.o
  "wxBitmap::wxBitmap(wxImage const&, int, double)", referenced from:
      hx::widgets::Bitmap_obj::__construct(hx::ObjectPtr<hx::widgets::Image_obj>, cpp::Pointer<wxBitmap>) in edf3cd3c_Bitmap.o
      hx::widgets::Bitmap_obj::__Create(Array<Dynamic>) in edf3cd3c_Bitmap.o
      hx::widgets::Bitmap_obj::__alloc(hx::ImmixAllocator*, hx::ObjectPtr<hx::widgets::Image_obj>, cpp::Pointer<wxBitmap>) in edf3cd3c_Bitmap.o
      hx::widgets::Bitmap_obj::__new(hx::ObjectPtr<hx::widgets::Image_obj>, cpp::Pointer<wxBitmap>) in edf3cd3c_Bitmap.o
  "wxButton::Create(wxWindow*, int, wxString const&, wxPoint const&, wxSize const&, long, wxValidator const&, wxString const&)", referenced from:
      hx::widgets::Button_obj::__construct(hx::ObjectPtr<hx::widgets::Window_obj>, String, hx::Null<int>, hx::Null<int>) in edf3cd3c_Button.o
  "wxChoice::Create(wxWindow*, int, wxPoint const&, wxSize const&, int, wxString const*, long, wxValidator const&, wxString const&)", referenced from:
      hx::widgets::Choice_obj::__construct(hx::ObjectPtr<hx::widgets::Window_obj>, hx::Null<int>, hx::Null<int>) in edf3cd3c_Choice.o
  "wxDialog::Init()", referenced from:
      hx::widgets::Dialog_obj::__construct(hx::ObjectPtr<hx::widgets::Window_obj>, String, hx::Null<int>, hx::Null<int>) in edf3cd3c_Dialog.o
      wxPasswordEntryDialog::wxPasswordEntryDialog(wxWindow*, wxString const&, wxString const&, wxString const&, long, wxPoint const&) in edf3cd3c_PasswordEntryDialog.o
      wxSingleChoiceDialog::wxSingleChoiceDialog(wxWindow*, wxString const&, wxString const&, wxArrayString const&, void**, long, wxPoint const&) in edf3cd3c_SingleChoiceDialog.o
      wxTextEntryDialog::wxTextEntryDialog(wxWindow*, wxString const&, wxString const&, wxString const&, long, wxPoint const&) in edf3cd3c_TextEntryDialog.o
      wxFileDialogBase::wxFileDialogBase() in edf3cd3c_FileDialog.o
      wxMultiChoiceDialog::wxMultiChoiceDialog(wxWindow*, wxString const&, wxString const&, wxArrayString const&, long, wxPoint const&) in edf3cd3c_MultiChoiceDialog.o
  "wxDialog::Create(wxWindow*, int, wxString const&, wxPoint const&, wxSize const&, long, wxString const&)", referenced from:
      hx::widgets::Dialog_obj::__construct(hx::ObjectPtr<hx::widgets::Window_obj>, String, hx::Null<int>, hx::Null<int>) in edf3cd3c_Dialog.o
  "wxDialog::~wxDialog()", referenced from:
      wxPasswordEntryDialog::wxPasswordEntryDialog(wxWindow*, wxString const&, wxString const&, wxString const&, long, wxPoint const&) in edf3cd3c_PasswordEntryDialog.o
      wxSingleChoiceDialog::wxSingleChoiceDialog(wxWindow*, wxString const&, wxString const&, wxArrayString const&, void**, long, wxPoint const&) in edf3cd3c_SingleChoiceDialog.o
      wxTextEntryDialog::wxTextEntryDialog(wxWindow*, wxString const&, wxString const&, wxString const&, long, wxPoint const&) in edf3cd3c_TextEntryDialog.o
      wxFileDialogBase::wxFileDialogBase() in edf3cd3c_FileDialog.o
      wxFileDialogBase::~wxFileDialogBase() in edf3cd3c_FileDialog.o
      wxMultiChoiceDialog::wxMultiChoiceDialog(wxWindow*, wxString const&, wxString const&, wxArrayString const&, long, wxPoint const&) in edf3cd3c_MultiChoiceDialog.o
  "wxLocale::DoCommonInit()", referenced from:
      wxLocale::wxLocale(int, int) in edf3cd3c_App.o
  "wxLocale::GetSystemLanguage()", referenced from:
      hx::widgets::App_obj::__construct(hx::Null<bool>) in edf3cd3c_App.o
  "wxLocale::Init(int, int)", referenced from:
      wxLocale::wxLocale(int, int) in edf3cd3c_App.o
  "wxObject::Ref(wxObject const&)", referenced from:
      wxWindowBase::SetAcceleratorTable(wxAcceleratorTable const&) in edf3cd3c_Panel.o
      wxWindowBase::SetAcceleratorTable(wxAcceleratorTable const&) in edf3cd3c_ScrolledWindow.o
      wxWindowBase::SetAcceleratorTable(wxAcceleratorTable const&) in edf3cd3c_ListView.o
      wxWindowBase::SetAcceleratorTable(wxAcceleratorTable const&) in edf3cd3c_ListCtrl.o
      hx::widgets::ColourData_obj::createPointer() in edf3cd3c_ColourData.o
      wxWindowBase::SetAcceleratorTable(wxAcceleratorTable const&) in e5d20a70_wxownerdrawnpanel.o
  "wxObject::UnRef()", referenced from:
      hx::widgets::Window_obj::get_backgroundColour() in edf3cd3c_Window.o
      hx::widgets::Window_obj::set_backgroundColour(Dynamic) in edf3cd3c_Window.o
      hx::widgets::Window_obj::get_foregroundColour() in edf3cd3c_Window.o
      hx::widgets::Window_obj::set_foregroundColour(Dynamic) in edf3cd3c_Window.o
      hx::widgets::DC_obj::set_textForeground(int) in edf3cd3c_DC.o
      hx::widgets::DC_obj::set_textBackground(int) in edf3cd3c_DC.o
      hx::widgets::DC_obj::gradientFillLinear(hx::ObjectPtr<hx::widgets::Rect_obj>, int, int) in edf3cd3c_DC.o
      ...
  "wxSlider::Create(wxWindow*, int, int, int, int, wxPoint const&, wxSize const&, long, wxValidator const&, wxString const&)", referenced from:
      hx::widgets::Slider_obj::__construct(hx::ObjectPtr<hx::widgets::Window_obj>, hx::Null<int>, hx::Null<int>, hx::Null<int>, hx::Null<int>, hx::Null<int>) in edf3cd3c_Slider.o
  "wxSlider::wxSlider()", referenced from:
      hx::widgets::Slider_obj::__construct(hx::ObjectPtr<hx::widgets::Window_obj>, hx::Null<int>, hx::Null<int>, hx::Null<int>, hx::Null<int>, hx::Null<int>) in edf3cd3c_Slider.o
  "wxString::ConvertStr(char const*, unsigned long, wxMBConv const&)", referenced from:
      wxString::wxString(char const*, wxMBConv const&, unsigned long) in edf3cd3c_Button.o
      wxString::wxString(char const*, wxMBConv const&, unsigned long) in edf3cd3c_CheckBox.o
      wxString::wxString(char const*, wxMBConv const&, unsigned long) in edf3cd3c_StaticBox.o
      wxString::wxString(char const*, wxMBConv const&, unsigned long) in edf3cd3c_MenuBar.o
      wxString::wxString(char const*) in edf3cd3c_Control.o
      wxString::wxString(char const*, wxMBConv const&, unsigned long) in edf3cd3c_Dialog.o
      wxString::wxString(char const*) in edf3cd3c_ArrayString.o
      ...
  "wxString::npos", referenced from:
      hx::widgets::Button_obj::__construct(hx::ObjectPtr<hx::widgets::Window_obj>, String, hx::Null<int>, hx::Null<int>) in edf3cd3c_Button.o
      hx::widgets::CheckBox_obj::__construct(hx::ObjectPtr<hx::widgets::Window_obj>, String, hx::Null<int>, hx::Null<int>) in edf3cd3c_CheckBox.o
      hx::widgets::StaticBox_obj::__construct(hx::ObjectPtr<hx::widgets::Window_obj>, String, hx::Null<int>) in edf3cd3c_StaticBox.o
      hx::widgets::MenuBar_obj::append(hx::ObjectPtr<hx::widgets::Menu_obj>, String) in edf3cd3c_MenuBar.o
      wxString::wxString(char const*) in edf3cd3c_Control.o
      hx::widgets::Dialog_obj::__construct(hx::ObjectPtr<hx::widgets::Window_obj>, String, hx::Null<int>, hx::Null<int>) in edf3cd3c_Dialog.o
      wxString::wxString(char const*) in edf3cd3c_ArrayString.o
      ...
  "wxString::FromAscii(char const*)", referenced from:
      hx::widgets::Button_obj::__construct(hx::ObjectPtr<hx::widgets::Window_obj>, String, hx::Null<int>, hx::Null<int>) in edf3cd3c_Button.o
      hx::widgets::CheckBox_obj::__construct(hx::ObjectPtr<hx::widgets::Window_obj>, String, hx::Null<int>, hx::Null<int>) in edf3cd3c_CheckBox.o
      hx::widgets::StaticBox_obj::__construct(hx::ObjectPtr<hx::widgets::Window_obj>, String, hx::Null<int>) in edf3cd3c_StaticBox.o
      hx::widgets::Control_obj::__construct(hx::ObjectPtr<hx::widgets::Window_obj>, hx::Null<int>, hx::Null<int>) in edf3cd3c_Control.o
      hx::widgets::Dialog_obj::__construct(hx::ObjectPtr<hx::widgets::Window_obj>, String, hx::Null<int>, hx::Null<int>) in edf3cd3c_Dialog.o
      hx::widgets::Panel_obj::__construct(hx::ObjectPtr<hx::widgets::Window_obj>, hx::Null<int>, hx::Null<int>) in edf3cd3c_Panel.o
      hx::widgets::RadioButton_obj::__construct(hx::ObjectPtr<hx::widgets::Window_obj>, String, hx::Null<int>, hx::Null<int>) in edf3cd3c_RadioButton.o
      ...
  "wxWindow::DoPopupMenu(wxMenu*, int, int)", referenced from:
      vtable for wxNavigationEnabled<wxWindow> in edf3cd3c_Panel.o
      vtable for wxScrolled<wxPanel> in edf3cd3c_ScrolledWindow.o
      vtable for wxNavigationEnabled<wxWindow> in edf3cd3c_ScrolledWindow.o
      vtable for wxNavigationEnabled<wxListCtrlBase> in edf3cd3c_ListView.o
      vtable for wxNavigationEnabled<wxListCtrlBase> in edf3cd3c_ListCtrl.o
      vtable for wxOwnerDrawnPanel in e5d20a70_wxownerdrawnpanel.o
      vtable for wxNavigationEnabled<wxWindow> in e5d20a70_wxownerdrawnpanel.o
      ...
  "wxWindow::MacDoRedraw(long)", referenced from:
      vtable for wxNavigationEnabled<wxWindow> in edf3cd3c_Panel.o
      vtable for wxScrolled<wxPanel> in edf3cd3c_ScrolledWindow.o
      vtable for wxNavigationEnabled<wxWindow> in edf3cd3c_ScrolledWindow.o
      vtable for wxNavigationEnabled<wxListCtrlBase> in edf3cd3c_ListView.o
      vtable for wxNavigationEnabled<wxListCtrlBase> in edf3cd3c_ListCtrl.o
      vtable for wxOwnerDrawnPanel in e5d20a70_wxownerdrawnpanel.o
      vtable for wxNavigationEnabled<wxWindow> in e5d20a70_wxownerdrawnpanel.o
      ...
  "wxWindow::RemoveChild(wxWindowBase*)", referenced from:
      wxNavigationEnabled<wxWindow>::RemoveChild(wxWindowBase*) in edf3cd3c_Panel.o
      wxNavigationEnabled<wxWindow>::RemoveChild(wxWindowBase*) in edf3cd3c_ScrolledWindow.o
      wxNavigationEnabled<wxListCtrlBase>::RemoveChild(wxWindowBase*) in edf3cd3c_ListView.o
      wxNavigationEnabled<wxListCtrlBase>::RemoveChild(wxWindowBase*) in edf3cd3c_ListCtrl.o
      wxNavigationEnabled<wxWindow>::RemoveChild(wxWindowBase*) in e5d20a70_wxownerdrawnpanel.o
  "wxWindow::WarpPointer(int, int)", referenced from:
      vtable for wxNavigationEnabled<wxWindow> in edf3cd3c_Panel.o
      vtable for wxScrolled<wxPanel> in edf3cd3c_ScrolledWindow.o
      vtable for wxNavigationEnabled<wxWindow> in edf3cd3c_ScrolledWindow.o
      vtable for wxNavigationEnabled<wxListCtrlBase> in edf3cd3c_ListView.o
      vtable for wxNavigationEnabled<wxListCtrlBase> in edf3cd3c_ListCtrl.o
      vtable for wxOwnerDrawnPanel in e5d20a70_wxownerdrawnpanel.o
      vtable for wxNavigationEnabled<wxWindow> in e5d20a70_wxownerdrawnpanel.o
      ...
  "wxWindow::DoMoveWindow(int, int, int, int)", referenced from:
      vtable for wxNavigationEnabled<wxWindow> in edf3cd3c_Panel.o
      vtable for wxScrolled<wxPanel> in edf3cd3c_ScrolledWindow.o
      vtable for wxNavigationEnabled<wxWindow> in edf3cd3c_ScrolledWindow.o
      vtable for wxNavigationEnabled<wxListCtrlBase> in edf3cd3c_ListView.o
      vtable for wxNavigationEnabled<wxListCtrlBase> in edf3cd3c_ListCtrl.o
      vtable for wxOwnerDrawnPanel in e5d20a70_wxownerdrawnpanel.o
      vtable for wxNavigationEnabled<wxWindow> in e5d20a70_wxownerdrawnpanel.o
      ...
  "wxWindow::DoSetToolTip(wxToolTip*)", referenced from:
      vtable for wxNavigationEnabled<wxWindow> in edf3cd3c_Panel.o
      vtable for wxScrolled<wxPanel> in edf3cd3c_ScrolledWindow.o
      vtable for wxNavigationEnabled<wxWindow> in edf3cd3c_ScrolledWindow.o
      vtable for wxNavigationEnabled<wxListCtrlBase> in edf3cd3c_ListView.o
      vtable for wxNavigationEnabled<wxListCtrlBase> in edf3cd3c_ListCtrl.o
      vtable for wxOwnerDrawnPanel in e5d20a70_wxownerdrawnpanel.o
      vtable for wxNavigationEnabled<wxWindow> in e5d20a70_wxownerdrawnpanel.o
      ...
  "wxWindow::ScrollWindow(int, int, wxRect const*)", referenced from:
      vtable for wxNavigationEnabled<wxWindow> in edf3cd3c_Panel.o
      vtable for wxScrolled<wxPanel> in edf3cd3c_ScrolledWindow.o
      vtable for wxNavigationEnabled<wxWindow> in edf3cd3c_ScrolledWindow.o
      vtable for wxNavigationEnabled<wxListCtrlBase> in edf3cd3c_ListView.o
      vtable for wxNavigationEnabled<wxListCtrlBase> in edf3cd3c_ListCtrl.o
      vtable for wxOwnerDrawnPanel in e5d20a70_wxownerdrawnpanel.o
      vtable for wxNavigationEnabled<wxWindow> in e5d20a70_wxownerdrawnpanel.o
      ...
  "wxWindow::SetScrollPos(int, int, bool)", referenced from:
      vtable for wxNavigationEnabled<wxWindow> in edf3cd3c_Panel.o
      vtable for wxScrolled<wxPanel> in edf3cd3c_ScrolledWindow.o
      vtable for wxNavigationEnabled<wxWindow> in edf3cd3c_ScrolledWindow.o
      vtable for wxNavigationEnabled<wxListCtrlBase> in edf3cd3c_ListView.o
      vtable for wxNavigationEnabled<wxListCtrlBase> in edf3cd3c_ListCtrl.o
      vtable for wxOwnerDrawnPanel in e5d20a70_wxownerdrawnpanel.o
      vtable for wxNavigationEnabled<wxWindow> in e5d20a70_wxownerdrawnpanel.o
      ...
  "wxWindow::SetScrollbar(int, int, int, int, bool)", referenced from:
      vtable for wxNavigationEnabled<wxWindow> in edf3cd3c_Panel.o
      vtable for wxScrolled<wxPanel> in edf3cd3c_ScrolledWindow.o
      vtable for wxNavigationEnabled<wxWindow> in edf3cd3c_ScrolledWindow.o
      vtable for wxNavigationEnabled<wxListCtrlBase> in edf3cd3c_ListView.o
      vtable for wxNavigationEnabled<wxListCtrlBase> in edf3cd3c_ListCtrl.o
      vtable for wxOwnerDrawnPanel in e5d20a70_wxownerdrawnpanel.o
      vtable for wxNavigationEnabled<wxWindow> in e5d20a70_wxownerdrawnpanel.o
      ...
  "wxWindow::MacChildAdded()", referenced from:
      vtable for wxNavigationEnabled<wxWindow> in edf3cd3c_Panel.o
      vtable for wxScrolled<wxPanel> in edf3cd3c_ScrolledWindow.o
      vtable for wxNavigationEnabled<wxWindow> in edf3cd3c_ScrolledWindow.o
      vtable for wxNavigationEnabled<wxListCtrlBase> in edf3cd3c_ListView.o
      vtable for wxNavigationEnabled<wxListCtrlBase> in edf3cd3c_ListCtrl.o
      vtable for wxOwnerDrawnPanel in e5d20a70_wxownerdrawnpanel.o
      vtable for wxNavigationEnabled<wxWindow> in e5d20a70_wxownerdrawnpanel.o
      ...
  "wxWindow::MacControlHit(void*, void*)", referenced from:
      vtable for wxNavigationEnabled<wxWindow> in edf3cd3c_Panel.o
      vtable for wxScrolled<wxPanel> in edf3cd3c_ScrolledWindow.o
      vtable for wxNavigationEnabled<wxWindow> in edf3cd3c_ScrolledWindow.o
      vtable for wxNavigationEnabled<wxListCtrlBase> in edf3cd3c_ListView.o
      vtable for wxNavigationEnabled<wxListCtrlBase> in edf3cd3c_ListCtrl.o
      vtable for wxOwnerDrawnPanel in e5d20a70_wxownerdrawnpanel.o
      vtable for wxNavigationEnabled<wxWindow> in e5d20a70_wxownerdrawnpanel.o
      ...
  "wxWindow::SendSizeEvent(int)", referenced from:
      vtable for wxNavigationEnabled<wxWindow> in edf3cd3c_Panel.o
      vtable for wxScrolled<wxPanel> in edf3cd3c_ScrolledWindow.o
      vtable for wxNavigationEnabled<wxWindow> in edf3cd3c_ScrolledWindow.o
      vtable for wxNavigationEnabled<wxListCtrlBase> in edf3cd3c_ListView.o
      vtable for wxNavigationEnabled<wxListCtrlBase> in edf3cd3c_ListCtrl.o
      vtable for wxOwnerDrawnPanel in e5d20a70_wxownerdrawnpanel.o
      vtable for wxNavigationEnabled<wxWindow> in e5d20a70_wxownerdrawnpanel.o
      ...
  "wxWindow::SetDropTarget(wxDropTarget*)", referenced from:
      vtable for wxNavigationEnabled<wxWindow> in edf3cd3c_Panel.o
      vtable for wxScrolled<wxPanel> in edf3cd3c_ScrolledWindow.o
      vtable for wxNavigationEnabled<wxWindow> in edf3cd3c_ScrolledWindow.o
      vtable for wxNavigationEnabled<wxListCtrlBase> in edf3cd3c_ListView.o
      vtable for wxNavigationEnabled<wxListCtrlBase> in edf3cd3c_ListCtrl.o
      vtable for wxOwnerDrawnPanel in e5d20a70_wxownerdrawnpanel.o
      vtable for wxNavigationEnabled<wxWindow> in e5d20a70_wxownerdrawnpanel.o
      ...
  "wxWindow::DoCaptureMouse()", referenced from:
      vtable for wxNavigationEnabled<wxWindow> in edf3cd3c_Panel.o
      vtable for wxScrolled<wxPanel> in edf3cd3c_ScrolledWindow.o
      vtable for wxNavigationEnabled<wxWindow> in edf3cd3c_ScrolledWindow.o
      vtable for wxNavigationEnabled<wxListCtrlBase> in edf3cd3c_ListView.o
      vtable for wxNavigationEnabled<wxListCtrlBase> in edf3cd3c_ListCtrl.o
      vtable for wxOwnerDrawnPanel in e5d20a70_wxownerdrawnpanel.o
      vtable for wxNavigationEnabled<wxWindow> in e5d20a70_wxownerdrawnpanel.o
      ...
  "wxWindow::DoReleaseMouse()", referenced from:
      vtable for wxNavigationEnabled<wxWindow> in edf3cd3c_Panel.o
      vtable for wxScrolled<wxPanel> in edf3cd3c_ScrolledWindow.o
      vtable for wxNavigationEnabled<wxWindow> in edf3cd3c_ScrolledWindow.o
      vtable for wxNavigationEnabled<wxListCtrlBase> in edf3cd3c_ListView.o
      vtable for wxNavigationEnabled<wxListCtrlBase> in edf3cd3c_ListCtrl.o
      vtable for wxOwnerDrawnPanel in e5d20a70_wxownerdrawnpanel.o
      vtable for wxNavigationEnabled<wxWindow> in e5d20a70_wxownerdrawnpanel.o
      ...
  "wxWindow::MacSetupCursor(wxPoint const&)", referenced from:
      vtable for wxNavigationEnabled<wxWindow> in edf3cd3c_Panel.o
      vtable for wxScrolled<wxPanel> in edf3cd3c_ScrolledWindow.o
      vtable for wxNavigationEnabled<wxWindow> in edf3cd3c_ScrolledWindow.o
      vtable for wxNavigationEnabled<wxListCtrlBase> in edf3cd3c_ListView.o
      vtable for wxNavigationEnabled<wxListCtrlBase> in edf3cd3c_ListCtrl.o
      vtable for wxOwnerDrawnPanel in e5d20a70_wxownerdrawnpanel.o
      vtable for wxNavigationEnabled<wxWindow> in e5d20a70_wxownerdrawnpanel.o
      ...
  "wxWindow::RegisterHotKey(int, int, int)", referenced from:
      vtable for wxNavigationEnabled<wxWindow> in edf3cd3c_Panel.o
      vtable for wxScrolled<wxPanel> in edf3cd3c_ScrolledWindow.o
      vtable for wxNavigationEnabled<wxWindow> in edf3cd3c_ScrolledWindow.o
      vtable for wxNavigationEnabled<wxListCtrlBase> in edf3cd3c_ListView.o
      vtable for wxNavigationEnabled<wxListCtrlBase> in edf3cd3c_ListCtrl.o
      vtable for wxOwnerDrawnPanel in e5d20a70_wxownerdrawnpanel.o
      vtable for wxNavigationEnabled<wxWindow> in e5d20a70_wxownerdrawnpanel.o
      ...
  "wxWindow::SetTransparent(unsigned char)", referenced from:
      vtable for wxNavigationEnabled<wxWindow> in edf3cd3c_Panel.o
      vtable for wxScrolled<wxPanel> in edf3cd3c_ScrolledWindow.o
      vtable for wxNavigationEnabled<wxWindow> in edf3cd3c_ScrolledWindow.o
      vtable for wxNavigationEnabled<wxListCtrlBase> in edf3cd3c_ListView.o
      vtable for wxNavigationEnabled<wxListCtrlBase> in edf3cd3c_ListCtrl.o
      vtable for wxOwnerDrawnPanel in e5d20a70_wxownerdrawnpanel.o
      vtable for wxNavigationEnabled<wxWindow> in e5d20a70_wxownerdrawnpanel.o
      ...
  "wxWindow::ClearBackground()", referenced from:
      vtable for wxNavigationEnabled<wxWindow> in edf3cd3c_Panel.o
      vtable for wxScrolled<wxPanel> in edf3cd3c_ScrolledWindow.o
      vtable for wxNavigationEnabled<wxWindow> in edf3cd3c_ScrolledWindow.o
      vtable for wxNavigationEnabled<wxListCtrlBase> in edf3cd3c_ListView.o
      vtable for wxNavigationEnabled<wxListCtrlBase> in edf3cd3c_ListCtrl.o
      vtable for wxOwnerDrawnPanel in e5d20a70_wxownerdrawnpanel.o
      vtable for wxNavigationEnabled<wxWindow> in e5d20a70_wxownerdrawnpanel.o
      ...
  "wxWindow::DoSetClientSize(int, int)", referenced from:
      vtable for wxNavigationEnabled<wxWindow> in edf3cd3c_Panel.o
      vtable for wxScrolled<wxPanel> in edf3cd3c_ScrolledWindow.o
      vtable for wxNavigationEnabled<wxWindow> in edf3cd3c_ScrolledWindow.o
      vtable for wxNavigationEnabled<wxListCtrlBase> in edf3cd3c_ListView.o
      vtable for wxNavigationEnabled<wxListCtrlBase> in edf3cd3c_ListCtrl.o
      vtable for wxOwnerDrawnPanel in e5d20a70_wxownerdrawnpanel.o
      vtable for wxNavigationEnabled<wxWindow> in e5d20a70_wxownerdrawnpanel.o
      ...
  "wxWindow::MacPaintBorders(int, int)", referenced from:
      vtable for wxNavigationEnabled<wxWindow> in edf3cd3c_Panel.o
      vtable for wxScrolled<wxPanel> in edf3cd3c_ScrolledWindow.o
      vtable for wxNavigationEnabled<wxWindow> in edf3cd3c_ScrolledWindow.o
      vtable for wxNavigationEnabled<wxListCtrlBase> in edf3cd3c_ListView.o
      vtable for wxNavigationEnabled<wxListCtrlBase> in edf3cd3c_ListCtrl.o
      vtable for wxOwnerDrawnPanel in e5d20a70_wxownerdrawnpanel.o
      vtable for wxNavigationEnabled<wxWindow> in e5d20a70_wxownerdrawnpanel.o
      ...
  "wxWindow::MacHiliteChanged()", referenced from:
      vtable for wxNavigationEnabled<wxWindow> in edf3cd3c_Panel.o
      vtable for wxScrolled<wxPanel> in edf3cd3c_ScrolledWindow.o
      vtable for wxNavigationEnabled<wxWindow> in edf3cd3c_ScrolledWindow.o
      vtable for wxNavigationEnabled<wxListCtrlBase> in edf3cd3c_ListView.o
      vtable for wxNavigationEnabled<wxListCtrlBase> in edf3cd3c_ListCtrl.o
      vtable for wxOwnerDrawnPanel in e5d20a70_wxownerdrawnpanel.o
      vtable for wxNavigationEnabled<wxWindow> in e5d20a70_wxownerdrawnpanel.o
      ...
  "wxWindow::OSXHandleClicked(double)", referenced from:
      vtable for wxNavigationEnabled<wxWindow> in edf3cd3c_Panel.o
      vtable for wxScrolled<wxPanel> in edf3cd3c_ScrolledWindow.o
      vtable for wxNavigationEnabled<wxWindow> in edf3cd3c_ScrolledWindow.o
      vtable for wxNavigationEnabled<wxListCtrlBase> in edf3cd3c_ListView.o
      vtable for wxNavigationEnabled<wxListCtrlBase> in edf3cd3c_ListCtrl.o
      vtable for wxOwnerDrawnPanel in e5d20a70_wxownerdrawnpanel.o
      vtable for wxNavigationEnabled<wxWindow> in e5d20a70_wxownerdrawnpanel.o
      ...
  "wxWindow::UnregisterHotKey(int)", referenced from:
      vtable for wxNavigationEnabled<wxWindow> in edf3cd3c_Panel.o
      vtable for wxScrolled<wxPanel> in edf3cd3c_ScrolledWindow.o
      vtable for wxNavigationEnabled<wxWindow> in edf3cd3c_ScrolledWindow.o
      vtable for wxNavigationEnabled<wxListCtrlBase> in edf3cd3c_ListView.o
      vtable for wxNavigationEnabled<wxListCtrlBase> in edf3cd3c_ListCtrl.o
      vtable for wxOwnerDrawnPanel in e5d20a70_wxownerdrawnpanel.o
      vtable for wxNavigationEnabled<wxWindow> in e5d20a70_wxownerdrawnpanel.o
      ...
  "wxWindow::CanSetTransparent()", referenced from:
      vtable for wxNavigationEnabled<wxWindow> in edf3cd3c_Panel.o
      vtable for wxScrolled<wxPanel> in edf3cd3c_ScrolledWindow.o
      vtable for wxNavigationEnabled<wxWindow> in edf3cd3c_ScrolledWindow.o
      vtable for wxNavigationEnabled<wxListCtrlBase> in edf3cd3c_ListView.o
      vtable for wxNavigationEnabled<wxListCtrlBase> in edf3cd3c_ListCtrl.o
      vtable for wxOwnerDrawnPanel in e5d20a70_wxownerdrawnpanel.o
      vtable for wxNavigationEnabled<wxWindow> in e5d20a70_wxownerdrawnpanel.o
      ...
  "wxWindow::EnableTouchEvents(int)", referenced from:
      vtable for wxNavigationEnabled<wxWindow> in edf3cd3c_Panel.o
      vtable for wxScrolled<wxPanel> in edf3cd3c_ScrolledWindow.o
      vtable for wxNavigationEnabled<wxWindow> in edf3cd3c_ScrolledWindow.o
      vtable for wxNavigationEnabled<wxListCtrlBase> in edf3cd3c_ListView.o
      vtable for wxNavigationEnabled<wxListCtrlBase> in edf3cd3c_ListCtrl.o
      vtable for wxOwnerDrawnPanel in e5d20a70_wxownerdrawnpanel.o
      vtable for wxNavigationEnabled<wxWindow> in e5d20a70_wxownerdrawnpanel.o
      ...
  "wxWindow::OSXHandleKeyEvent(wxKeyEvent&)", referenced from:
      vtable for wxNavigationEnabled<wxWindow> in edf3cd3c_Panel.o
      vtable for wxScrolled<wxPanel> in edf3cd3c_ScrolledWindow.o
      vtable for wxNavigationEnabled<wxWindow> in edf3cd3c_ScrolledWindow.o
      vtable for wxNavigationEnabled<wxListCtrlBase> in edf3cd3c_ListView.o
      vtable for wxNavigationEnabled<wxListCtrlBase> in edf3cd3c_ListCtrl.o
      vtable for wxOwnerDrawnPanel in e5d20a70_wxownerdrawnpanel.o
      vtable for wxNavigationEnabled<wxWindow> in e5d20a70_wxownerdrawnpanel.o
      ...
  "wxWindow::OSXShowWithEffect(bool, wxShowEffect, unsigned int)", referenced from:
      vtable for wxNavigationEnabled<wxWindow> in edf3cd3c_Panel.o
      vtable for wxScrolled<wxPanel> in edf3cd3c_ScrolledWindow.o
      vtable for wxNavigationEnabled<wxWindow> in edf3cd3c_ScrolledWindow.o
      vtable for wxNavigationEnabled<wxListCtrlBase> in edf3cd3c_ListView.o
      vtable for wxNavigationEnabled<wxListCtrlBase> in edf3cd3c_ListCtrl.o
      vtable for wxOwnerDrawnPanel in e5d20a70_wxownerdrawnpanel.o
      vtable for wxNavigationEnabled<wxWindow> in e5d20a70_wxownerdrawnpanel.o
      ...
  "wxWindow::DoSetWindowVariant(wxWindowVariant)", referenced from:
      vtable for wxNavigationEnabled<wxWindow> in edf3cd3c_Panel.o
      vtable for wxScrolled<wxPanel> in edf3cd3c_ScrolledWindow.o
      vtable for wxNavigationEnabled<wxWindow> in edf3cd3c_ScrolledWindow.o
      vtable for wxNavigationEnabled<wxListCtrlBase> in edf3cd3c_ListView.o
      vtable for wxNavigationEnabled<wxListCtrlBase> in edf3cd3c_ListCtrl.o
      vtable for wxOwnerDrawnPanel in e5d20a70_wxownerdrawnpanel.o
      vtable for wxNavigationEnabled<wxWindow> in e5d20a70_wxownerdrawnpanel.o
      ...
  "wxWindow::EnableVisibleFocus(bool)", referenced from:
      vtable for wxNavigationEnabled<wxWindow> in edf3cd3c_Panel.o
      vtable for wxScrolled<wxPanel> in edf3cd3c_ScrolledWindow.o
      vtable for wxNavigationEnabled<wxWindow> in edf3cd3c_ScrolledWindow.o
      vtable for wxNavigationEnabled<wxListCtrlBase> in edf3cd3c_ListView.o
      vtable for wxNavigationEnabled<wxListCtrlBase> in edf3cd3c_ListCtrl.o
      vtable for wxOwnerDrawnPanel in e5d20a70_wxownerdrawnpanel.o
      vtable for wxNavigationEnabled<wxWindow> in e5d20a70_wxownerdrawnpanel.o
      ...
  "wxWindow::SetBackgroundStyle(wxBackgroundStyle)", referenced from:
      vtable for wxNavigationEnabled<wxWindow> in edf3cd3c_Panel.o
      vtable for wxScrolled<wxPanel> in edf3cd3c_ScrolledWindow.o
      vtable for wxNavigationEnabled<wxWindow> in edf3cd3c_ScrolledWindow.o
      vtable for wxNavigationEnabled<wxListCtrlBase> in edf3cd3c_ListView.o
      vtable for wxNavigationEnabled<wxListCtrlBase> in edf3cd3c_ListCtrl.o
      wxOwnerDrawnPanel::wxOwnerDrawnPanel(wxWindow*) in e5d20a70_wxownerdrawnpanel.o
      vtable for wxOwnerDrawnPanel in e5d20a70_wxownerdrawnpanel.o
      ...
  "wxWindow::TriggerScrollEvent(int)", referenced from:
      vtable for wxNavigationEnabled<wxWindow> in edf3cd3c_Panel.o
      vtable for wxScrolled<wxPanel> in edf3cd3c_ScrolledWindow.o
      vtable for wxNavigationEnabled<wxWindow> in edf3cd3c_ScrolledWindow.o
      vtable for wxNavigationEnabled<wxListCtrlBase> in edf3cd3c_ListView.o
      vtable for wxNavigationEnabled<wxListCtrlBase> in edf3cd3c_ListCtrl.o
      vtable for wxOwnerDrawnPanel in e5d20a70_wxownerdrawnpanel.o
      vtable for wxNavigationEnabled<wxWindow> in e5d20a70_wxownerdrawnpanel.o
      ...
  "wxWindow::MacGetToolTipString(wxPoint&)", referenced from:
      vtable for wxNavigationEnabled<wxWindow> in edf3cd3c_Panel.o
      vtable for wxScrolled<wxPanel> in edf3cd3c_ScrolledWindow.o
      vtable for wxNavigationEnabled<wxWindow> in edf3cd3c_ScrolledWindow.o
      vtable for wxNavigationEnabled<wxListCtrlBase> in edf3cd3c_ListView.o
      vtable for wxNavigationEnabled<wxListCtrlBase> in edf3cd3c_ListCtrl.o
      vtable for wxOwnerDrawnPanel in e5d20a70_wxownerdrawnpanel.o
      vtable for wxNavigationEnabled<wxWindow> in e5d20a70_wxownerdrawnpanel.o
      ...
  "wxWindow::SetBackgroundColour(wxColour const&)", referenced from:
      vtable for wxNavigationEnabled<wxWindow> in edf3cd3c_Panel.o
      vtable for wxScrolled<wxPanel> in edf3cd3c_ScrolledWindow.o
      vtable for wxNavigationEnabled<wxWindow> in edf3cd3c_ScrolledWindow.o
      vtable for wxNavigationEnabled<wxListCtrlBase> in edf3cd3c_ListView.o
      vtable for wxNavigationEnabled<wxListCtrlBase> in edf3cd3c_ListCtrl.o
      vtable for wxOwnerDrawnPanel in e5d20a70_wxownerdrawnpanel.o
      vtable for wxNavigationEnabled<wxWindow> in e5d20a70_wxownerdrawnpanel.o
      ...
  "wxWindow::SetForegroundColour(wxColour const&)", referenced from:
      vtable for wxNavigationEnabled<wxWindow> in edf3cd3c_Panel.o
      vtable for wxScrolled<wxPanel> in edf3cd3c_ScrolledWindow.o
      vtable for wxNavigationEnabled<wxWindow> in edf3cd3c_ScrolledWindow.o
      vtable for wxNavigationEnabled<wxListCtrlBase> in edf3cd3c_ListView.o
      vtable for wxNavigationEnabled<wxListCtrlBase> in edf3cd3c_ListCtrl.o
      vtable for wxOwnerDrawnPanel in e5d20a70_wxownerdrawnpanel.o
      vtable for wxNavigationEnabled<wxWindow> in e5d20a70_wxownerdrawnpanel.o
      ...
  "wxWindow::AlwaysShowScrollbars(bool, bool)", referenced from:
      vtable for wxNavigationEnabled<wxWindow> in edf3cd3c_Panel.o
      vtable for wxScrolled<wxPanel> in edf3cd3c_ScrolledWindow.o
      vtable for wxNavigationEnabled<wxWindow> in edf3cd3c_ScrolledWindow.o
      vtable for wxNavigationEnabled<wxListCtrlBase> in edf3cd3c_ListView.o
      vtable for wxNavigationEnabled<wxListCtrlBase> in edf3cd3c_ListCtrl.o
      vtable for wxOwnerDrawnPanel in e5d20a70_wxownerdrawnpanel.o
      vtable for wxNavigationEnabled<wxWindow> in e5d20a70_wxownerdrawnpanel.o
      ...
  "wxWindow::MacVisibilityChanged()", referenced from:
      vtable for wxNavigationEnabled<wxWindow> in edf3cd3c_Panel.o
      vtable for wxScrolled<wxPanel> in edf3cd3c_ScrolledWindow.o
      vtable for wxNavigationEnabled<wxWindow> in edf3cd3c_ScrolledWindow.o
      vtable for wxNavigationEnabled<wxListCtrlBase> in edf3cd3c_ListView.o
      vtable for wxNavigationEnabled<wxListCtrlBase> in edf3cd3c_ListCtrl.o
      vtable for wxOwnerDrawnPanel in e5d20a70_wxownerdrawnpanel.o
      vtable for wxNavigationEnabled<wxWindow> in e5d20a70_wxownerdrawnpanel.o
      ...
  "wxWindow::MacEnabledStateChanged()", referenced from:
      vtable for wxNavigationEnabled<wxWindow> in edf3cd3c_Panel.o
      vtable for wxScrolled<wxPanel> in edf3cd3c_ScrolledWindow.o
      vtable for wxNavigationEnabled<wxWindow> in edf3cd3c_ScrolledWindow.o
      vtable for wxNavigationEnabled<wxListCtrlBase> in edf3cd3c_ListView.o
      vtable for wxNavigationEnabled<wxListCtrlBase> in edf3cd3c_ListCtrl.o
      vtable for wxOwnerDrawnPanel in e5d20a70_wxownerdrawnpanel.o
      vtable for wxNavigationEnabled<wxWindow> in e5d20a70_wxownerdrawnpanel.o
      ...
  "wxWindow::OSXSimulateFocusEvents()", referenced from:
      vtable for wxNavigationEnabled<wxWindow> in edf3cd3c_Panel.o
      vtable for wxScrolled<wxPanel> in edf3cd3c_ScrolledWindow.o
      vtable for wxNavigationEnabled<wxWindow> in edf3cd3c_ScrolledWindow.o
      vtable for wxNavigationEnabled<wxListCtrlBase> in edf3cd3c_ListView.o
      vtable for wxNavigationEnabled<wxListCtrlBase> in edf3cd3c_ListCtrl.o
      vtable for wxOwnerDrawnPanel in e5d20a70_wxownerdrawnpanel.o
      vtable for wxNavigationEnabled<wxWindow> in e5d20a70_wxownerdrawnpanel.o
      ...
  "wxWindow::MacPaintChildrenBorders()", referenced from:
      vtable for wxNavigationEnabled<wxWindow> in edf3cd3c_Panel.o
      vtable for wxScrolled<wxPanel> in edf3cd3c_ScrolledWindow.o
      vtable for wxNavigationEnabled<wxWindow> in edf3cd3c_ScrolledWindow.o
      vtable for wxNavigationEnabled<wxListCtrlBase> in edf3cd3c_ListView.o
      vtable for wxNavigationEnabled<wxListCtrlBase> in edf3cd3c_ListCtrl.o
      vtable for wxOwnerDrawnPanel in e5d20a70_wxownerdrawnpanel.o
      vtable for wxNavigationEnabled<wxWindow> in e5d20a70_wxownerdrawnpanel.o
      ...
  "wxWindow::MacSuperChangedPosition()", referenced from:
      vtable for wxNavigationEnabled<wxWindow> in edf3cd3c_Panel.o
      vtable for wxScrolled<wxPanel> in edf3cd3c_ScrolledWindow.o
      vtable for wxNavigationEnabled<wxWindow> in edf3cd3c_ScrolledWindow.o
      vtable for wxNavigationEnabled<wxListCtrlBase> in edf3cd3c_ListView.o
      vtable for wxNavigationEnabled<wxListCtrlBase> in edf3cd3c_ListCtrl.o
      vtable for wxOwnerDrawnPanel in e5d20a70_wxownerdrawnpanel.o
      vtable for wxNavigationEnabled<wxWindow> in e5d20a70_wxownerdrawnpanel.o
      ...
  "wxWindow::MacTopLevelWindowChangedPosition()", referenced from:
      vtable for wxNavigationEnabled<wxWindow> in edf3cd3c_Panel.o
      vtable for wxScrolled<wxPanel> in edf3cd3c_ScrolledWindow.o
      vtable for wxNavigationEnabled<wxWindow> in edf3cd3c_ScrolledWindow.o
      vtable for wxNavigationEnabled<wxListCtrlBase> in edf3cd3c_ListView.o
      vtable for wxNavigationEnabled<wxListCtrlBase> in edf3cd3c_ListCtrl.o
      vtable for wxOwnerDrawnPanel in e5d20a70_wxownerdrawnpanel.o
      vtable for wxNavigationEnabled<wxWindow> in e5d20a70_wxownerdrawnpanel.o
      ...
  "wxWindow::Show(bool)", referenced from:
      vtable for wxNavigationEnabled<wxWindow> in edf3cd3c_Panel.o
      vtable for wxScrolled<wxPanel> in edf3cd3c_ScrolledWindow.o
      vtable for wxNavigationEnabled<wxWindow> in edf3cd3c_ScrolledWindow.o
      vtable for wxNavigationEnabled<wxListCtrlBase> in edf3cd3c_ListView.o
      vtable for wxNavigationEnabled<wxListCtrlBase> in edf3cd3c_ListCtrl.o
      vtable for wxOwnerDrawnPanel in e5d20a70_wxownerdrawnpanel.o
      vtable for wxNavigationEnabled<wxWindow> in e5d20a70_wxownerdrawnpanel.o
      ...
  "wxWindow::Lower()", referenced from:
      vtable for wxNavigationEnabled<wxWindow> in edf3cd3c_Panel.o
      vtable for wxScrolled<wxPanel> in edf3cd3c_ScrolledWindow.o
      vtable for wxNavigationEnabled<wxWindow> in edf3cd3c_ScrolledWindow.o
      vtable for wxNavigationEnabled<wxListCtrlBase> in edf3cd3c_ListView.o
      vtable for wxNavigationEnabled<wxListCtrlBase> in edf3cd3c_ListCtrl.o
      vtable for wxOwnerDrawnPanel in e5d20a70_wxownerdrawnpanel.o
      vtable for wxNavigationEnabled<wxWindow> in e5d20a70_wxownerdrawnpanel.o
      ...
  "wxWindow::Raise()", referenced from:
      vtable for wxNavigationEnabled<wxWindow> in edf3cd3c_Panel.o
      vtable for wxScrolled<wxPanel> in edf3cd3c_ScrolledWindow.o
      vtable for wxNavigationEnabled<wxWindow> in edf3cd3c_ScrolledWindow.o
      vtable for wxNavigationEnabled<wxListCtrlBase> in edf3cd3c_ListView.o
      vtable for wxNavigationEnabled<wxListCtrlBase> in edf3cd3c_ListCtrl.o
      vtable for wxOwnerDrawnPanel in e5d20a70_wxownerdrawnpanel.o
      vtable for wxNavigationEnabled<wxWindow> in e5d20a70_wxownerdrawnpanel.o
      ...
  "wxWindow::DoThaw()", referenced from:
      vtable for wxNavigationEnabled<wxWindow> in edf3cd3c_Panel.o
      vtable for wxScrolled<wxPanel> in edf3cd3c_ScrolledWindow.o
      vtable for wxNavigationEnabled<wxWindow> in edf3cd3c_ScrolledWindow.o
      vtable for wxNavigationEnabled<wxListCtrlBase> in edf3cd3c_ListView.o
      vtable for wxNavigationEnabled<wxListCtrlBase> in edf3cd3c_ListCtrl.o
      vtable for wxOwnerDrawnPanel in e5d20a70_wxownerdrawnpanel.o
      vtable for wxNavigationEnabled<wxWindow> in e5d20a70_wxownerdrawnpanel.o
      ...
  "wxWindow::Update()", referenced from:
      vtable for wxNavigationEnabled<wxWindow> in edf3cd3c_Panel.o
      vtable for wxScrolled<wxPanel> in edf3cd3c_ScrolledWindow.o
      vtable for wxNavigationEnabled<wxWindow> in edf3cd3c_ScrolledWindow.o
      vtable for wxNavigationEnabled<wxListCtrlBase> in edf3cd3c_ListView.o
      vtable for wxNavigationEnabled<wxListCtrlBase> in edf3cd3c_ListCtrl.o
      vtable for wxOwnerDrawnPanel in e5d20a70_wxownerdrawnpanel.o
      vtable for wxNavigationEnabled<wxWindow> in e5d20a70_wxownerdrawnpanel.o
      ...
  "wxWindow::Refresh(bool, wxRect const*)", referenced from:
      vtable for wxNavigationEnabled<wxWindow> in edf3cd3c_Panel.o
      vtable for wxScrolled<wxPanel> in edf3cd3c_ScrolledWindow.o
      vtable for wxNavigationEnabled<wxWindow> in edf3cd3c_ScrolledWindow.o
      vtable for wxNavigationEnabled<wxListCtrlBase> in edf3cd3c_ListView.o
      vtable for wxNavigationEnabled<wxListCtrlBase> in edf3cd3c_ListCtrl.o
      vtable for wxOwnerDrawnPanel in e5d20a70_wxownerdrawnpanel.o
      vtable for wxNavigationEnabled<wxWindow> in e5d20a70_wxownerdrawnpanel.o
      ...
  "wxWindow::SetFont(wxFont const&)", referenced from:
      vtable for wxNavigationEnabled<wxWindow> in edf3cd3c_Panel.o
      vtable for wxScrolled<wxPanel> in edf3cd3c_ScrolledWindow.o
      vtable for wxNavigationEnabled<wxWindow> in edf3cd3c_ScrolledWindow.o
      vtable for wxOwnerDrawnPanel in e5d20a70_wxownerdrawnpanel.o
      vtable for wxNavigationEnabled<wxWindow> in e5d20a70_wxownerdrawnpanel.o
  "wxWindow::DoEnable(bool)", referenced from:
      vtable for wxNavigationEnabled<wxWindow> in edf3cd3c_Panel.o
      vtable for wxScrolled<wxPanel> in edf3cd3c_ScrolledWindow.o
      vtable for wxNavigationEnabled<wxWindow> in edf3cd3c_ScrolledWindow.o
      vtable for wxNavigationEnabled<wxListCtrlBase> in edf3cd3c_ListView.o
      vtable for wxNavigationEnabled<wxListCtrlBase> in edf3cd3c_ListCtrl.o
      vtable for wxOwnerDrawnPanel in e5d20a70_wxownerdrawnpanel.o
      vtable for wxNavigationEnabled<wxWindow> in e5d20a70_wxownerdrawnpanel.o
      ...
  "wxWindow::DoFreeze()", referenced from:
      vtable for wxNavigationEnabled<wxWindow> in edf3cd3c_Panel.o
      vtable for wxScrolled<wxPanel> in edf3cd3c_ScrolledWindow.o
      vtable for wxNavigationEnabled<wxWindow> in edf3cd3c_ScrolledWindow.o
      vtable for wxNavigationEnabled<wxListCtrlBase> in edf3cd3c_ListView.o
      vtable for wxNavigationEnabled<wxListCtrlBase> in edf3cd3c_ListCtrl.o
      vtable for wxOwnerDrawnPanel in e5d20a70_wxownerdrawnpanel.o
      vtable for wxNavigationEnabled<wxWindow> in e5d20a70_wxownerdrawnpanel.o
      ...
  "wxWindow::Reparent(wxWindowBase*)", referenced from:
      vtable for wxNavigationEnabled<wxWindow> in edf3cd3c_Panel.o
      vtable for wxScrolled<wxPanel> in edf3cd3c_ScrolledWindow.o
      vtable for wxNavigationEnabled<wxWindow> in edf3cd3c_ScrolledWindow.o
      vtable for wxNavigationEnabled<wxListCtrlBase> in edf3cd3c_ListView.o
      vtable for wxNavigationEnabled<wxListCtrlBase> in edf3cd3c_ListCtrl.o
      vtable for wxOwnerDrawnPanel in e5d20a70_wxownerdrawnpanel.o
      vtable for wxNavigationEnabled<wxWindow> in e5d20a70_wxownerdrawnpanel.o
      ...
  "wxWindow::SetFocus()", referenced from:
      wxNavigationEnabled<wxWindow>::SetFocus() in edf3cd3c_Panel.o
      wxNavigationEnabled<wxWindow>::SetFocus() in edf3cd3c_ScrolledWindow.o
      wxNavigationEnabled<wxListCtrlBase>::SetFocus() in edf3cd3c_ListView.o
      wxNavigationEnabled<wxListCtrlBase>::SetFocus() in edf3cd3c_ListCtrl.o
      wxNavigationEnabled<wxWindow>::SetFocus() in e5d20a70_wxownerdrawnpanel.o
  "wxWindow::SetLabel(wxString const&)", referenced from:
      vtable for wxNavigationEnabled<wxWindow> in edf3cd3c_Panel.o
      vtable for wxScrolled<wxPanel> in edf3cd3c_ScrolledWindow.o
      vtable for wxNavigationEnabled<wxWindow> in edf3cd3c_ScrolledWindow.o
      wxControlBase::SetLabel(wxString const&) in edf3cd3c_ListView.o
      wxControlBase::SetLabel(wxString const&) in edf3cd3c_ListCtrl.o
      vtable for wxOwnerDrawnPanel in e5d20a70_wxownerdrawnpanel.o
      vtable for wxNavigationEnabled<wxWindow> in e5d20a70_wxownerdrawnpanel.o
      ...
  "wxWindow::DoSetSize(int, int, int, int, int)", referenced from:
      vtable for wxNavigationEnabled<wxWindow> in edf3cd3c_Panel.o
      vtable for wxScrolled<wxPanel> in edf3cd3c_ScrolledWindow.o
      vtable for wxNavigationEnabled<wxWindow> in edf3cd3c_ScrolledWindow.o
      vtable for wxNavigationEnabled<wxListCtrlBase> in edf3cd3c_ListView.o
      vtable for wxNavigationEnabled<wxListCtrlBase> in edf3cd3c_ListCtrl.o
      vtable for wxOwnerDrawnPanel in e5d20a70_wxownerdrawnpanel.o
      vtable for wxNavigationEnabled<wxWindow> in e5d20a70_wxownerdrawnpanel.o
      ...
  "wxWindow::SetCursor(wxCursor const&)", referenced from:
      vtable for wxNavigationEnabled<wxWindow> in edf3cd3c_Panel.o
      vtable for wxScrolled<wxPanel> in edf3cd3c_ScrolledWindow.o
      vtable for wxNavigationEnabled<wxWindow> in edf3cd3c_ScrolledWindow.o
      vtable for wxNavigationEnabled<wxListCtrlBase> in edf3cd3c_ListView.o
      vtable for wxNavigationEnabled<wxListCtrlBase> in edf3cd3c_ListCtrl.o
      vtable for wxOwnerDrawnPanel in e5d20a70_wxownerdrawnpanel.o
      vtable for wxNavigationEnabled<wxWindow> in e5d20a70_wxownerdrawnpanel.o
      ...
  "wxWindow::wxWindow()", referenced from:
      wxNavigationEnabled<wxWindow>::wxNavigationEnabled() in edf3cd3c_Panel.o
      wxNavigationEnabled<wxWindow>::wxNavigationEnabled() in edf3cd3c_ScrolledWindow.o
      wxNavigationEnabled<wxWindow>::wxNavigationEnabled() in e5d20a70_wxownerdrawnpanel.o
  "wxWindow::~wxWindow()", referenced from:
      wxNavigationEnabled<wxWindow>::wxNavigationEnabled() in edf3cd3c_Panel.o
      wxNavigationEnabled<wxWindow>::~wxNavigationEnabled() in edf3cd3c_Panel.o
      wxNavigationEnabled<wxWindow>::~wxNavigationEnabled() in edf3cd3c_Panel.o
      hx::widgets::ScrolledWindow_obj::__construct(hx::ObjectPtr<hx::widgets::Window_obj>, hx::Null<int>, hx::Null<int>) in edf3cd3c_ScrolledWindow.o
      wxScrolled<wxPanel>::~wxScrolled() in edf3cd3c_ScrolledWindow.o
      wxScrolled<wxPanel>::~wxScrolled() in edf3cd3c_ScrolledWindow.o
      non-virtual thunk to wxScrolled<wxPanel>::~wxScrolled() in edf3cd3c_ScrolledWindow.o
      ...
  "wxControl::ProcessCommand(wxCommandEvent&)", referenced from:
      wxControl::Command(wxCommandEvent&) in edf3cd3c_ListView.o
      wxControl::Command(wxCommandEvent&) in edf3cd3c_ListCtrl.o
  "wxControl::Create(wxWindow*, int, wxPoint const&, wxSize const&, long, wxValidator const&, wxString const&)", referenced from:
      hx::widgets::Control_obj::__construct(hx::ObjectPtr<hx::widgets::Window_obj>, hx::Null<int>, hx::Null<int>) in edf3cd3c_Control.o
  "wxControl::wxControl()", referenced from:
      hx::widgets::Control_obj::__construct(hx::ObjectPtr<hx::widgets::Window_obj>, hx::Null<int>, hx::Null<int>) in edf3cd3c_Control.o
      hx::widgets::WebView_obj::__construct(hx::ObjectPtr<hx::widgets::Window_obj>, String, hx::Null<int>, hx::Null<int>) in edf3cd3c_WebView.o
      hx::widgets::WebView_obj::__Create(Array<Dynamic>) in edf3cd3c_WebView.o
      hx::widgets::WebView_obj::__new(hx::ObjectPtr<hx::widgets::Window_obj>, String, hx::Null<int>, hx::Null<int>) in edf3cd3c_WebView.o
      hx::widgets::WebView_obj::__alloc(hx::ImmixAllocator*, hx::ObjectPtr<hx::widgets::Window_obj>, String, hx::Null<int>, hx::Null<int>) in edf3cd3c_WebView.o
  "wxControl::wxControl()", referenced from:
      wxAnyButton::wxAnyButton() in edf3cd3c_Button.o
      hx::widgets::CheckBox_obj::__construct(hx::ObjectPtr<hx::widgets::Window_obj>, String, hx::Null<int>, hx::Null<int>) in edf3cd3c_CheckBox.o
      hx::widgets::RadioButton_obj::__construct(hx::ObjectPtr<hx::widgets::Window_obj>, String, hx::Null<int>, hx::Null<int>) in edf3cd3c_RadioButton.o
      hx::widgets::Choice_obj::__construct(hx::ObjectPtr<hx::widgets::Window_obj>, hx::Null<int>, hx::Null<int>) in edf3cd3c_Choice.o
      hx::widgets::StaticText_obj::__construct(hx::ObjectPtr<hx::widgets::Window_obj>, String, hx::Null<int>, hx::Null<int>) in edf3cd3c_StaticText.o
      hx::widgets::StaticBitmap_obj::__construct(hx::ObjectPtr<hx::widgets::Window_obj>, hx::ObjectPtr<hx::widgets::Bitmap_obj>, hx::Null<int>) in edf3cd3c_StaticBitmap.o
      hx::widgets::ComboBox_obj::__construct(hx::ObjectPtr<hx::widgets::Window_obj>, String, hx::Null<int>, hx::Null<int>) in edf3cd3c_ComboBox.o
      ...
  "wxMenuBar::s_macAutoWindowMenu", referenced from:
      hx::widgets::MenuBar_obj::get_autoWindowMenu() in edf3cd3c_MenuBar.o
      hx::widgets::__MenuBar_objget_autoWindowMenu() in edf3cd3c_MenuBar.o
      hx::widgets::MenuBar_obj::set_autoWindowMenu(bool) in edf3cd3c_MenuBar.o
      hx::widgets::__MenuBar_objset_autoWindowMenu(Dynamic const&) in edf3cd3c_MenuBar.o
      hx::widgets::MenuBar_obj::__GetStatic(String const&, Dynamic&, hx::PropertyAccessMode) in edf3cd3c_MenuBar.o
      hx::widgets::MenuBar_obj::__SetStatic(String const&, Dynamic&, hx::PropertyAccessMode) in edf3cd3c_MenuBar.o
  "wxMenuBar::wxMenuBar(long)", referenced from:
      hx::widgets::MenuBar_obj::__construct(hx::Null<int>, hx::Null<bool>) in edf3cd3c_MenuBar.o
  "wxPaintDC::wxPaintDC(wxWindow*)", referenced from:
      hx::widgets::PaintDC_obj::__construct(hx::ObjectPtr<hx::widgets::Window_obj>) in edf3cd3c_PaintDC.o
      hx::widgets::PaintDC_obj::__Create(Array<Dynamic>) in edf3cd3c_PaintDC.o
      hx::widgets::PaintDC_obj::__new(hx::ObjectPtr<hx::widgets::Window_obj>) in edf3cd3c_PaintDC.o
      hx::widgets::PaintDC_obj::__alloc(hx::ImmixAllocator*, hx::ObjectPtr<hx::widgets::Window_obj>) in edf3cd3c_PaintDC.o
      wxOwnerDrawnPanel::onPaintInternal(wxPaintEvent&) in e5d20a70_wxownerdrawnpanel.o
  "wxPrivate::GetUntypedNullData()", referenced from:
      wxString::wxString(char const*, wxMBConv const&, unsigned long) in edf3cd3c_Button.o
      wxString::wxString(char const*, wxMBConv const&, unsigned long) in edf3cd3c_CheckBox.o
      wxString::wxString(char const*, wxMBConv const&, unsigned long) in edf3cd3c_StaticBox.o
      wxString::wxString(char const*, wxMBConv const&, unsigned long) in edf3cd3c_MenuBar.o
      hx::widgets::Control_obj::get_label() in edf3cd3c_Control.o
      wxScopedCharTypeBuffer<char>::CreateNonOwned(char const*, unsigned long) in edf3cd3c_Control.o
      wxString::wxString(char const*) in edf3cd3c_Control.o
      ...
  "wxFontBase::GetPointSize() const", referenced from:
      hx::widgets::Font_obj::copy(wxFont) in edf3cd3c_Font.o
  "wxFontBase::GetFamily() const", referenced from:
      hx::widgets::Font_obj::copy(wxFont) in edf3cd3c_Font.o
  "wxFontBase::GetWeight() const", referenced from:
      hx::widgets::Font_obj::copy(wxFont) in edf3cd3c_Font.o
  "wxListBase::Find(wxListKey const&) const", referenced from:
      wxWindowList::Find(wxListKey const&) const in edf3cd3c_Window.o
      wxSizerItemList::Find(wxListKey const&) const in edf3cd3c_BoxSizer.o
      wxMenuItemList::Find(wxListKey const&) const in edf3cd3c_Menu.o
  "wxListBase::Item(unsigned long) const", referenced from:
      hx::widgets::Window_obj::get_children() in edf3cd3c_Window.o
  "wxEvtHandler::DoGetClientData() const", referenced from:
      vtable for wxNavigationEnabled<wxWindow> in edf3cd3c_Panel.o
      vtable for wxScrolled<wxPanel> in edf3cd3c_ScrolledWindow.o
      vtable for wxNavigationEnabled<wxWindow> in edf3cd3c_ScrolledWindow.o
      vtable for wxNavigationEnabled<wxListCtrlBase> in edf3cd3c_ListView.o
      vtable for wxNavigationEnabled<wxListCtrlBase> in edf3cd3c_ListCtrl.o
      vtable for wxOwnerDrawnPanel in e5d20a70_wxownerdrawnpanel.o
      vtable for wxNavigationEnabled<wxWindow> in e5d20a70_wxownerdrawnpanel.o
      ...
  "wxEvtHandler::DoGetClientObject() const", referenced from:
      vtable for wxNavigationEnabled<wxWindow> in edf3cd3c_Panel.o
      vtable for wxScrolled<wxPanel> in edf3cd3c_ScrolledWindow.o
      vtable for wxNavigationEnabled<wxWindow> in edf3cd3c_ScrolledWindow.o
      vtable for wxNavigationEnabled<wxListCtrlBase> in edf3cd3c_ListView.o
      vtable for wxNavigationEnabled<wxListCtrlBase> in edf3cd3c_ListCtrl.o
      vtable for wxOwnerDrawnPanel in e5d20a70_wxownerdrawnpanel.o
      vtable for wxNavigationEnabled<wxWindow> in e5d20a70_wxownerdrawnpanel.o
      ...
  "wxWindowBase::FindWindow(long) const", referenced from:
      hx::widgets::Window_obj::findWindowById(int) in edf3cd3c_Window.o
  "wxWindowBase::IsTopLevel() const", referenced from:
      vtable for wxNavigationEnabled<wxWindow> in edf3cd3c_Panel.o
      vtable for wxScrolled<wxPanel> in edf3cd3c_ScrolledWindow.o
      vtable for wxNavigationEnabled<wxWindow> in edf3cd3c_ScrolledWindow.o
      vtable for wxNavigationEnabled<wxListCtrlBase> in edf3cd3c_ListView.o
      vtable for wxNavigationEnabled<wxListCtrlBase> in edf3cd3c_ListCtrl.o
      vtable for wxOwnerDrawnPanel in e5d20a70_wxownerdrawnpanel.o
      vtable for wxNavigationEnabled<wxWindow> in e5d20a70_wxownerdrawnpanel.o
      ...
  "wxWindowBase::DoIsExposed(int, int) const", referenced from:
      vtable for wxNavigationEnabled<wxWindow> in edf3cd3c_Panel.o
      vtable for wxScrolled<wxPanel> in edf3cd3c_ScrolledWindow.o
      vtable for wxNavigationEnabled<wxWindow> in edf3cd3c_ScrolledWindow.o
      vtable for wxNavigationEnabled<wxListCtrlBase> in edf3cd3c_ListView.o
      vtable for wxNavigationEnabled<wxListCtrlBase> in edf3cd3c_ListCtrl.o
      vtable for wxOwnerDrawnPanel in e5d20a70_wxownerdrawnpanel.o
      vtable for wxNavigationEnabled<wxWindow> in e5d20a70_wxownerdrawnpanel.o
      ...
  "wxWindowBase::DoIsExposed(int, int, int, int) const", referenced from:
      vtable for wxNavigationEnabled<wxWindow> in edf3cd3c_Panel.o
      vtable for wxScrolled<wxPanel> in edf3cd3c_ScrolledWindow.o
      vtable for wxNavigationEnabled<wxWindow> in edf3cd3c_ScrolledWindow.o
      vtable for wxNavigationEnabled<wxListCtrlBase> in edf3cd3c_ListView.o
      vtable for wxNavigationEnabled<wxListCtrlBase> in edf3cd3c_ListCtrl.o
      vtable for wxOwnerDrawnPanel in e5d20a70_wxownerdrawnpanel.o
      vtable for wxNavigationEnabled<wxWindow> in e5d20a70_wxownerdrawnpanel.o
      ...
  "wxWindowBase::GetBestSize() const", referenced from:
      hx::widgets::Window_obj::get_bestSize() in edf3cd3c_Window.o
      wxWindowBase::GetBestVirtualSize() const in edf3cd3c_Panel.o
      wxWindowBase::GetBestVirtualSize() const in edf3cd3c_ScrolledWindow.o
      wxWindowBase::GetBestVirtualSize() const in edf3cd3c_ListView.o
      wxWindowBase::GetBestVirtualSize() const in edf3cd3c_ListCtrl.o
      wxWindowBase::GetBestVirtualSize() const in e5d20a70_wxownerdrawnpanel.o
  "wxWindowBase::GetToolTipText() const", referenced from:
      hx::widgets::Window_obj::get_toolTip() in edf3cd3c_Window.o
  "wxWindowBase::IsShownOnScreen() const", referenced from:
      vtable for wxNavigationEnabled<wxWindow> in edf3cd3c_Panel.o
      vtable for wxScrolled<wxPanel> in edf3cd3c_ScrolledWindow.o
      vtable for wxNavigationEnabled<wxWindow> in edf3cd3c_ScrolledWindow.o
      vtable for wxNavigationEnabled<wxListCtrlBase> in edf3cd3c_ListView.o
      vtable for wxNavigationEnabled<wxListCtrlBase> in edf3cd3c_ListCtrl.o
      vtable for wxOwnerDrawnPanel in e5d20a70_wxownerdrawnpanel.o
      vtable for wxNavigationEnabled<wxWindow> in e5d20a70_wxownerdrawnpanel.o
      ...
  "wxWindowBase::DoGetVirtualSize() const", referenced from:
      vtable for wxNavigationEnabled<wxWindow> in edf3cd3c_Panel.o
      vtable for wxScrolled<wxPanel> in edf3cd3c_ScrolledWindow.o
      vtable for wxNavigationEnabled<wxWindow> in edf3cd3c_ScrolledWindow.o
      vtable for wxNavigationEnabled<wxListCtrlBase> in edf3cd3c_ListView.o
      vtable for wxNavigationEnabled<wxListCtrlBase> in edf3cd3c_ListCtrl.o
      vtable for wxOwnerDrawnPanel in e5d20a70_wxownerdrawnpanel.o
      vtable for wxNavigationEnabled<wxWindow> in e5d20a70_wxownerdrawnpanel.o
      ...
  "wxWindowBase::GetDefaultBorder() const", referenced from:
      vtable for wxNavigationEnabled<wxWindow> in edf3cd3c_Panel.o
      vtable for wxScrolled<wxPanel> in edf3cd3c_ScrolledWindow.o
      vtable for wxNavigationEnabled<wxWindow> in edf3cd3c_ScrolledWindow.o
      vtable for wxOwnerDrawnPanel in e5d20a70_wxownerdrawnpanel.o
      vtable for wxNavigationEnabled<wxWindow> in e5d20a70_wxownerdrawnpanel.o
  "wxWindowBase::GetSizeConstraint(int*, int*) const", referenced from:
      vtable for wxNavigationEnabled<wxWindow> in edf3cd3c_Panel.o
      vtable for wxScrolled<wxPanel> in edf3cd3c_ScrolledWindow.o
      vtable for wxNavigationEnabled<wxWindow> in edf3cd3c_ScrolledWindow.o
      vtable for wxNavigationEnabled<wxListCtrlBase> in edf3cd3c_ListView.o
      vtable for wxNavigationEnabled<wxListCtrlBase> in edf3cd3c_ListCtrl.o
      vtable for wxOwnerDrawnPanel in e5d20a70_wxownerdrawnpanel.o
      vtable for wxNavigationEnabled<wxWindow> in e5d20a70_wxownerdrawnpanel.o
      ...
  "wxWindowBase::ClientToWindowSize(wxSize const&) const", referenced from:
      vtable for wxNavigationEnabled<wxWindow> in edf3cd3c_Panel.o
      vtable for wxScrolled<wxPanel> in edf3cd3c_ScrolledWindow.o
      vtable for wxNavigationEnabled<wxWindow> in edf3cd3c_ScrolledWindow.o
      vtable for wxNavigationEnabled<wxListCtrlBase> in edf3cd3c_ListView.o
      vtable for wxNavigationEnabled<wxListCtrlBase> in edf3cd3c_ListCtrl.o
      vtable for wxOwnerDrawnPanel in e5d20a70_wxownerdrawnpanel.o
      vtable for wxNavigationEnabled<wxWindow> in e5d20a70_wxownerdrawnpanel.o
      ...
  "wxWindowBase::GetHelpTextAtPoint(wxPoint const&, wxHelpEvent::Origin) const", referenced from:
      vtable for wxNavigationEnabled<wxWindow> in edf3cd3c_Panel.o
      vtable for wxScrolled<wxPanel> in edf3cd3c_ScrolledWindow.o
      vtable for wxNavigationEnabled<wxWindow> in edf3cd3c_ScrolledWindow.o
      vtable for wxNavigationEnabled<wxListCtrlBase> in edf3cd3c_ListView.o
      vtable for wxNavigationEnabled<wxListCtrlBase> in edf3cd3c_ListCtrl.o
      vtable for wxOwnerDrawnPanel in e5d20a70_wxownerdrawnpanel.o
      vtable for wxNavigationEnabled<wxWindow> in e5d20a70_wxownerdrawnpanel.o
      ...
  "wxWindowBase::WindowToClientSize(wxSize const&) const", referenced from:
      vtable for wxNavigationEnabled<wxWindow> in edf3cd3c_Panel.o
      vtable for wxScrolled<wxPanel> in edf3cd3c_ScrolledWindow.o
      vtable for wxNavigationEnabled<wxWindow> in edf3cd3c_ScrolledWindow.o
      vtable for wxNavigationEnabled<wxListCtrlBase> in edf3cd3c_ListView.o
      vtable for wxNavigationEnabled<wxListCtrlBase> in edf3cd3c_ListCtrl.o
      vtable for wxOwnerDrawnPanel in e5d20a70_wxownerdrawnpanel.o
      vtable for wxNavigationEnabled<wxWindow> in e5d20a70_wxownerdrawnpanel.o
      ...
  "wxWindowBase::DoGetScreenPosition(int*, int*) const", referenced from:
      vtable for wxNavigationEnabled<wxWindow> in edf3cd3c_Panel.o
      vtable for wxScrolled<wxPanel> in edf3cd3c_ScrolledWindow.o
      vtable for wxNavigationEnabled<wxWindow> in edf3cd3c_ScrolledWindow.o
      vtable for wxNavigationEnabled<wxListCtrlBase> in edf3cd3c_ListView.o
      vtable for wxNavigationEnabled<wxListCtrlBase> in edf3cd3c_ListCtrl.o
      vtable for wxOwnerDrawnPanel in e5d20a70_wxownerdrawnpanel.o
      vtable for wxNavigationEnabled<wxWindow> in e5d20a70_wxownerdrawnpanel.o
      ...
  "wxWindowBase::GetBackgroundColour() const", referenced from:
      hx::widgets::Window_obj::get_backgroundColour() in edf3cd3c_Window.o
  "wxWindowBase::GetEffectiveMinSize() const", referenced from:
      vtable for wxNavigationEnabled<wxWindow> in edf3cd3c_Panel.o
      vtable for wxScrolled<wxPanel> in edf3cd3c_ScrolledWindow.o
      vtable for wxNavigationEnabled<wxWindow> in edf3cd3c_ScrolledWindow.o
      vtable for wxNavigationEnabled<wxListCtrlBase> in edf3cd3c_ListView.o
      vtable for wxNavigationEnabled<wxListCtrlBase> in edf3cd3c_ListCtrl.o
      vtable for wxOwnerDrawnPanel in e5d20a70_wxownerdrawnpanel.o
      vtable for wxNavigationEnabled<wxWindow> in e5d20a70_wxownerdrawnpanel.o
      ...
  "wxWindowBase::GetForegroundColour() const", referenced from:
      hx::widgets::Window_obj::get_foregroundColour() in edf3cd3c_Window.o
  "wxWindowBase::GetWindowBorderSize() const", referenced from:
      vtable for wxNavigationEnabled<wxWindow> in edf3cd3c_Panel.o
      vtable for wxScrolled<wxPanel> in edf3cd3c_ScrolledWindow.o
      vtable for wxNavigationEnabled<wxWindow> in edf3cd3c_ScrolledWindow.o
      vtable for wxNavigationEnabled<wxListCtrlBase> in edf3cd3c_ListView.o
      vtable for wxNavigationEnabled<wxListCtrlBase> in edf3cd3c_ListCtrl.o
      vtable for wxOwnerDrawnPanel in e5d20a70_wxownerdrawnpanel.o
      vtable for wxNavigationEnabled<wxWindow> in e5d20a70_wxownerdrawnpanel.o
      ...
  "wxWindowBase::GetPositionConstraint(int*, int*) const", referenced from:
      vtable for wxNavigationEnabled<wxWindow> in edf3cd3c_Panel.o
      vtable for wxScrolled<wxPanel> in edf3cd3c_ScrolledWindow.o
      vtable for wxNavigationEnabled<wxWindow> in edf3cd3c_ScrolledWindow.o
      vtable for wxNavigationEnabled<wxListCtrlBase> in edf3cd3c_ListView.o
      vtable for wxNavigationEnabled<wxListCtrlBase> in edf3cd3c_ListCtrl.o
      vtable for wxOwnerDrawnPanel in e5d20a70_wxownerdrawnpanel.o
      vtable for wxNavigationEnabled<wxWindow> in e5d20a70_wxownerdrawnpanel.o
      ...
  "wxWindowBase::GetClientSizeConstraint(int*, int*) const", referenced from:
      vtable for wxNavigationEnabled<wxWindow> in edf3cd3c_Panel.o
      vtable for wxScrolled<wxPanel> in edf3cd3c_ScrolledWindow.o
      vtable for wxNavigationEnabled<wxWindow> in edf3cd3c_ScrolledWindow.o
      vtable for wxNavigationEnabled<wxListCtrlBase> in edf3cd3c_ListView.o
      vtable for wxNavigationEnabled<wxListCtrlBase> in edf3cd3c_ListCtrl.o
      vtable for wxOwnerDrawnPanel in e5d20a70_wxownerdrawnpanel.o
      vtable for wxNavigationEnabled<wxWindow> in e5d20a70_wxownerdrawnpanel.o
      ...
  "wxWindowBase::AdjustForLayoutDirection(int, int, int) const", referenced from:
      vtable for wxNavigationEnabled<wxWindow> in edf3cd3c_Panel.o
      vtable for wxScrolled<wxPanel> in edf3cd3c_ScrolledWindow.o
      vtable for wxNavigationEnabled<wxWindow> in edf3cd3c_ScrolledWindow.o
      vtable for wxNavigationEnabled<wxListCtrlBase> in edf3cd3c_ListView.o
      vtable for wxNavigationEnabled<wxListCtrlBase> in edf3cd3c_ListCtrl.o
      vtable for wxOwnerDrawnPanel in e5d20a70_wxownerdrawnpanel.o
      vtable for wxNavigationEnabled<wxWindow> in e5d20a70_wxownerdrawnpanel.o
      ...
  "wxWindowBase::AdjustForParentClientOrigin(int&, int&, int) const", referenced from:
      vtable for wxNavigationEnabled<wxWindow> in edf3cd3c_Panel.o
      vtable for wxScrolled<wxPanel> in edf3cd3c_ScrolledWindow.o
      vtable for wxNavigationEnabled<wxWindow> in edf3cd3c_ScrolledWindow.o
      vtable for wxNavigationEnabled<wxListCtrlBase> in edf3cd3c_ListView.o
      vtable for wxNavigationEnabled<wxListCtrlBase> in edf3cd3c_ListCtrl.o
      vtable for wxOwnerDrawnPanel in e5d20a70_wxownerdrawnpanel.o
      vtable for wxNavigationEnabled<wxWindow> in e5d20a70_wxownerdrawnpanel.o
      ...
  "wxWindowBase::GetFont() const", referenced from:
      hx::widgets::Window_obj::get_font() in edf3cd3c_Window.o
  "wxWindowBase::HasFocus() const", referenced from:
      vtable for wxNavigationEnabled<wxWindow> in edf3cd3c_Panel.o
      vtable for wxScrolled<wxPanel> in edf3cd3c_ScrolledWindow.o
      vtable for wxNavigationEnabled<wxWindow> in edf3cd3c_ScrolledWindow.o
      vtable for wxNavigationEnabled<wxListCtrlBase> in edf3cd3c_ListView.o
      vtable for wxNavigationEnabled<wxListCtrlBase> in edf3cd3c_ListCtrl.o
      vtable for wxOwnerDrawnPanel in e5d20a70_wxownerdrawnpanel.o
      vtable for wxNavigationEnabled<wxWindow> in e5d20a70_wxownerdrawnpanel.o
      ...
  "wxWindowBase::CanScroll(int) const", referenced from:
      vtable for wxNavigationEnabled<wxWindow> in edf3cd3c_Panel.o
      vtable for wxNavigationEnabled<wxWindow> in edf3cd3c_ScrolledWindow.o
      vtable for wxNavigationEnabled<wxListCtrlBase> in edf3cd3c_ListView.o
      vtable for wxNavigationEnabled<wxListCtrlBase> in edf3cd3c_ListCtrl.o
      vtable for wxOwnerDrawnPanel in e5d20a70_wxownerdrawnpanel.o
      vtable for wxNavigationEnabled<wxWindow> in e5d20a70_wxownerdrawnpanel.o
  "wxWindowBase::DoHitTest(int, int) const", referenced from:
      vtable for wxNavigationEnabled<wxWindow> in edf3cd3c_Panel.o
      vtable for wxScrolled<wxPanel> in edf3cd3c_ScrolledWindow.o
      vtable for wxNavigationEnabled<wxWindow> in edf3cd3c_ScrolledWindow.o
      vtable for wxNavigationEnabled<wxListCtrlBase> in edf3cd3c_ListView.o
      vtable for wxNavigationEnabled<wxListCtrlBase> in edf3cd3c_ListCtrl.o
      vtable for wxOwnerDrawnPanel in e5d20a70_wxownerdrawnpanel.o
      vtable for wxNavigationEnabled<wxWindow> in e5d20a70_wxownerdrawnpanel.o
      ...
  "wxWindowBase::IsEnabled() const", referenced from:
      hx::widgets::Window_obj::get_enabled() in edf3cd3c_Window.o
      hx::widgets::__Window_objget_enabled(hx::Object*) in edf3cd3c_Window.o
      hx::widgets::Window_obj::__Field(String const&, hx::PropertyAccessMode) in edf3cd3c_Window.o
      wxWindowBase::CanBeFocused() const in edf3cd3c_Panel.o
      wxWindowBase::CanBeFocused() const in edf3cd3c_ScrolledWindow.o
      wxWindowBase::CanBeFocused() const in edf3cd3c_ListView.o
      wxWindowBase::CanBeFocused() const in edf3cd3c_ListCtrl.o
      ...
  "wxControlBase::GetDefaultBorder() const", referenced from:
      vtable for wxNavigationEnabled<wxListCtrlBase> in edf3cd3c_ListView.o
      vtable for wxNavigationEnabled<wxListCtrlBase> in edf3cd3c_ListCtrl.o
  "wxControlBase::DoGetSizeFromTextSize(int, int) const", referenced from:
      vtable for wxNavigationEnabled<wxListCtrlBase> in edf3cd3c_ListView.o
      vtable for wxNavigationEnabled<wxListCtrlBase> in edf3cd3c_ListCtrl.o
  "wxTaskBarIcon::IsIconInstalled() const", referenced from:
      hx::widgets::TaskBarIcon_obj::get_isIconInstalled() in edf3cd3c_TaskBarIcon.o
      hx::widgets::__TaskBarIcon_objget_isIconInstalled(hx::Object*) in edf3cd3c_TaskBarIcon.o
      hx::widgets::TaskBarIcon_obj::__Field(String const&, hx::PropertyAccessMode) in edf3cd3c_TaskBarIcon.o
  "wxListCtrlBase::GetImageList(int) const", referenced from:
      vtable for wxNavigationEnabled<wxListCtrlBase> in edf3cd3c_ListView.o
      vtable for wxNavigationEnabled<wxListCtrlBase> in edf3cd3c_ListCtrl.o
  "wxListCtrlBase::OnGetItemAttr(long) const", referenced from:
      vtable for wxNavigationEnabled<wxListCtrlBase> in edf3cd3c_ListView.o
      vtable for wxNavigationEnabled<wxListCtrlBase> in edf3cd3c_ListCtrl.o
  "wxListCtrlBase::OnGetItemText(long, long) const", referenced from:
      vtable for wxNavigationEnabled<wxListCtrlBase> in edf3cd3c_ListView.o
      vtable for wxNavigationEnabled<wxListCtrlBase> in edf3cd3c_ListCtrl.o
  "wxListCtrlBase::OnGetItemImage(long) const", referenced from:
      vtable for wxNavigationEnabled<wxListCtrlBase> in edf3cd3c_ListView.o
      vtable for wxNavigationEnabled<wxListCtrlBase> in edf3cd3c_ListCtrl.o
  "wxListCtrlBase::OnGetItemIsChecked(long) const", referenced from:
      vtable for wxNavigationEnabled<wxListCtrlBase> in edf3cd3c_ListView.o
      vtable for wxNavigationEnabled<wxListCtrlBase> in edf3cd3c_ListCtrl.o
  "wxListCtrlBase::DoGetBestClientSize() const", referenced from:
      vtable for wxNavigationEnabled<wxListCtrlBase> in edf3cd3c_ListView.o
      vtable for wxNavigationEnabled<wxListCtrlBase> in edf3cd3c_ListCtrl.o
  "wxListCtrlBase::OnGetItemColumnAttr(long, long) const", referenced from:
      vtable for wxNavigationEnabled<wxListCtrlBase> in edf3cd3c_ListView.o
      vtable for wxNavigationEnabled<wxListCtrlBase> in edf3cd3c_ListCtrl.o
  "wxListCtrlBase::OnGetItemColumnImage(long, long) const", referenced from:
      vtable for wxNavigationEnabled<wxListCtrlBase> in edf3cd3c_ListView.o
      vtable for wxNavigationEnabled<wxListCtrlBase> in edf3cd3c_ListCtrl.o
  "wxScrollHelper::IsScrollbarShown(int) const", referenced from:
      vtable for wxScrolled<wxPanel> in edf3cd3c_ScrolledWindow.o
  "wxGenericListCtrl::GetNextItem(long, int, int) const", referenced from:
      hx::widgets::ListCtrl_obj::getNextItem(int, int) in edf3cd3c_ListCtrl.o
      hx::widgets::__ListCtrl_objgetNextItem(hx::Object*, Dynamic const&, Dynamic const&) in edf3cd3c_ListCtrl.o
      hx::widgets::ListCtrl_obj::get_selectedIndexes() in edf3cd3c_ListCtrl.o
  "wxGenericListCtrl::GetSelectedItemCount() const", referenced from:
      hx::widgets::ListCtrl_obj::get_selectedItemCount() in edf3cd3c_ListCtrl.o
      hx::widgets::__ListCtrl_objget_selectedItemCount(hx::Object*) in edf3cd3c_ListCtrl.o
      hx::widgets::ListCtrl_obj::__Field(String const&, hx::PropertyAccessMode) in edf3cd3c_ListCtrl.o
  "wxGenericListCtrl::GetItem(wxListItem&) const", referenced from:
      hx::widgets::ListCtrl_obj::getItem(hx::ObjectPtr<hx::widgets::ListItem_obj>) in edf3cd3c_ListCtrl.o
      hx::widgets::__ListCtrl_objgetItem(hx::Object*, Dynamic const&) in edf3cd3c_ListCtrl.o
  "wxScrollHelperBase::DoGetViewStart(int*, int*) const", referenced from:
      vtable for wxScrolled<wxPanel> in edf3cd3c_ScrolledWindow.o
  "wxScrollHelperBase::SendAutoScrollEvents(wxScrollWinEvent&) const", referenced from:
      vtable for wxScrolled<wxPanel> in edf3cd3c_ScrolledWindow.o
  "wxScrollHelperBase::ScrollGetBestVirtualSize() const", referenced from:
      wxScrolled<wxPanel>::GetBestVirtualSize() const in edf3cd3c_ScrolledWindow.o
  "wxControlContainerBase::AcceptsFocus() const", referenced from:
      wxNavigationEnabled<wxWindow>::AcceptsFocus() const in edf3cd3c_Panel.o
      wxNavigationEnabled<wxWindow>::AcceptsFocusRecursively() const in edf3cd3c_Panel.o
      wxNavigationEnabled<wxWindow>::AcceptsFocusFromKeyboard() const in edf3cd3c_Panel.o
      wxNavigationEnabled<wxWindow>::AcceptsFocus() const in edf3cd3c_ScrolledWindow.o
      wxNavigationEnabled<wxWindow>::AcceptsFocusRecursively() const in edf3cd3c_ScrolledWindow.o
      wxNavigationEnabled<wxWindow>::AcceptsFocusFromKeyboard() const in edf3cd3c_ScrolledWindow.o
      wxNavigationEnabled<wxListCtrlBase>::AcceptsFocus() const in edf3cd3c_ListView.o
      ...
  "wxControlContainerBase::HasAnyChildrenAcceptingFocus() const", referenced from:
      wxNavigationEnabled<wxWindow>::AcceptsFocusRecursively() const in edf3cd3c_Panel.o
      wxNavigationEnabled<wxWindow>::AcceptsFocusFromKeyboard() const in edf3cd3c_Panel.o
      wxNavigationEnabled<wxWindow>::AcceptsFocusRecursively() const in edf3cd3c_ScrolledWindow.o
      wxNavigationEnabled<wxWindow>::AcceptsFocusFromKeyboard() const in edf3cd3c_ScrolledWindow.o
      wxNavigationEnabled<wxListCtrlBase>::AcceptsFocusRecursively() const in edf3cd3c_ListView.o
      wxNavigationEnabled<wxListCtrlBase>::AcceptsFocusFromKeyboard() const in edf3cd3c_ListView.o
      wxNavigationEnabled<wxListCtrlBase>::AcceptsFocusRecursively() const in edf3cd3c_ListCtrl.o
      ...
  "wxFont::GetFaceName() const", referenced from:
      hx::widgets::Font_obj::copy(wxFont) in edf3cd3c_Font.o
  "wxFont::GetUnderlined() const", referenced from:
      hx::widgets::Font_obj::copy(wxFont) in edf3cd3c_Font.o
  "wxFont::GetStyle() const", referenced from:
      hx::widgets::Font_obj::copy(wxFont) in edf3cd3c_Font.o
  "wxImage::Scale(int, int, wxImageResizeQuality) const", referenced from:
      hx::widgets::Image_obj::scale(int, int) in edf3cd3c_Image.o
  "wxImage::GetData() const", referenced from:
      hx::widgets::Image_obj::get_imageData() in edf3cd3c_Image.o
      hx::widgets::__Image_objget_imageData(hx::Object*) in edf3cd3c_Image.o
      hx::widgets::Image_obj::__Field(String const&, hx::PropertyAccessMode) in edf3cd3c_Image.o
  "wxImage::GetAlpha() const", referenced from:
      hx::widgets::Image_obj::get_hasAlpha() in edf3cd3c_Image.o
      hx::widgets::__Image_objget_hasAlpha(hx::Object*) in edf3cd3c_Image.o
      hx::widgets::Image_obj::get_imageData() in edf3cd3c_Image.o
      hx::widgets::__Image_objget_imageData(hx::Object*) in edf3cd3c_Image.o
      hx::widgets::Image_obj::__Field(String const&, hx::PropertyAccessMode) in edf3cd3c_Image.o
  "wxImage::GetWidth() const", referenced from:
      hx::widgets::Image_obj::get_width() in edf3cd3c_Image.o
      hx::widgets::__Image_objget_width(hx::Object*) in edf3cd3c_Image.o
      hx::widgets::Image_obj::scale(int, int) in edf3cd3c_Image.o
      hx::widgets::Image_obj::__Field(String const&, hx::PropertyAccessMode) in edf3cd3c_Image.o
      hx::widgets::Bitmap_obj::convertToImage() in edf3cd3c_Bitmap.o
  "wxImage::GetHeight() const", referenced from:
      hx::widgets::Image_obj::get_height() in edf3cd3c_Image.o
      hx::widgets::__Image_objget_height(hx::Object*) in edf3cd3c_Image.o
      hx::widgets::Image_obj::scale(int, int) in edf3cd3c_Image.o
      hx::widgets::Image_obj::__Field(String const&, hx::PropertyAccessMode) in edf3cd3c_Image.o
      hx::widgets::Bitmap_obj::convertToImage() in edf3cd3c_Bitmap.o
  "wxPanel::GetClassInfo() const", referenced from:
      vtable for wxScrolled<wxPanel> in edf3cd3c_ScrolledWindow.o
      vtable for wxOwnerDrawnPanel in e5d20a70_wxownerdrawnpanel.o
  "wxObject::CloneRefData(wxRefCounter const*) const", referenced from:
      vtable for wxNavigationEnabled<wxWindow> in edf3cd3c_Panel.o
      vtable for wxScrolled<wxPanel> in edf3cd3c_ScrolledWindow.o
      vtable for wxNavigationEnabled<wxWindow> in edf3cd3c_ScrolledWindow.o
      vtable for wxNavigationEnabled<wxListCtrlBase> in edf3cd3c_ListView.o
      vtable for wxNavigationEnabled<wxListCtrlBase> in edf3cd3c_ListCtrl.o
      vtable for wxOwnerDrawnPanel in e5d20a70_wxownerdrawnpanel.o
      vtable for wxNavigationEnabled<wxWindow> in e5d20a70_wxownerdrawnpanel.o
      ...
  "wxObject::CreateRefData() const", referenced from:
      vtable for wxNavigationEnabled<wxWindow> in edf3cd3c_Panel.o
      vtable for wxScrolled<wxPanel> in edf3cd3c_ScrolledWindow.o
      vtable for wxNavigationEnabled<wxWindow> in edf3cd3c_ScrolledWindow.o
      vtable for wxNavigationEnabled<wxListCtrlBase> in edf3cd3c_ListView.o
      vtable for wxNavigationEnabled<wxListCtrlBase> in edf3cd3c_ListCtrl.o
      vtable for wxOwnerDrawnPanel in e5d20a70_wxownerdrawnpanel.o
      vtable for wxNavigationEnabled<wxWindow> in e5d20a70_wxownerdrawnpanel.o
      ...
  "wxString::AsChar(wxMBConv const&) const", referenced from:
      hx::widgets::Control_obj::get_label() in edf3cd3c_Control.o
      hx::widgets::ArrayString_obj::item(int) in edf3cd3c_ArrayString.o
      hx::widgets::Window_obj::get_toolTip() in edf3cd3c_Window.o
      hx::widgets::Choice_obj::getString(int) in edf3cd3c_Choice.o
      hx::widgets::Choice_obj::get_selectedString() in edf3cd3c_Choice.o
      hx::widgets::ClassInfo_obj::get_className() in edf3cd3c_ClassInfo.o
      hx::widgets::ComboBox_obj::getString(int) in edf3cd3c_ComboBox.o
      ...
  "wxWindow::GetCharWidth() const", referenced from:
      vtable for wxNavigationEnabled<wxWindow> in edf3cd3c_Panel.o
      vtable for wxScrolled<wxPanel> in edf3cd3c_ScrolledWindow.o
      vtable for wxNavigationEnabled<wxWindow> in edf3cd3c_ScrolledWindow.o
      vtable for wxNavigationEnabled<wxListCtrlBase> in edf3cd3c_ListView.o
      vtable for wxNavigationEnabled<wxListCtrlBase> in edf3cd3c_ListCtrl.o
      vtable for wxOwnerDrawnPanel in e5d20a70_wxownerdrawnpanel.o
      vtable for wxNavigationEnabled<wxWindow> in e5d20a70_wxownerdrawnpanel.o
      ...
  "wxWindow::GetClassInfo() const", referenced from:
      vtable for wxNavigationEnabled<wxWindow> in edf3cd3c_Panel.o
      vtable for wxNavigationEnabled<wxWindow> in edf3cd3c_ScrolledWindow.o
      vtable for wxNavigationEnabled<wxWindow> in e5d20a70_wxownerdrawnpanel.o
  "wxWindow::GetScrollPos(int) const", referenced from:
      vtable for wxNavigationEnabled<wxWindow> in edf3cd3c_Panel.o
      vtable for wxScrolled<wxPanel> in edf3cd3c_ScrolledWindow.o
      vtable for wxNavigationEnabled<wxWindow> in edf3cd3c_ScrolledWindow.o
      vtable for wxNavigationEnabled<wxListCtrlBase> in edf3cd3c_ListView.o
      vtable for wxNavigationEnabled<wxListCtrlBase> in edf3cd3c_ListCtrl.o
      vtable for wxOwnerDrawnPanel in e5d20a70_wxownerdrawnpanel.o
      vtable for wxNavigationEnabled<wxWindow> in e5d20a70_wxownerdrawnpanel.o
      ...
  "wxWindow::DoGetBestSize() const", referenced from:
      vtable for wxNavigationEnabled<wxWindow> in edf3cd3c_Panel.o
      wxScrolled<wxPanel>::DoGetBestSize() const in edf3cd3c_ScrolledWindow.o
      vtable for wxNavigationEnabled<wxWindow> in edf3cd3c_ScrolledWindow.o
      vtable for wxNavigationEnabled<wxListCtrlBase> in edf3cd3c_ListView.o
      vtable for wxNavigationEnabled<wxListCtrlBase> in edf3cd3c_ListCtrl.o
      vtable for wxOwnerDrawnPanel in e5d20a70_wxownerdrawnpanel.o
      vtable for wxNavigationEnabled<wxWindow> in e5d20a70_wxownerdrawnpanel.o
      ...
  "wxWindow::DoGetPosition(int*, int*) const", referenced from:
      vtable for wxNavigationEnabled<wxWindow> in edf3cd3c_Panel.o
      vtable for wxScrolled<wxPanel> in edf3cd3c_ScrolledWindow.o
      vtable for wxNavigationEnabled<wxWindow> in edf3cd3c_ScrolledWindow.o
      vtable for wxNavigationEnabled<wxListCtrlBase> in edf3cd3c_ListView.o
      vtable for wxNavigationEnabled<wxListCtrlBase> in edf3cd3c_ListCtrl.o
      vtable for wxOwnerDrawnPanel in e5d20a70_wxownerdrawnpanel.o
      vtable for wxNavigationEnabled<wxWindow> in e5d20a70_wxownerdrawnpanel.o
      ...
  "wxWindow::GetCharHeight() const", referenced from:
      vtable for wxNavigationEnabled<wxWindow> in edf3cd3c_Panel.o
      vtable for wxScrolled<wxPanel> in edf3cd3c_ScrolledWindow.o
      vtable for wxNavigationEnabled<wxWindow> in edf3cd3c_ScrolledWindow.o
      vtable for wxNavigationEnabled<wxListCtrlBase> in edf3cd3c_ListView.o
      vtable for wxNavigationEnabled<wxListCtrlBase> in edf3cd3c_ListCtrl.o
      vtable for wxOwnerDrawnPanel in e5d20a70_wxownerdrawnpanel.o
      vtable for wxNavigationEnabled<wxWindow> in e5d20a70_wxownerdrawnpanel.o
      ...
  "wxWindow::GetEventTable() const", referenced from:
      vtable for wxNavigationEnabled<wxWindow> in edf3cd3c_Panel.o
      vtable for wxScrolled<wxPanel> in edf3cd3c_ScrolledWindow.o
      vtable for wxNavigationEnabled<wxWindow> in edf3cd3c_ScrolledWindow.o
      vtable for wxNavigationEnabled<wxListCtrlBase> in edf3cd3c_ListView.o
      vtable for wxNavigationEnabled<wxListCtrlBase> in edf3cd3c_ListCtrl.o
      vtable for wxOwnerDrawnPanel in e5d20a70_wxownerdrawnpanel.o
      vtable for wxNavigationEnabled<wxWindow> in e5d20a70_wxownerdrawnpanel.o
      ...
  "wxWindow::GetScrollRange(int) const", referenced from:
      vtable for wxNavigationEnabled<wxWindow> in edf3cd3c_Panel.o
      vtable for wxScrolled<wxPanel> in edf3cd3c_ScrolledWindow.o
      vtable for wxNavigationEnabled<wxWindow> in edf3cd3c_ScrolledWindow.o
      vtable for wxNavigationEnabled<wxListCtrlBase> in edf3cd3c_ListView.o
      vtable for wxNavigationEnabled<wxListCtrlBase> in edf3cd3c_ListCtrl.o
      vtable for wxOwnerDrawnPanel in e5d20a70_wxownerdrawnpanel.o
      vtable for wxNavigationEnabled<wxWindow> in e5d20a70_wxownerdrawnpanel.o
      ...
  "wxWindow::GetScrollThumb(int) const", referenced from:
      vtable for wxNavigationEnabled<wxWindow> in edf3cd3c_Panel.o
      vtable for wxScrolled<wxPanel> in edf3cd3c_ScrolledWindow.o
      vtable for wxNavigationEnabled<wxWindow> in edf3cd3c_ScrolledWindow.o
      vtable for wxNavigationEnabled<wxListCtrlBase> in edf3cd3c_ListView.o
      vtable for wxNavigationEnabled<wxListCtrlBase> in edf3cd3c_ListCtrl.o
      vtable for wxOwnerDrawnPanel in e5d20a70_wxownerdrawnpanel.o
      vtable for wxNavigationEnabled<wxWindow> in e5d20a70_wxownerdrawnpanel.o
      ...
  "wxWindow::GetTransparent() const", referenced from:
      vtable for wxNavigationEnabled<wxWindow> in edf3cd3c_Panel.o
      vtable for wxScrolled<wxPanel> in edf3cd3c_ScrolledWindow.o
      vtable for wxNavigationEnabled<wxWindow> in edf3cd3c_ScrolledWindow.o
      vtable for wxNavigationEnabled<wxListCtrlBase> in edf3cd3c_ListView.o
      vtable for wxNavigationEnabled<wxListCtrlBase> in edf3cd3c_ListCtrl.o
      vtable for wxOwnerDrawnPanel in e5d20a70_wxownerdrawnpanel.o
      vtable for wxNavigationEnabled<wxWindow> in e5d20a70_wxownerdrawnpanel.o
      ...
  "wxWindow::DoGetClientSize(int*, int*) const", referenced from:
      vtable for wxNavigationEnabled<wxWindow> in edf3cd3c_Panel.o
      vtable for wxScrolled<wxPanel> in edf3cd3c_ScrolledWindow.o
      vtable for wxNavigationEnabled<wxWindow> in edf3cd3c_ScrolledWindow.o
      vtable for wxNavigationEnabled<wxListCtrlBase> in edf3cd3c_ListView.o
      vtable for wxNavigationEnabled<wxListCtrlBase> in edf3cd3c_ListCtrl.o
      vtable for wxOwnerDrawnPanel in e5d20a70_wxownerdrawnpanel.o
      vtable for wxNavigationEnabled<wxWindow> in e5d20a70_wxownerdrawnpanel.o
      ...
  "wxWindow::DoGetTextExtent(wxString const&, int*, int*, int*, int*, wxFont const*) const", referenced from:
      vtable for wxNavigationEnabled<wxWindow> in edf3cd3c_Panel.o
      vtable for wxScrolled<wxPanel> in edf3cd3c_ScrolledWindow.o
      vtable for wxNavigationEnabled<wxWindow> in edf3cd3c_ScrolledWindow.o
      vtable for wxNavigationEnabled<wxListCtrlBase> in edf3cd3c_ListView.o
      vtable for wxNavigationEnabled<wxListCtrlBase> in edf3cd3c_ListCtrl.o
      vtable for wxOwnerDrawnPanel in e5d20a70_wxownerdrawnpanel.o
      vtable for wxNavigationEnabled<wxWindow> in e5d20a70_wxownerdrawnpanel.o
      ...
  "wxWindow::DoClientToScreen(int*, int*) const", referenced from:
      vtable for wxNavigationEnabled<wxWindow> in edf3cd3c_Panel.o
      vtable for wxScrolled<wxPanel> in edf3cd3c_ScrolledWindow.o
      vtable for wxNavigationEnabled<wxWindow> in edf3cd3c_ScrolledWindow.o
      vtable for wxNavigationEnabled<wxListCtrlBase> in edf3cd3c_ListView.o
      vtable for wxNavigationEnabled<wxListCtrlBase> in edf3cd3c_ListCtrl.o
      vtable for wxOwnerDrawnPanel in e5d20a70_wxownerdrawnpanel.o
      vtable for wxNavigationEnabled<wxWindow> in e5d20a70_wxownerdrawnpanel.o
      ...
  "wxWindow::DoScreenToClient(int*, int*) const", referenced from:
      vtable for wxNavigationEnabled<wxWindow> in edf3cd3c_Panel.o
      vtable for wxScrolled<wxPanel> in edf3cd3c_ScrolledWindow.o
      vtable for wxNavigationEnabled<wxWindow> in edf3cd3c_ScrolledWindow.o
      vtable for wxNavigationEnabled<wxListCtrlBase> in edf3cd3c_ListView.o
      vtable for wxNavigationEnabled<wxListCtrlBase> in edf3cd3c_ListCtrl.o
      vtable for wxOwnerDrawnPanel in e5d20a70_wxownerdrawnpanel.o
      vtable for wxNavigationEnabled<wxWindow> in e5d20a70_wxownerdrawnpanel.o
      ...
  "wxWindow::GetDPIScaleFactor() const", referenced from:
      vtable for wxNavigationEnabled<wxWindow> in edf3cd3c_Panel.o
      vtable for wxScrolled<wxPanel> in edf3cd3c_ScrolledWindow.o
      vtable for wxNavigationEnabled<wxWindow> in edf3cd3c_ScrolledWindow.o
      vtable for wxNavigationEnabled<wxListCtrlBase> in edf3cd3c_ListView.o
      vtable for wxNavigationEnabled<wxListCtrlBase> in edf3cd3c_ListCtrl.o
      vtable for wxOwnerDrawnPanel in e5d20a70_wxownerdrawnpanel.o
      vtable for wxNavigationEnabled<wxWindow> in e5d20a70_wxownerdrawnpanel.o
      ...
  "wxWindow::GetEventHashTable() const", referenced from:
      vtable for wxNavigationEnabled<wxWindow> in edf3cd3c_Panel.o
      vtable for wxScrolled<wxPanel> in edf3cd3c_ScrolledWindow.o
      vtable for wxNavigationEnabled<wxWindow> in edf3cd3c_ScrolledWindow.o
      vtable for wxNavigationEnabled<wxListCtrlBase> in edf3cd3c_ListView.o
      vtable for wxNavigationEnabled<wxListCtrlBase> in edf3cd3c_ListCtrl.o
      vtable for wxOwnerDrawnPanel in e5d20a70_wxownerdrawnpanel.o
      vtable for wxNavigationEnabled<wxWindow> in e5d20a70_wxownerdrawnpanel.o
      ...
  "wxWindow::MacGetWXBorderSize() const", referenced from:
      vtable for wxNavigationEnabled<wxWindow> in edf3cd3c_Panel.o
      vtable for wxScrolled<wxPanel> in edf3cd3c_ScrolledWindow.o
      vtable for wxNavigationEnabled<wxWindow> in edf3cd3c_ScrolledWindow.o
      vtable for wxNavigationEnabled<wxListCtrlBase> in edf3cd3c_ListView.o
      vtable for wxNavigationEnabled<wxListCtrlBase> in edf3cd3c_ListCtrl.o
      vtable for wxOwnerDrawnPanel in e5d20a70_wxownerdrawnpanel.o
      vtable for wxNavigationEnabled<wxWindow> in e5d20a70_wxownerdrawnpanel.o
      ...
  "wxWindow::OSXGetViewOrWindow() const", referenced from:
      vtable for wxNavigationEnabled<wxWindow> in edf3cd3c_Panel.o
      vtable for wxScrolled<wxPanel> in edf3cd3c_ScrolledWindow.o
      vtable for wxNavigationEnabled<wxWindow> in edf3cd3c_ScrolledWindow.o
      vtable for wxNavigationEnabled<wxListCtrlBase> in edf3cd3c_ListView.o
      vtable for wxNavigationEnabled<wxListCtrlBase> in edf3cd3c_ListCtrl.o
      vtable for wxOwnerDrawnPanel in e5d20a70_wxownerdrawnpanel.o
      vtable for wxNavigationEnabled<wxWindow> in e5d20a70_wxownerdrawnpanel.o
      ...
  "wxWindow::GetClientAreaOrigin() const", referenced from:
      vtable for wxNavigationEnabled<wxWindow> in edf3cd3c_Panel.o
      vtable for wxScrolled<wxPanel> in edf3cd3c_ScrolledWindow.o
      vtable for wxNavigationEnabled<wxWindow> in edf3cd3c_ScrolledWindow.o
      vtable for wxNavigationEnabled<wxListCtrlBase> in edf3cd3c_ListView.o
      vtable for wxNavigationEnabled<wxListCtrlBase> in edf3cd3c_ListCtrl.o
      vtable for wxOwnerDrawnPanel in e5d20a70_wxownerdrawnpanel.o
      vtable for wxNavigationEnabled<wxWindow> in e5d20a70_wxownerdrawnpanel.o
      ...
  "wxWindow::MacGetTopBorderSize() const", referenced from:
      vtable for wxNavigationEnabled<wxWindow> in edf3cd3c_Panel.o
      vtable for wxScrolled<wxPanel> in edf3cd3c_ScrolledWindow.o
      vtable for wxNavigationEnabled<wxWindow> in edf3cd3c_ScrolledWindow.o
      vtable for wxNavigationEnabled<wxListCtrlBase> in edf3cd3c_ListView.o
      vtable for wxNavigationEnabled<wxListCtrlBase> in edf3cd3c_ListCtrl.o
      vtable for wxOwnerDrawnPanel in e5d20a70_wxownerdrawnpanel.o
      vtable for wxNavigationEnabled<wxWindow> in e5d20a70_wxownerdrawnpanel.o
      ...
  "wxWindow::MacGetLeftBorderSize() const", referenced from:
      vtable for wxNavigationEnabled<wxWindow> in edf3cd3c_Panel.o
      vtable for wxScrolled<wxPanel> in edf3cd3c_ScrolledWindow.o
      vtable for wxNavigationEnabled<wxWindow> in edf3cd3c_ScrolledWindow.o
      vtable for wxNavigationEnabled<wxListCtrlBase> in edf3cd3c_ListView.o
      vtable for wxNavigationEnabled<wxListCtrlBase> in edf3cd3c_ListCtrl.o
      vtable for wxOwnerDrawnPanel in e5d20a70_wxownerdrawnpanel.o
      vtable for wxNavigationEnabled<wxWindow> in e5d20a70_wxownerdrawnpanel.o
      ...
  "wxWindow::GetContentScaleFactor() const", referenced from:
      vtable for wxNavigationEnabled<wxWindow> in edf3cd3c_Panel.o
      vtable for wxScrolled<wxPanel> in edf3cd3c_ScrolledWindow.o
      vtable for wxNavigationEnabled<wxWindow> in edf3cd3c_ScrolledWindow.o
      vtable for wxNavigationEnabled<wxListCtrlBase> in edf3cd3c_ListView.o
      vtable for wxNavigationEnabled<wxListCtrlBase> in edf3cd3c_ListCtrl.o
      vtable for wxOwnerDrawnPanel in e5d20a70_wxownerdrawnpanel.o
      vtable for wxNavigationEnabled<wxWindow> in e5d20a70_wxownerdrawnpanel.o
      ...
  "wxWindow::MacGetRightBorderSize() const", referenced from:
      vtable for wxNavigationEnabled<wxWindow> in edf3cd3c_Panel.o
      vtable for wxScrolled<wxPanel> in edf3cd3c_ScrolledWindow.o
      vtable for wxNavigationEnabled<wxWindow> in edf3cd3c_ScrolledWindow.o
      vtable for wxNavigationEnabled<wxListCtrlBase> in edf3cd3c_ListView.o
      vtable for wxNavigationEnabled<wxListCtrlBase> in edf3cd3c_ListCtrl.o
      vtable for wxOwnerDrawnPanel in e5d20a70_wxownerdrawnpanel.o
      vtable for wxNavigationEnabled<wxWindow> in e5d20a70_wxownerdrawnpanel.o
      ...
  "wxWindow::MacGetBottomBorderSize() const", referenced from:
      vtable for wxNavigationEnabled<wxWindow> in edf3cd3c_Panel.o
      vtable for wxScrolled<wxPanel> in edf3cd3c_ScrolledWindow.o
      vtable for wxNavigationEnabled<wxWindow> in edf3cd3c_ScrolledWindow.o
      vtable for wxNavigationEnabled<wxListCtrlBase> in edf3cd3c_ListView.o
      vtable for wxNavigationEnabled<wxListCtrlBase> in edf3cd3c_ListCtrl.o
      vtable for wxOwnerDrawnPanel in e5d20a70_wxownerdrawnpanel.o
      vtable for wxNavigationEnabled<wxWindow> in e5d20a70_wxownerdrawnpanel.o
      ...
  "wxWindow::MacIsChildOfClientArea(wxWindow const*) const", referenced from:
      vtable for wxNavigationEnabled<wxWindow> in edf3cd3c_Panel.o
      vtable for wxScrolled<wxPanel> in edf3cd3c_ScrolledWindow.o
      vtable for wxNavigationEnabled<wxWindow> in edf3cd3c_ScrolledWindow.o
      vtable for wxNavigationEnabled<wxListCtrlBase> in edf3cd3c_ListView.o
      vtable for wxNavigationEnabled<wxListCtrlBase> in edf3cd3c_ListCtrl.o
      vtable for wxOwnerDrawnPanel in e5d20a70_wxownerdrawnpanel.o
      vtable for wxNavigationEnabled<wxWindow> in e5d20a70_wxownerdrawnpanel.o
      ...
  "wxWindow::DoGetSizeFromClientSize(wxSize const&) const", referenced from:
      vtable for wxNavigationEnabled<wxWindow> in edf3cd3c_Panel.o
      vtable for wxScrolled<wxPanel> in edf3cd3c_ScrolledWindow.o
      vtable for wxNavigationEnabled<wxWindow> in edf3cd3c_ScrolledWindow.o
      vtable for wxNavigationEnabled<wxListCtrlBase> in edf3cd3c_ListView.o
      vtable for wxNavigationEnabled<wxListCtrlBase> in edf3cd3c_ListCtrl.o
      vtable for wxOwnerDrawnPanel in e5d20a70_wxownerdrawnpanel.o
      vtable for wxNavigationEnabled<wxWindow> in e5d20a70_wxownerdrawnpanel.o
      ...
  "wxWindow::IsTransparentBackgroundSupported(wxString*) const", referenced from:
      vtable for wxNavigationEnabled<wxWindow> in edf3cd3c_Panel.o
      vtable for wxScrolled<wxPanel> in edf3cd3c_ScrolledWindow.o
      vtable for wxNavigationEnabled<wxWindow> in edf3cd3c_ScrolledWindow.o
      vtable for wxNavigationEnabled<wxListCtrlBase> in edf3cd3c_ListView.o
      vtable for wxNavigationEnabled<wxListCtrlBase> in edf3cd3c_ListCtrl.o
      vtable for wxOwnerDrawnPanel in e5d20a70_wxownerdrawnpanel.o
      vtable for wxNavigationEnabled<wxWindow> in e5d20a70_wxownerdrawnpanel.o
      ...
  "wxWindow::GetDPI() const", referenced from:
      vtable for wxNavigationEnabled<wxWindow> in edf3cd3c_Panel.o
      vtable for wxScrolled<wxPanel> in edf3cd3c_ScrolledWindow.o
      vtable for wxNavigationEnabled<wxWindow> in edf3cd3c_ScrolledWindow.o
      vtable for wxNavigationEnabled<wxListCtrlBase> in edf3cd3c_ListView.o
      vtable for wxNavigationEnabled<wxListCtrlBase> in edf3cd3c_ListCtrl.o
      vtable for wxOwnerDrawnPanel in e5d20a70_wxownerdrawnpanel.o
      vtable for wxNavigationEnabled<wxWindow> in e5d20a70_wxownerdrawnpanel.o
      ...
  "wxWindow::GetLabel() const", referenced from:
      vtable for wxNavigationEnabled<wxWindow> in edf3cd3c_Panel.o
      vtable for wxScrolled<wxPanel> in edf3cd3c_ScrolledWindow.o
      vtable for wxNavigationEnabled<wxWindow> in edf3cd3c_ScrolledWindow.o
      vtable for wxOwnerDrawnPanel in e5d20a70_wxownerdrawnpanel.o
      vtable for wxNavigationEnabled<wxWindow> in e5d20a70_wxownerdrawnpanel.o
  "wxWindow::DoGetSize(int*, int*) const", referenced from:
      vtable for wxNavigationEnabled<wxWindow> in edf3cd3c_Panel.o
      vtable for wxScrolled<wxPanel> in edf3cd3c_ScrolledWindow.o
      vtable for wxNavigationEnabled<wxWindow> in edf3cd3c_ScrolledWindow.o
      vtable for wxNavigationEnabled<wxListCtrlBase> in edf3cd3c_ListView.o
      vtable for wxNavigationEnabled<wxListCtrlBase> in edf3cd3c_ListCtrl.o
      vtable for wxOwnerDrawnPanel in e5d20a70_wxownerdrawnpanel.o
      vtable for wxNavigationEnabled<wxWindow> in e5d20a70_wxownerdrawnpanel.o
      ...
  "wxWindow::GetHandle() const", referenced from:
      vtable for wxNavigationEnabled<wxWindow> in edf3cd3c_Panel.o
      vtable for wxScrolled<wxPanel> in edf3cd3c_ScrolledWindow.o
      vtable for wxNavigationEnabled<wxWindow> in edf3cd3c_ScrolledWindow.o
      vtable for wxNavigationEnabled<wxListCtrlBase> in edf3cd3c_ListView.o
      vtable for wxNavigationEnabled<wxListCtrlBase> in edf3cd3c_ListCtrl.o
      vtable for wxOwnerDrawnPanel in e5d20a70_wxownerdrawnpanel.o
      vtable for wxNavigationEnabled<wxWindow> in e5d20a70_wxownerdrawnpanel.o
      ...
  "wxControl::GetClassInfo() const", referenced from:
      vtable for wxNavigationEnabled<wxListCtrlBase> in edf3cd3c_ListView.o
      vtable for wxNavigationEnabled<wxListCtrlBase> in edf3cd3c_ListCtrl.o
  "typeinfo for wxListBase", referenced from:
      typeinfo for wxWindowList in edf3cd3c_Window.o
      typeinfo for wxSizerItemList in edf3cd3c_BoxSizer.o
      typeinfo for wxMenuItemList in edf3cd3c_Menu.o
  "typeinfo for wxEventFunctor", referenced from:
      typeinfo for wxEventFunctorMethod<wxEventTypeTag<wxNavigationKeyEvent>, wxNavigationEnabled<wxWindow>, wxNavigationKeyEvent, wxNavigationEnabled<wxWindow> > in edf3cd3c_Panel.o
      typeinfo for wxEventFunctorMethod<wxEventTypeTag<wxFocusEvent>, wxNavigationEnabled<wxWindow>, wxFocusEvent, wxNavigationEnabled<wxWindow> > in edf3cd3c_Panel.o
      typeinfo for wxEventFunctorMethod<wxEventTypeTag<wxChildFocusEvent>, wxNavigationEnabled<wxWindow>, wxChildFocusEvent, wxNavigationEnabled<wxWindow> > in edf3cd3c_Panel.o
      typeinfo for wxEventFunctorMethod<wxEventTypeTag<wxNavigationKeyEvent>, wxNavigationEnabled<wxWindow>, wxNavigationKeyEvent, wxNavigationEnabled<wxWindow> > in edf3cd3c_ScrolledWindow.o
      typeinfo for wxEventFunctorMethod<wxEventTypeTag<wxFocusEvent>, wxNavigationEnabled<wxWindow>, wxFocusEvent, wxNavigationEnabled<wxWindow> > in edf3cd3c_ScrolledWindow.o
      typeinfo for wxEventFunctorMethod<wxEventTypeTag<wxChildFocusEvent>, wxNavigationEnabled<wxWindow>, wxChildFocusEvent, wxNavigationEnabled<wxWindow> > in edf3cd3c_ScrolledWindow.o
      typeinfo for wxEventFunctorMethod<wxEventTypeTag<wxNavigationKeyEvent>, wxNavigationEnabled<wxListCtrlBase>, wxNavigationKeyEvent, wxNavigationEnabled<wxListCtrlBase> > in edf3cd3c_ListView.o
      ...
  "typeinfo for wxListCtrlBase", referenced from:
      typeinfo for wxNavigationEnabled<wxListCtrlBase> in edf3cd3c_ListView.o
      typeinfo for wxNavigationEnabled<wxListCtrlBase> in edf3cd3c_ListCtrl.o
  "typeinfo for wxScrollHelper", referenced from:
      typeinfo for wxScrolled<wxPanel> in edf3cd3c_ScrolledWindow.o
  "typeinfo for wxPanel", referenced from:
      typeinfo for wxScrolled<wxPanel> in edf3cd3c_ScrolledWindow.o
      typeinfo for wxOwnerDrawnPanel in e5d20a70_wxownerdrawnpanel.o
  "typeinfo for wxWindow", referenced from:
      typeinfo for wxNavigationEnabled<wxWindow> in edf3cd3c_Panel.o
      typeinfo for wxNavigationEnabled<wxWindow> in edf3cd3c_ScrolledWindow.o
      typeinfo for wxNavigationEnabled<wxWindow> in e5d20a70_wxownerdrawnpanel.o
  "vtable for wxBoxSizer", referenced from:
      hx::widgets::BoxSizer_obj::__construct(cpp::Struct<wxOrientation, cpp::EnumHandler>) in edf3cd3c_BoxSizer.o
  NOTE: a missing vtable usually means the first non-inline virtual member function has no definition.
  "vtable for wxCheckBox", referenced from:
      hx::widgets::CheckBox_obj::__construct(hx::ObjectPtr<hx::widgets::Window_obj>, String, hx::Null<int>, hx::Null<int>) in edf3cd3c_CheckBox.o
  NOTE: a missing vtable usually means the first non-inline virtual member function has no definition.
  "vtable for wxComboBox", referenced from:
      hx::widgets::ComboBox_obj::__construct(hx::ObjectPtr<hx::widgets::Window_obj>, String, hx::Null<int>, hx::Null<int>) in edf3cd3c_ComboBox.o
  NOTE: a missing vtable usually means the first non-inline virtual member function has no definition.
  "vtable for wxListBase", referenced from:
      hx::widgets::Window_obj::get_children() in edf3cd3c_Window.o
      hx::widgets::BoxSizer_obj::__construct(cpp::Struct<wxOrientation, cpp::EnumHandler>) in edf3cd3c_BoxSizer.o
      wxMenuBase::wxMenuBase(wxString const&, long) in edf3cd3c_Menu.o
  NOTE: a missing vtable usually means the first non-inline virtual member function has no definition.
  "vtable for wxListCtrl", referenced from:
      hx::widgets::ListCtrl_obj::__construct(hx::ObjectPtr<hx::widgets::Window_obj>, hx::Null<int>, hx::Null<int>) in edf3cd3c_ListCtrl.o
  NOTE: a missing vtable usually means the first non-inline virtual member function has no definition.
  "vtable for wxListItem", referenced from:
      hx::widgets::ListItem_obj::__construct(String, hx::Null<int>, hx::Null<int>, hx::Null<int>) in edf3cd3c_ListItem.o
  NOTE: a missing vtable usually means the first non-inline virtual member function has no definition.
  "vtable for wxListView", referenced from:
      hx::widgets::ListView_obj::__construct(hx::ObjectPtr<hx::widgets::Window_obj>, hx::Null<int>, hx::Null<int>) in edf3cd3c_ListView.o
  NOTE: a missing vtable usually means the first non-inline virtual member function has no definition.
  "vtable for wxMenuBase", referenced from:
      wxMenuBase::wxMenuBase(wxString const&, long) in edf3cd3c_Menu.o
  NOTE: a missing vtable usually means the first non-inline virtual member function has no definition.
  "vtable for wxNotebook", referenced from:
      hx::widgets::Notebook_obj::__construct(hx::ObjectPtr<hx::widgets::Window_obj>, hx::Null<int>, hx::Null<int>) in edf3cd3c_Notebook.o
  NOTE: a missing vtable usually means the first non-inline virtual member function has no definition.
  "vtable for wxTextCtrl", referenced from:
      hx::widgets::TextCtrl_obj::__construct(hx::ObjectPtr<hx::widgets::Window_obj>, String, hx::Null<int>, hx::Null<int>) in edf3cd3c_TextCtrl.o
  NOTE: a missing vtable usually means the first non-inline virtual member function has no definition.
  "vtable for wxAnyButton", referenced from:
      wxAnyButton::wxAnyButton() in edf3cd3c_Button.o
  NOTE: a missing vtable usually means the first non-inline virtual member function has no definition.
  "vtable for wxImageList", referenced from:
      hx::widgets::ImageList_obj::__construct(hx::Null<int>, hx::Null<int>) in edf3cd3c_ImageList.o
      hx::widgets::ImageList_obj::__Create(Array<Dynamic>) in edf3cd3c_ImageList.o
      hx::widgets::ImageList_obj::__new(hx::Null<int>, hx::Null<int>) in edf3cd3c_ImageList.o
      hx::widgets::ImageList_obj::__alloc(hx::ImmixAllocator*, hx::Null<int>, hx::Null<int>) in edf3cd3c_ImageList.o
  NOTE: a missing vtable usually means the first non-inline virtual member function has no definition.
  "vtable for wxStaticBox", referenced from:
      hx::widgets::StaticBox_obj::__construct(hx::ObjectPtr<hx::widgets::Window_obj>, String, hx::Null<int>) in edf3cd3c_StaticBox.o
  NOTE: a missing vtable usually means the first non-inline virtual member function has no definition.
  "vtable for wxDialogBase", referenced from:
      hx::widgets::Dialog_obj::__construct(hx::ObjectPtr<hx::widgets::Window_obj>, String, hx::Null<int>, hx::Null<int>) in edf3cd3c_Dialog.o
      wxPasswordEntryDialog::wxPasswordEntryDialog(wxWindow*, wxString const&, wxString const&, wxString const&, long, wxPoint const&) in edf3cd3c_PasswordEntryDialog.o
      wxSingleChoiceDialog::wxSingleChoiceDialog(wxWindow*, wxString const&, wxString const&, wxArrayString const&, void**, long, wxPoint const&) in edf3cd3c_SingleChoiceDialog.o
      wxTextEntryDialog::wxTextEntryDialog(wxWindow*, wxString const&, wxString const&, wxString const&, long, wxPoint const&) in edf3cd3c_TextEntryDialog.o
      wxFileDialogBase::wxFileDialogBase() in edf3cd3c_FileDialog.o
      wxMultiChoiceDialog::wxMultiChoiceDialog(wxWindow*, wxString const&, wxString const&, wxArrayString const&, long, wxPoint const&) in edf3cd3c_MultiChoiceDialog.o
  NOTE: a missing vtable usually means the first non-inline virtual member function has no definition.
  "vtable for wxFileDialog", referenced from:
      wxFileDialog::wxFileDialog(wxWindow*, wxString const&, wxString const&, wxString const&, wxString const&, long, wxPoint const&, wxSize const&, wxString const&) in edf3cd3c_FileDialog.o
  NOTE: a missing vtable usually means the first non-inline virtual member function has no definition.
  "vtable for wxMBConvUTF8", referenced from:
      hx::widgets::Button_obj::__construct(hx::ObjectPtr<hx::widgets::Window_obj>, String, hx::Null<int>, hx::Null<int>) in edf3cd3c_Button.o
      hx::widgets::CheckBox_obj::__construct(hx::ObjectPtr<hx::widgets::Window_obj>, String, hx::Null<int>, hx::Null<int>) in edf3cd3c_CheckBox.o
      hx::widgets::StaticBox_obj::__construct(hx::ObjectPtr<hx::widgets::Window_obj>, String, hx::Null<int>) in edf3cd3c_StaticBox.o
      hx::widgets::MenuBar_obj::append(hx::ObjectPtr<hx::widgets::Menu_obj>, String) in edf3cd3c_MenuBar.o
      hx::widgets::Control_obj::get_label() in edf3cd3c_Control.o
      hx::widgets::Dialog_obj::__construct(hx::ObjectPtr<hx::widgets::Window_obj>, String, hx::Null<int>, hx::Null<int>) in edf3cd3c_Dialog.o
      hx::widgets::ArrayString_obj::item(int) in edf3cd3c_ArrayString.o
      ...
  NOTE: a missing vtable usually means the first non-inline virtual member function has no definition.
  "vtable for wxStaticText", referenced from:
      hx::widgets::StaticText_obj::__construct(hx::ObjectPtr<hx::widgets::Window_obj>, String, hx::Null<int>, hx::Null<int>) in edf3cd3c_StaticText.o
  NOTE: a missing vtable usually means the first non-inline virtual member function has no definition.
  "vtable for wxRadioButton", referenced from:
      hx::widgets::RadioButton_obj::__construct(hx::ObjectPtr<hx::widgets::Window_obj>, String, hx::Null<int>, hx::Null<int>) in edf3cd3c_RadioButton.o
  NOTE: a missing vtable usually means the first non-inline virtual member function has no definition.
  "vtable for wxBookCtrlBase", referenced from:
      wxBookCtrlBase::wxBookCtrlBase() in edf3cd3c_Notebook.o
  NOTE: a missing vtable usually means the first non-inline virtual member function has no definition.
  "vtable for wxListCtrlBase", referenced from:
      wxListCtrlBase::~wxListCtrlBase() in edf3cd3c_ListView.o
      wxListCtrlBase::~wxListCtrlBase() in edf3cd3c_ListCtrl.o
  NOTE: a missing vtable usually means the first non-inline virtual member function has no definition.
  "vtable for wxStaticBitmap", referenced from:
      hx::widgets::StaticBitmap_obj::__construct(hx::ObjectPtr<hx::widgets::Window_obj>, hx::ObjectPtr<hx::widgets::Bitmap_obj>, hx::Null<int>) in edf3cd3c_StaticBitmap.o
  NOTE: a missing vtable usually means the first non-inline virtual member function has no definition.
  "vtable for wxTextAreaBase", referenced from:
      hx::widgets::TextCtrl_obj::__construct(hx::ObjectPtr<hx::widgets::Window_obj>, String, hx::Null<int>, hx::Null<int>) in edf3cd3c_TextCtrl.o
      wxTextCtrlBase::wxTextCtrlBase() in edf3cd3c_TextCtrl.o
  NOTE: a missing vtable usually means the first non-inline virtual member function has no definition.
  "vtable for wxTextCtrlBase", referenced from:
      wxTextCtrlBase::wxTextCtrlBase() in edf3cd3c_TextCtrl.o
  NOTE: a missing vtable usually means the first non-inline virtual member function has no definition.
  "vtable for wxHyperlinkCtrl", referenced from:
      hx::widgets::HyperlinkCtrl_obj::__construct(hx::ObjectPtr<hx::widgets::Window_obj>, String, String, hx::Null<int>, hx::Null<int>) in edf3cd3c_HyperlinkCtrl.o
  NOTE: a missing vtable usually means the first non-inline virtual member function has no definition.
  "vtable for wxItemContainer", referenced from:
      hx::widgets::ComboBox_obj::__construct(hx::ObjectPtr<hx::widgets::Window_obj>, String, hx::Null<int>, hx::Null<int>) in edf3cd3c_ComboBox.o
  NOTE: a missing vtable usually means the first non-inline virtual member function has no definition.
  "vtable for wxFileDialogBase", referenced from:
      wxFileDialogBase::wxFileDialogBase() in edf3cd3c_FileDialog.o
      wxFileDialogBase::~wxFileDialogBase() in edf3cd3c_FileDialog.o
  NOTE: a missing vtable usually means the first non-inline virtual member function has no definition.
  "vtable for wxScrolledWindow", referenced from:
      hx::widgets::ScrolledWindow_obj::__construct(hx::ObjectPtr<hx::widgets::Window_obj>, hx::Null<int>, hx::Null<int>) in edf3cd3c_ScrolledWindow.o
  NOTE: a missing vtable usually means the first non-inline virtual member function has no definition.
  "vtable for wxWindowListNode", referenced from:
      wxWindowList::CreateNode(wxNodeBase*, wxNodeBase*, void*, wxListKey const&) in edf3cd3c_Window.o
  NOTE: a missing vtable usually means the first non-inline virtual member function has no definition.
  "vtable for wxGenericListCtrl", referenced from:
      hx::widgets::ListView_obj::__construct(hx::ObjectPtr<hx::widgets::Window_obj>, hx::Null<int>, hx::Null<int>) in edf3cd3c_ListView.o
      hx::widgets::ListCtrl_obj::__construct(hx::ObjectPtr<hx::widgets::Window_obj>, hx::Null<int>, hx::Null<int>) in edf3cd3c_ListCtrl.o
  NOTE: a missing vtable usually means the first non-inline virtual member function has no definition.
  "vtable for wxTextEntryDialog", referenced from:
      wxPasswordEntryDialog::wxPasswordEntryDialog(wxWindow*, wxString const&, wxString const&, wxString const&, long, wxPoint const&) in edf3cd3c_PasswordEntryDialog.o
      wxTextEntryDialog::wxTextEntryDialog(wxWindow*, wxString const&, wxString const&, wxString const&, long, wxPoint const&) in edf3cd3c_TextEntryDialog.o
  NOTE: a missing vtable usually means the first non-inline virtual member function has no definition.
  "vtable for wxStaticBitmapBase", referenced from:
      hx::widgets::StaticBitmap_obj::__construct(hx::ObjectPtr<hx::widgets::Window_obj>, hx::ObjectPtr<hx::widgets::Bitmap_obj>, hx::Null<int>) in edf3cd3c_StaticBitmap.o
  NOTE: a missing vtable usually means the first non-inline virtual member function has no definition.
  "vtable for wxMultiChoiceDialog", referenced from:
      wxMultiChoiceDialog::wxMultiChoiceDialog(wxWindow*, wxString const&, wxString const&, wxArrayString const&, long, wxPoint const&) in edf3cd3c_MultiChoiceDialog.o
  NOTE: a missing vtable usually means the first non-inline virtual member function has no definition.
  "vtable for wxSingleChoiceDialog", referenced from:
      wxSingleChoiceDialog::wxSingleChoiceDialog(wxWindow*, wxString const&, wxString const&, wxArrayString const&, void**, long, wxPoint const&) in edf3cd3c_SingleChoiceDialog.o
  NOTE: a missing vtable usually means the first non-inline virtual member function has no definition.
  "vtable for wxwxMenuItemListNode", referenced from:
      wxMenuItemList::CreateNode(wxNodeBase*, wxNodeBase*, void*, wxListKey const&) in edf3cd3c_Menu.o
  NOTE: a missing vtable usually means the first non-inline virtual member function has no definition.
  "vtable for wxPasswordEntryDialog", referenced from:
      wxPasswordEntryDialog::wxPasswordEntryDialog(wxWindow*, wxString const&, wxString const&, wxString const&, long, wxPoint const&) in edf3cd3c_PasswordEntryDialog.o
  NOTE: a missing vtable usually means the first non-inline virtual member function has no definition.
  "vtable for wxwxSizerItemListNode", referenced from:
      wxSizerItemList::CreateNode(wxNodeBase*, wxNodeBase*, void*, wxListKey const&) in edf3cd3c_BoxSizer.o
  NOTE: a missing vtable usually means the first non-inline virtual member function has no definition.
  "vtable for wxGenericHyperlinkCtrl", referenced from:
      wxGenericHyperlinkCtrl::wxGenericHyperlinkCtrl() in edf3cd3c_HyperlinkCtrl.o
  NOTE: a missing vtable usually means the first non-inline virtual member function has no definition.
  "vtable for wxDC", referenced from:
      wxOwnerDrawnPanel::onPaintInternal(wxPaintEvent&) in e5d20a70_wxownerdrawnpanel.o
  NOTE: a missing vtable usually means the first non-inline virtual member function has no definition.
  "vtable for wxFont", referenced from:
      hx::widgets::Window_obj::get_font() in edf3cd3c_Window.o
      wxNavigationEnabled<wxListCtrlBase>::wxNavigationEnabled() in edf3cd3c_ListView.o
      wxNavigationEnabled<wxListCtrlBase>::wxNavigationEnabled() in edf3cd3c_ListCtrl.o
  NOTE: a missing vtable usually means the first non-inline virtual member function has no definition.
  "vtable for wxMenu", referenced from:
      hx::widgets::Menu_obj::__construct(String, hx::Null<int>) in edf3cd3c_Menu.o
  NOTE: a missing vtable usually means the first non-inline virtual member function has no definition.
  "vtable for wxFrame", referenced from:
      hx::widgets::Frame_obj::__construct(hx::ObjectPtr<hx::widgets::Window_obj>, String, hx::Null<int>, hx::Null<int>) in edf3cd3c_Frame.o
  NOTE: a missing vtable usually means the first non-inline virtual member function has no definition.
  "vtable for wxGauge", referenced from:
      hx::widgets::Gauge_obj::__construct(hx::ObjectPtr<hx::widgets::Window_obj>, hx::Null<int>, hx::Null<int>, hx::Null<int>) in edf3cd3c_Gauge.o
  NOTE: a missing vtable usually means the first non-inline virtual member function has no definition.
  "vtable for wxImage", referenced from:
      hx::widgets::Image_obj::__construct(hx::ObjectPtr<haxe::io::Bytes_obj>, Dynamic, Dynamic, hx::Null<bool>) in edf3cd3c_Image.o
      hx::widgets::Image_obj::scale(int, int) in edf3cd3c_Image.o
      hx::widgets::Bitmap_obj::convertToImage() in edf3cd3c_Bitmap.o
  NOTE: a missing vtable usually means the first non-inline virtual member function has no definition.
  "vtable for wxPanel", referenced from:
      hx::widgets::Panel_obj::__construct(hx::ObjectPtr<hx::widgets::Window_obj>, hx::Null<int>, hx::Null<int>) in edf3cd3c_Panel.o
  NOTE: a missing vtable usually means the first non-inline virtual member function has no definition.
  "vtable for wxSizer", referenced from:
      hx::widgets::BoxSizer_obj::__construct(cpp::Struct<wxOrientation, cpp::EnumHandler>) in edf3cd3c_BoxSizer.o
  NOTE: a missing vtable usually means the first non-inline virtual member function has no definition.
  "vtable for wxBitmap", referenced from:
      hx::widgets::StaticBitmap_obj::get_bitmap() in edf3cd3c_StaticBitmap.o
      hx::widgets::Bitmap_obj::getSubBitmap(hx::ObjectPtr<hx::widgets::Rect_obj>) in edf3cd3c_Bitmap.o
      hx::widgets::AnyButton_obj::get_bitmap() in edf3cd3c_AnyButton.o
  NOTE: a missing vtable usually means the first non-inline virtual member function has no definition.
  "vtable for wxButton", referenced from:
      hx::widgets::Button_obj::__construct(hx::ObjectPtr<hx::widgets::Window_obj>, String, hx::Null<int>, hx::Null<int>) in edf3cd3c_Button.o
  NOTE: a missing vtable usually means the first non-inline virtual member function has no definition.
  "vtable for wxChoice", referenced from:
      hx::widgets::Choice_obj::__construct(hx::ObjectPtr<hx::widgets::Window_obj>, hx::Null<int>, hx::Null<int>) in edf3cd3c_Choice.o
  NOTE: a missing vtable usually means the first non-inline virtual member function has no definition.
  "vtable for wxColour", referenced from:
      hx::widgets::Window_obj::set_backgroundColour(Dynamic) in edf3cd3c_Window.o
      hx::widgets::Window_obj::set_foregroundColour(Dynamic) in edf3cd3c_Window.o
      hx::widgets::DC_obj::set_textForeground(int) in edf3cd3c_DC.o
      hx::widgets::DC_obj::set_textBackground(int) in edf3cd3c_DC.o
      hx::widgets::DC_obj::gradientFillLinear(hx::ObjectPtr<hx::widgets::Rect_obj>, int, int) in edf3cd3c_DC.o
      hx::widgets::Pen_obj::set_colour(int) in edf3cd3c_Pen.o
      hx::widgets::Colour_obj::createPointer() in edf3cd3c_Colour.o
      ...
  NOTE: a missing vtable usually means the first non-inline virtual member function has no definition.
  "vtable for wxDialog", referenced from:
      hx::widgets::Dialog_obj::__construct(hx::ObjectPtr<hx::widgets::Window_obj>, String, hx::Null<int>, hx::Null<int>) in edf3cd3c_Dialog.o
      wxPasswordEntryDialog::wxPasswordEntryDialog(wxWindow*, wxString const&, wxString const&, wxString const&, long, wxPoint const&) in edf3cd3c_PasswordEntryDialog.o
      wxSingleChoiceDialog::wxSingleChoiceDialog(wxWindow*, wxString const&, wxString const&, wxArrayString const&, void**, long, wxPoint const&) in edf3cd3c_SingleChoiceDialog.o
      wxTextEntryDialog::wxTextEntryDialog(wxWindow*, wxString const&, wxString const&, wxString const&, long, wxPoint const&) in edf3cd3c_TextEntryDialog.o
      wxFileDialogBase::wxFileDialogBase() in edf3cd3c_FileDialog.o
      wxMultiChoiceDialog::wxMultiChoiceDialog(wxWindow*, wxString const&, wxString const&, wxArrayString const&, long, wxPoint const&) in edf3cd3c_MultiChoiceDialog.o
  NOTE: a missing vtable usually means the first non-inline virtual member function has no definition.
  "vtable for wxLocale", referenced from:
      wxLocale::wxLocale(int, int) in edf3cd3c_App.o
  NOTE: a missing vtable usually means the first non-inline virtual member function has no definition.
  "vtable for wxObject", referenced from:
      hx::widgets::Window_obj::get_backgroundColour() in edf3cd3c_Window.o
      hx::widgets::Window_obj::set_backgroundColour(Dynamic) in edf3cd3c_Window.o
      hx::widgets::Window_obj::get_foregroundColour() in edf3cd3c_Window.o
      hx::widgets::Window_obj::set_foregroundColour(Dynamic) in edf3cd3c_Window.o
      hx::widgets::DC_obj::set_textForeground(int) in edf3cd3c_DC.o
      hx::widgets::DC_obj::set_textBackground(int) in edf3cd3c_DC.o
      hx::widgets::DC_obj::gradientFillLinear(hx::ObjectPtr<hx::widgets::Rect_obj>, int, int) in edf3cd3c_DC.o
      ...
  NOTE: a missing vtable usually means the first non-inline virtual member function has no definition.
  "_wxButtonNameStr", referenced from:
      hx::widgets::Button_obj::__construct(hx::ObjectPtr<hx::widgets::Window_obj>, String, hx::Null<int>, hx::Null<int>) in edf3cd3c_Button.o
  "_wxCheckBoxNameStr", referenced from:
      hx::widgets::CheckBox_obj::__construct(hx::ObjectPtr<hx::widgets::Window_obj>, String, hx::Null<int>, hx::Null<int>) in edf3cd3c_CheckBox.o
  "_wxChoiceNameStr", referenced from:
      hx::widgets::Choice_obj::__construct(hx::ObjectPtr<hx::widgets::Window_obj>, hx::Null<int>, hx::Null<int>) in edf3cd3c_Choice.o
  "_wxComboBoxNameStr", referenced from:
      hx::widgets::ComboBox_obj::__construct(hx::ObjectPtr<hx::widgets::Window_obj>, String, hx::Null<int>, hx::Null<int>) in edf3cd3c_ComboBox.o
  "_wxControlNameStr", referenced from:
      hx::widgets::Control_obj::__construct(hx::ObjectPtr<hx::widgets::Window_obj>, hx::Null<int>, hx::Null<int>) in edf3cd3c_Control.o
  "_wxConvLibcPtr", referenced from:
      wxString::wxString(char const*) in edf3cd3c_Control.o
      wxString::wxString(char const*) in edf3cd3c_ArrayString.o
      wxString::wxString(char const*) in edf3cd3c_ComboBox.o
      wxString::wxString(char const*) in edf3cd3c_TopLevelWindow.o
      wxString::wxString(char const*) in edf3cd3c_MenuItem.o
  "_wxDefaultPosition", referenced from:
      hx::widgets::Button_obj::__construct(hx::ObjectPtr<hx::widgets::Window_obj>, String, hx::Null<int>, hx::Null<int>) in edf3cd3c_Button.o
      hx::widgets::StaticBox_obj::__construct(hx::ObjectPtr<hx::widgets::Window_obj>, String, hx::Null<int>) in edf3cd3c_StaticBox.o
      hx::widgets::Window_obj::popupMenu(hx::ObjectPtr<hx::widgets::Menu_obj>) in edf3cd3c_Window.o
      hx::widgets::__Window_objpopupMenu(hx::Object*, Dynamic const&) in edf3cd3c_Window.o
      hx::widgets::StaticBitmap_obj::__construct(hx::ObjectPtr<hx::widgets::Window_obj>, hx::ObjectPtr<hx::widgets::Bitmap_obj>, hx::Null<int>) in edf3cd3c_StaticBitmap.o
      hx::widgets::PasswordEntryDialog_obj::__construct(hx::ObjectPtr<hx::widgets::Window_obj>, String, String, String, hx::Null<int>) in edf3cd3c_PasswordEntryDialog.o
      hx::widgets::MessageDialog_obj::__construct(hx::ObjectPtr<hx::widgets::Window_obj>, String, String, hx::Null<int>) in edf3cd3c_MessageDialog.o
      ...
  "_wxDefaultSize", referenced from:
      hx::widgets::Button_obj::__construct(hx::ObjectPtr<hx::widgets::Window_obj>, String, hx::Null<int>, hx::Null<int>) in edf3cd3c_Button.o
      hx::widgets::StaticBox_obj::__construct(hx::ObjectPtr<hx::widgets::Window_obj>, String, hx::Null<int>) in edf3cd3c_StaticBox.o
      wxWindowBase::DoGetBestClientSize() const in edf3cd3c_Panel.o
      wxWindowBase::DoGetBestClientSize() const in edf3cd3c_ScrolledWindow.o
      hx::widgets::StaticBitmap_obj::__construct(hx::ObjectPtr<hx::widgets::Window_obj>, hx::ObjectPtr<hx::widgets::Bitmap_obj>, hx::Null<int>) in edf3cd3c_StaticBitmap.o
      hx::widgets::FileDialog_obj::__construct(hx::ObjectPtr<hx::widgets::Window_obj>, String, String, String, String, hx::Null<int>) in edf3cd3c_FileDialog.o
      wxOwnerDrawnPanel::wxOwnerDrawnPanel(wxWindow*) in e5d20a70_wxownerdrawnpanel.o
      ...
  "_wxDefaultValidator", referenced from:
      hx::widgets::Button_obj::__construct(hx::ObjectPtr<hx::widgets::Window_obj>, String, hx::Null<int>, hx::Null<int>) in edf3cd3c_Button.o
      hx::widgets::CheckBox_obj::__construct(hx::ObjectPtr<hx::widgets::Window_obj>, String, hx::Null<int>, hx::Null<int>) in edf3cd3c_CheckBox.o
      hx::widgets::Control_obj::__construct(hx::ObjectPtr<hx::widgets::Window_obj>, hx::Null<int>, hx::Null<int>) in edf3cd3c_Control.o
      hx::widgets::RadioButton_obj::__construct(hx::ObjectPtr<hx::widgets::Window_obj>, String, hx::Null<int>, hx::Null<int>) in edf3cd3c_RadioButton.o
      hx::widgets::Choice_obj::__construct(hx::ObjectPtr<hx::widgets::Window_obj>, hx::Null<int>, hx::Null<int>) in edf3cd3c_Choice.o
      hx::widgets::ComboBox_obj::__construct(hx::ObjectPtr<hx::widgets::Window_obj>, String, hx::Null<int>, hx::Null<int>) in edf3cd3c_ComboBox.o
      hx::widgets::TextCtrl_obj::__construct(hx::ObjectPtr<hx::widgets::Window_obj>, String, hx::Null<int>, hx::Null<int>) in edf3cd3c_TextCtrl.o
      ...
  "_wxDialogNameStr", referenced from:
      hx::widgets::Dialog_obj::__construct(hx::ObjectPtr<hx::widgets::Window_obj>, String, hx::Null<int>, hx::Null<int>) in edf3cd3c_Dialog.o
  "_wxEVT_BUTTON", referenced from:
      wx::widgets::EventType_obj::__boot() in 0fe2c9ec_EventType.o
  "_wxEVT_CALENDAR_SEL_CHANGED", referenced from:
      wx::widgets::EventType_obj::__boot() in 0fe2c9ec_EventType.o
  "_wxEVT_CHECKBOX", referenced from:
      wx::widgets::EventType_obj::__boot() in 0fe2c9ec_EventType.o
  "_wxEVT_CHILD_FOCUS", referenced from:
      wxNavigationEnabled<wxWindow>::wxNavigationEnabled() in edf3cd3c_Panel.o
      wxNavigationEnabled<wxWindow>::wxNavigationEnabled() in edf3cd3c_ScrolledWindow.o
      wxNavigationEnabled<wxListCtrlBase>::wxNavigationEnabled() in edf3cd3c_ListView.o
      wxNavigationEnabled<wxListCtrlBase>::wxNavigationEnabled() in edf3cd3c_ListCtrl.o
      wxNavigationEnabled<wxWindow>::wxNavigationEnabled() in e5d20a70_wxownerdrawnpanel.o
  "_wxEVT_CHOICE", referenced from:
      wx::widgets::EventType_obj::__boot() in 0fe2c9ec_EventType.o
  "_wxEVT_CLOSE_WINDOW", referenced from:
      wx::widgets::EventType_obj::__boot() in 0fe2c9ec_EventType.o
  "_wxEVT_CONTEXT_MENU", referenced from:
      wx::widgets::EventType_obj::__boot() in 0fe2c9ec_EventType.o
  "_wxEVT_DATAVIEW_ITEM_VALUE_CHANGED", referenced from:
      wx::widgets::EventType_obj::__boot() in 0fe2c9ec_EventType.o
  "_wxEVT_DATAVIEW_SELECTION_CHANGED", referenced from:
      wx::widgets::EventType_obj::__boot() in 0fe2c9ec_EventType.o
  "_wxEVT_DROP_FILES", referenced from:
      wx::widgets::EventType_obj::__boot() in 0fe2c9ec_EventType.o
  "_wxEVT_END_PROCESS", referenced from:
      wx::widgets::EventType_obj::__boot() in 0fe2c9ec_EventType.o
  "_wxEVT_ENTER_WINDOW", referenced from:
      wx::widgets::EventType_obj::__boot() in 0fe2c9ec_EventType.o
  "_wxEVT_ERASE_BACKGROUND", referenced from:
      wx::widgets::EventType_obj::__boot() in 0fe2c9ec_EventType.o
  "_wxEVT_ICONIZE", referenced from:
      wx::widgets::EventType_obj::__boot() in 0fe2c9ec_EventType.o
  "_wxEVT_IDLE", referenced from:
      wx::widgets::EventType_obj::__boot() in 0fe2c9ec_EventType.o
  "_wxEVT_KILL_FOCUS", referenced from:
      wx::widgets::EventType_obj::__boot() in 0fe2c9ec_EventType.o
  "_wxEVT_LEAVE_WINDOW", referenced from:
      wx::widgets::EventType_obj::__boot() in 0fe2c9ec_EventType.o
  "_wxEVT_LEFT_DCLICK", referenced from:
      wx::widgets::EventType_obj::__boot() in 0fe2c9ec_EventType.o
  "_wxEVT_LEFT_DOWN", referenced from:
      wx::widgets::EventType_obj::__boot() in 0fe2c9ec_EventType.o
  "_wxEVT_LEFT_UP", referenced from:
      wx::widgets::EventType_obj::__boot() in 0fe2c9ec_EventType.o
  "_wxEVT_LIST_ITEM_SELECTED", referenced from:
      wx::widgets::EventType_obj::__boot() in 0fe2c9ec_EventType.o
  "_wxEVT_MENU", referenced from:
      wx::widgets::EventType_obj::__boot() in 0fe2c9ec_EventType.o
  "_wxEVT_MIDDLE_DCLICK", referenced from:
      wx::widgets::EventType_obj::__boot() in 0fe2c9ec_EventType.o
  "_wxEVT_MIDDLE_DOWN", referenced from:
      wx::widgets::EventType_obj::__boot() in 0fe2c9ec_EventType.o
  "_wxEVT_MIDDLE_UP", referenced from:
      wx::widgets::EventType_obj::__boot() in 0fe2c9ec_EventType.o
  "_wxEVT_MOTION", referenced from:
      wx::widgets::EventType_obj::__boot() in 0fe2c9ec_EventType.o
  "_wxEVT_MOUSEWHEEL", referenced from:
      wx::widgets::EventType_obj::__boot() in 0fe2c9ec_EventType.o
  "_wxEVT_MOUSE_CAPTURE_LOST", referenced from:
      wx::widgets::EventType_obj::__boot() in 0fe2c9ec_EventType.o
  "_wxEVT_NAVIGATION_KEY", referenced from:
      wxNavigationEnabled<wxWindow>::wxNavigationEnabled() in edf3cd3c_Panel.o
      wxNavigationEnabled<wxWindow>::wxNavigationEnabled() in edf3cd3c_ScrolledWindow.o
      wxNavigationEnabled<wxListCtrlBase>::wxNavigationEnabled() in edf3cd3c_ListView.o
      wxNavigationEnabled<wxListCtrlBase>::wxNavigationEnabled() in edf3cd3c_ListCtrl.o
      wxNavigationEnabled<wxWindow>::wxNavigationEnabled() in e5d20a70_wxownerdrawnpanel.o
  "_wxEVT_NOTEBOOK_PAGE_CHANGED", referenced from:
      wx::widgets::EventType_obj::__boot() in 0fe2c9ec_EventType.o
  "_wxEVT_PAINT", referenced from:
      wx::widgets::EventType_obj::__boot() in 0fe2c9ec_EventType.o
      wxOwnerDrawnPanel::wxOwnerDrawnPanel(wxWindow*) in e5d20a70_wxownerdrawnpanel.o
  "_wxEVT_PG_CHANGED", referenced from:
      wx::widgets::EventType_obj::__boot() in 0fe2c9ec_EventType.o
  "_wxEVT_RADIOBUTTON", referenced from:
      wx::widgets::EventType_obj::__boot() in 0fe2c9ec_EventType.o
  "_wxEVT_RIGHT_DCLICK", referenced from:
      wx::widgets::EventType_obj::__boot() in 0fe2c9ec_EventType.o
  "_wxEVT_RIGHT_DOWN", referenced from:
      wx::widgets::EventType_obj::__boot() in 0fe2c9ec_EventType.o
  "_wxEVT_RIGHT_UP", referenced from:
      wx::widgets::EventType_obj::__boot() in 0fe2c9ec_EventType.o
  "_wxEVT_SCROLL_THUMBRELEASE", referenced from:
      wx::widgets::EventType_obj::__boot() in 0fe2c9ec_EventType.o
  "_wxEVT_SCROLL_THUMBTRACK", referenced from:
      wx::widgets::EventType_obj::__boot() in 0fe2c9ec_EventType.o
  "_wxEVT_SET_FOCUS", referenced from:
      wxNavigationEnabled<wxWindow>::wxNavigationEnabled() in edf3cd3c_Panel.o
      wxNavigationEnabled<wxWindow>::wxNavigationEnabled() in edf3cd3c_ScrolledWindow.o
      wx::widgets::EventType_obj::__boot() in 0fe2c9ec_EventType.o
      wxNavigationEnabled<wxListCtrlBase>::wxNavigationEnabled() in edf3cd3c_ListView.o
      wxNavigationEnabled<wxListCtrlBase>::wxNavigationEnabled() in edf3cd3c_ListCtrl.o
      wxNavigationEnabled<wxWindow>::wxNavigationEnabled() in e5d20a70_wxownerdrawnpanel.o
  "_wxEVT_SIZE", referenced from:
      wx::widgets::EventType_obj::__boot() in 0fe2c9ec_EventType.o
  "_wxEVT_SLIDER", referenced from:
      wx::widgets::EventType_obj::__boot() in 0fe2c9ec_EventType.o
  "_wxEVT_SPINCTRL", referenced from:
      wx::widgets::EventType_obj::__boot() in 0fe2c9ec_EventType.o
  "_wxEVT_TEXT", referenced from:
      wx::widgets::EventType_obj::__boot() in 0fe2c9ec_EventType.o
  "_wxEVT_TEXT_ENTER", referenced from:
      wx::widgets::EventType_obj::__boot() in 0fe2c9ec_EventType.o
  "_wxEVT_TEXT_MAXLEN", referenced from:
      wx::widgets::EventType_obj::__boot() in 0fe2c9ec_EventType.o
  "_wxEVT_TEXT_URL", referenced from:
      wx::widgets::EventType_obj::__boot() in 0fe2c9ec_EventType.o
  "_wxEVT_THREAD", referenced from:
      wx::widgets::EventType_obj::__boot() in 0fe2c9ec_EventType.o
  "_wxEVT_TIMER", referenced from:
      wx::widgets::EventType_obj::__boot() in 0fe2c9ec_EventType.o
  "_wxEVT_TOGGLEBUTTON", referenced from:
      wx::widgets::EventType_obj::__boot() in 0fe2c9ec_EventType.o
  "_wxEVT_TREE_SEL_CHANGED", referenced from:
      wx::widgets::EventType_obj::__boot() in 0fe2c9ec_EventType.o
  "_wxEmptyString", referenced from:
      hx::widgets::Button_obj::__construct(hx::ObjectPtr<hx::widgets::Window_obj>, String, hx::Null<int>, hx::Null<int>) in edf3cd3c_Button.o
      hx::widgets::Menu_obj::appendCheckItem(int, String) in edf3cd3c_Menu.o
      hx::widgets::Menu_obj::appendRadioItem(int, String) in edf3cd3c_Menu.o
      wxMenuBase::AppendSeparator() in edf3cd3c_Menu.o
      hx::widgets::Menu_obj::appendSubMenu(hx::ObjectPtr<hx::widgets::Menu_obj>, String) in edf3cd3c_Menu.o
  "_wxFileDialogNameStr", referenced from:
      hx::widgets::FileDialog_obj::__construct(hx::ObjectPtr<hx::widgets::Window_obj>, String, String, String, String, hx::Null<int>) in edf3cd3c_FileDialog.o
  "_wxFrameNameStr", referenced from:
      hx::widgets::Frame_obj::__construct(hx::ObjectPtr<hx::widgets::Window_obj>, String, hx::Null<int>, hx::Null<int>) in edf3cd3c_Frame.o
  "_wxGaugeNameStr", referenced from:
      hx::widgets::Gauge_obj::__construct(hx::ObjectPtr<hx::widgets::Window_obj>, hx::Null<int>, hx::Null<int>, hx::Null<int>) in edf3cd3c_Gauge.o
  "_wxHyperlinkCtrlNameStr", referenced from:
      hx::widgets::HyperlinkCtrl_obj::__construct(hx::ObjectPtr<hx::widgets::Window_obj>, String, String, hx::Null<int>, hx::Null<int>) in edf3cd3c_HyperlinkCtrl.o
  "_wxListCtrlNameStr", referenced from:
      hx::widgets::ListView_obj::__construct(hx::ObjectPtr<hx::widgets::Window_obj>, hx::Null<int>, hx::Null<int>) in edf3cd3c_ListView.o
      hx::widgets::ListCtrl_obj::__construct(hx::ObjectPtr<hx::widgets::Window_obj>, hx::Null<int>, hx::Null<int>) in edf3cd3c_ListCtrl.o
  "_wxNotebookNameStr", referenced from:
      hx::widgets::Notebook_obj::__construct(hx::ObjectPtr<hx::widgets::Window_obj>, hx::Null<int>, hx::Null<int>) in edf3cd3c_Notebook.o
  "_wxNullColour", referenced from:
      hx::widgets::Window_obj::set_backgroundColour(Dynamic) in edf3cd3c_Window.o
      hx::widgets::Window_obj::set_foregroundColour(Dynamic) in edf3cd3c_Window.o
  "_wxPanelNameStr", referenced from:
      hx::widgets::Panel_obj::__construct(hx::ObjectPtr<hx::widgets::Window_obj>, hx::Null<int>, hx::Null<int>) in edf3cd3c_Panel.o
      hx::widgets::ScrolledWindow_obj::__construct(hx::ObjectPtr<hx::widgets::Window_obj>, hx::Null<int>, hx::Null<int>) in edf3cd3c_ScrolledWindow.o
      wxOwnerDrawnPanel::wxOwnerDrawnPanel(wxWindow*) in e5d20a70_wxownerdrawnpanel.o
  "_wxRadioButtonNameStr", referenced from:
      hx::widgets::RadioButton_obj::__construct(hx::ObjectPtr<hx::widgets::Window_obj>, String, hx::Null<int>, hx::Null<int>) in edf3cd3c_RadioButton.o
  "_wxSliderNameStr", referenced from:
      hx::widgets::Slider_obj::__construct(hx::ObjectPtr<hx::widgets::Window_obj>, hx::Null<int>, hx::Null<int>, hx::Null<int>, hx::Null<int>, hx::Null<int>) in edf3cd3c_Slider.o
  "_wxStaticBitmapNameStr", referenced from:
      hx::widgets::StaticBitmap_obj::__construct(hx::ObjectPtr<hx::widgets::Window_obj>, hx::ObjectPtr<hx::widgets::Bitmap_obj>, hx::Null<int>) in edf3cd3c_StaticBitmap.o
  "_wxStaticBoxNameStr", referenced from:
      hx::widgets::StaticBox_obj::__construct(hx::ObjectPtr<hx::widgets::Window_obj>, String, hx::Null<int>) in edf3cd3c_StaticBox.o
  "_wxStaticTextNameStr", referenced from:
      hx::widgets::StaticText_obj::__construct(hx::ObjectPtr<hx::widgets::Window_obj>, String, hx::Null<int>, hx::Null<int>) in edf3cd3c_StaticText.o
  "_wxTextCtrlNameStr", referenced from:
      hx::widgets::TextCtrl_obj::__construct(hx::ObjectPtr<hx::widgets::Window_obj>, String, hx::Null<int>, hx::Null<int>) in edf3cd3c_TextCtrl.o
  "_wxTheAssertHandler", referenced from:
      hx::widgets::ArrayString_obj::item(int) in edf3cd3c_ArrayString.o
      wxNavigationEnabled<wxWindow>::wxNavigationEnabled() in edf3cd3c_Panel.o
      wxEventFunctorMethod<wxEventTypeTag<wxNavigationKeyEvent>, wxNavigationEnabled<wxWindow>, wxNavigationKeyEvent, wxNavigationEnabled<wxWindow> >::operator()(wxEvtHandler*, wxEvent&) in edf3cd3c_Panel.o
      wxEventFunctorMethod<wxEventTypeTag<wxFocusEvent>, wxNavigationEnabled<wxWindow>, wxFocusEvent, wxNavigationEnabled<wxWindow> >::operator()(wxEvtHandler*, wxEvent&) in edf3cd3c_Panel.o
      wxEventFunctorMethod<wxEventTypeTag<wxChildFocusEvent>, wxNavigationEnabled<wxWindow>, wxChildFocusEvent, wxNavigationEnabled<wxWindow> >::operator()(wxEvtHandler*, wxEvent&) in edf3cd3c_Panel.o
      wxNavigationEnabled<wxWindow>::wxNavigationEnabled() in edf3cd3c_ScrolledWindow.o
      wxEventFunctorMethod<wxEventTypeTag<wxNavigationKeyEvent>, wxNavigationEnabled<wxWindow>, wxNavigationKeyEvent, wxNavigationEnabled<wxWindow> >::operator()(wxEvtHandler*, wxEvent&) in edf3cd3c_ScrolledWindow.o
      ...
  "_wxTrapInAssert", referenced from:
      hx::widgets::ArrayString_obj::item(int) in edf3cd3c_ArrayString.o
      wxNavigationEnabled<wxWindow>::wxNavigationEnabled() in edf3cd3c_Panel.o
      wxEventFunctorMethod<wxEventTypeTag<wxNavigationKeyEvent>, wxNavigationEnabled<wxWindow>, wxNavigationKeyEvent, wxNavigationEnabled<wxWindow> >::operator()(wxEvtHandler*, wxEvent&) in edf3cd3c_Panel.o
      wxEventFunctorMethod<wxEventTypeTag<wxFocusEvent>, wxNavigationEnabled<wxWindow>, wxFocusEvent, wxNavigationEnabled<wxWindow> >::operator()(wxEvtHandler*, wxEvent&) in edf3cd3c_Panel.o
      wxEventFunctorMethod<wxEventTypeTag<wxChildFocusEvent>, wxNavigationEnabled<wxWindow>, wxChildFocusEvent, wxNavigationEnabled<wxWindow> >::operator()(wxEvtHandler*, wxEvent&) in edf3cd3c_Panel.o
      wxNavigationEnabled<wxWindow>::wxNavigationEnabled() in edf3cd3c_ScrolledWindow.o
      wxEventFunctorMethod<wxEventTypeTag<wxNavigationKeyEvent>, wxNavigationEnabled<wxWindow>, wxNavigationKeyEvent, wxNavigationEnabled<wxWindow> >::operator()(wxEvtHandler*, wxEvent&) in edf3cd3c_ScrolledWindow.o
      ...
ld: symbol(s) not found for architecture x86_64
clang: error: linker command failed with exit code 1 (use -v to see invocation)
Error: Build failed
bushtrain460615@Bushtrain460615 00-Showcase % 
